[  1%] Built target flatbuffers
[  4%] Built target glfw
[ 12%] Built target flatc
[ 12%] Building CXX object CMakeFiles/earthcall_webgpu.dir/src/Singularity/Core/Engine.cpp.o
[ 12%] Building CXX object CMakeFiles/earthcall_core.dir/src/Singularity/Core/Engine.cpp.o
In file included from /Users/zacharyzhang/Documents/GitHub/Earthcall/src/Singularity/Core/Engine.cpp:1:
In file included from /Users/zacharyzhang/Documents/GitHub/Earthcall/src/Singularity/Core/Engine.hpp:2:
In file included from /Users/zacharyzhang/Documents/GitHub/Earthcall/src/ZonesOfEarth/Ourverse/Ourverse.hpp:8:
In file included from /Users/zacharyzhang/Documents/GitHub/Earthcall/src/ZonesOfEarth/Ourverse/../Zone/Zone.hpp:6:
In file included from /Users/zacharyzhang/Documents/GitHub/Earthcall/src/ZonesOfEarth/Ourverse/../Zone/../World/World.hpp:5:
/Users/zacharyzhang/Documents/GitHub/Earthcall/src/ConstructedBeing/Object/Object.hpp:387:17: warning: 9 enumeration values not handled in switch: 'Ellipsoid', 'Ovoid', 'Paraboloid'... [-Wswitch]
  387 |         switch (t) {
      |                 ^
/Users/zacharyzhang/Documents/GitHub/Earthcall/src/ConstructedBeing/Object/Object.hpp:387:17: note: add missing switch cases
  387 |         switch (t) {
      |                 ^
  388 |             case ShapeKind::Cube:       _shapeKind = ShapeKind::Cube;       break;
  389 |             case ShapeKind::Polyhedron: _shapeKind = ShapeKind::Polyhedron; break;
  390 |             case ShapeKind::Sphere:     _shapeKind = ShapeKind::Sphere;     setSmoothSurface(geom::makeSphere());     break;
  391 |             case ShapeKind::Cylinder:   _shapeKind = ShapeKind::Cylinder;   setComplexShape(geom::cappedCylinder());  break;
  392 |             case ShapeKind::Cone:       _shapeKind = ShapeKind::Cone;       setComplexShape(geom::cappedCone());       break;
  393 |         }
In file included from /Users/zacharyzhang/Documents/GitHub/Earthcall/src/Singularity/Core/Engine.cpp:1:
In file included from /Users/zacharyzhang/Documents/GitHub/Earthcall/src/Singularity/Core/Engine.hpp:2:
In file included from /Users/zacharyzhang/Documents/GitHub/Earthcall/src/ZonesOfEarth/Ourverse/Ourverse.hpp:9:
In file included from /Users/zacharyzhang/Documents/GitHub/Earthcall/src/ZonesOfEarth/Ourverse/../HomesOfEarth/Home.hpp:5:
/Users/zacharyzhang/Documents/GitHub/Earthcall/src/ZonesOfEarth/Ourverse/../HomesOfEarth/../../Person/Person.hpp:125:60: warning: comparison of integers of different signs: 'int' and 'size_type' (aka 'unsigned long') [-Wsign-compare]
  125 |     void setActiveBody(int index) { if(index >= 0 && index < bodies.size()) activeBodyIndex = index; }
      |                                                      ~~~~~ ^ ~~~~~~~~~~~~~
In file included from /Users/zacharyzhang/Documents/GitHub/Earthcall/src/Singularity/Core/Engine.cpp:1:
/Users/zacharyzhang/Documents/GitHub/Earthcall/src/Singularity/Core/Engine.hpp:72:49: warning: unused parameter 'type' [-Wunused-parameter]
   72 |     template<typename T> void begin2DToolDrag(T type, glm::vec2 pos) { _is2DToolDragging = true; _dragStart = pos; _dragCurrent = pos; }
      |                                                 ^
/Users/zacharyzhang/Documents/GitHub/Earthcall/src/Singularity/Core/Engine.hpp:74:50: warning: unused parameter 'type' [-Wunused-parameter]
   74 |     template<typename T> bool is2DToolDragging(T type) const { return _is2DToolDragging; }
      |                                                  ^
/Users/zacharyzhang/Documents/GitHub/Earthcall/src/Singularity/Core/Engine.hpp:85:30: warning: unused parameter 'index' [-Wunused-parameter]
   85 |     void setCurrentColor(int index, float val) {} // dummy for now
      |                              ^
/Users/zacharyzhang/Documents/GitHub/Earthcall/src/Singularity/Core/Engine.hpp:85:43: warning: unused parameter 'val' [-Wunused-parameter]
   85 |     void setCurrentColor(int index, float val) {} // dummy for now
      |                                           ^
/Users/zacharyzhang/Documents/GitHub/Earthcall/src/Singularity/Core/Engine.hpp:145:37: warning: unused parameter 'x' [-Wunused-parameter]
  145 |     void setRotateLastCursor(double x, double y) {}
      |                                     ^
/Users/zacharyzhang/Documents/GitHub/Earthcall/src/Singularity/Core/Engine.hpp:145:47: warning: unused parameter 'y' [-Wunused-parameter]
  145 |     void setRotateLastCursor(double x, double y) {}
      |                                               ^
In file included from /Users/zacharyzhang/Documents/GitHub/Earthcall/src/Singularity/Core/Engine.cpp:1:
In file included from /Users/zacharyzhang/Documents/GitHub/Earthcall/src/Singularity/Core/Engine.hpp:2:
In file included from /Users/zacharyzhang/Documents/GitHub/Earthcall/src/ZonesOfEarth/Ourverse/Ourverse.hpp:8:
In file included from /Users/zacharyzhang/Documents/GitHub/Earthcall/src/ZonesOfEarth/Ourverse/../Zone/Zone.hpp:6:
In file included from /Users/zacharyzhang/Documents/GitHub/Earthcall/src/ZonesOfEarth/Ourverse/../Zone/../World/World.hpp:5:
/Users/zacharyzhang/Documents/GitHub/Earthcall/src/ConstructedBeing/Object/Object.hpp:387:17: warning: 9 enumeration values not handled in switch: 'Ellipsoid', 'Ovoid', 'Paraboloid'... [-Wswitch]
  387 |         switch (t) {
      |                 ^
/Users/zacharyzhang/Documents/GitHub/Earthcall/src/ConstructedBeing/Object/Object.hpp:387:17: note: add missing switch cases
  387 |         switch (t) {
      |                 ^
  388 |             case ShapeKind::Cube:       _shapeKind = ShapeKind::Cube;       break;
  389 |             case ShapeKind::Polyhedron: _shapeKind = ShapeKind::Polyhedron; break;
  390 |             case ShapeKind::Sphere:     _shapeKind = ShapeKind::Sphere;     setSmoothSurface(geom::makeSphere());     break;
  391 |             case ShapeKind::Cylinder:   _shapeKind = ShapeKind::Cylinder;   setComplexShape(geom::cappedCylinder());  break;
  392 |             case ShapeKind::Cone:       _shapeKind = ShapeKind::Cone;       setComplexShape(geom::cappedCone());       break;
  393 |         }
In file included from /Users/zacharyzhang/Documents/GitHub/Earthcall/src/Singularity/Core/Engine.cpp:1:
In file included from /Users/zacharyzhang/Documents/GitHub/Earthcall/src/Singularity/Core/Engine.hpp:2:
In file included from /Users/zacharyzhang/Documents/GitHub/Earthcall/src/ZonesOfEarth/Ourverse/Ourverse.hpp:9:
In file included from /Users/zacharyzhang/Documents/GitHub/Earthcall/src/ZonesOfEarth/Ourverse/../HomesOfEarth/Home.hpp:5:
/Users/zacharyzhang/Documents/GitHub/Earthcall/src/ZonesOfEarth/Ourverse/../HomesOfEarth/../../Person/Person.hpp:125:60: warning: comparison of integers of different signs: 'int' and 'size_type' (aka 'unsigned long') [-Wsign-compare]
  125 |     void setActiveBody(int index) { if(index >= 0 && index < bodies.size()) activeBodyIndex = index; }
      |                                                      ~~~~~ ^ ~~~~~~~~~~~~~
In file included from /Users/zacharyzhang/Documents/GitHub/Earthcall/src/Singularity/Core/Engine.cpp:1:
/Users/zacharyzhang/Documents/GitHub/Earthcall/src/Singularity/Core/Engine.hpp:72:49: warning: unused parameter 'type' [-Wunused-parameter]
   72 |     template<typename T> void begin2DToolDrag(T type, glm::vec2 pos) { _is2DToolDragging = true; _dragStart = pos; _dragCurrent = pos; }
      |                                                 ^
/Users/zacharyzhang/Documents/GitHub/Earthcall/src/Singularity/Core/Engine.hpp:74:50: warning: unused parameter 'type' [-Wunused-parameter]
   74 |     template<typename T> bool is2DToolDragging(T type) const { return _is2DToolDragging; }
      |                                                  ^
/Users/zacharyzhang/Documents/GitHub/Earthcall/src/Singularity/Core/Engine.hpp:85:30: warning: unused parameter 'index' [-Wunused-parameter]
   85 |     void setCurrentColor(int index, float val) {} // dummy for now
      |                              ^
/Users/zacharyzhang/Documents/GitHub/Earthcall/src/Singularity/Core/Engine.hpp:85:43: warning: unused parameter 'val' [-Wunused-parameter]
   85 |     void setCurrentColor(int index, float val) {} // dummy for now
      |                                           ^
/Users/zacharyzhang/Documents/GitHub/Earthcall/src/Singularity/Core/Engine.hpp:145:37: warning: unused parameter 'x' [-Wunused-parameter]
  145 |     void setRotateLastCursor(double x, double y) {}
      |                                     ^
/Users/zacharyzhang/Documents/GitHub/Earthcall/src/Singularity/Core/Engine.hpp:145:47: warning: unused parameter 'y' [-Wunused-parameter]
  145 |     void setRotateLastCursor(double x, double y) {}
      |                                               ^
8 warnings generated.
[ 12%] Linking CXX executable earthcall_webgpu
8 warnings generated.
[ 45%] Built target earthcall_core
[ 45%] Linking CXX executable migrate_identities
[ 46%] Linking CXX executable binary_packing_test
[ 46%] Linking CXX executable channel_paths_test
[ 46%] Linking CXX executable change_recorder_test
[ 47%] Linking CXX executable earthcall
[ 47%] Linking CXX executable action_spawn_test
[ 47%] Linking CXX executable basic_cube_law_test
[ 47%] Built target earthcall
[ 47%] Built target basic_cube_law_test
[ 47%] Built target migrate_identities
[ 47%] Built target change_recorder_test
[ 47%] Built target channel_paths_test
[ 47%] Built target action_spawn_test
[ 47%] Built target binary_packing_test
[ 47%] Linking CXX executable frontier_test
[ 47%] Linking CXX executable foreign_integration_test
[ 48%] Linking CXX executable formation_merge_test
[ 48%] Linking CXX executable formation_topology_test
[ 48%] Linking CXX executable first_mover_test
[ 48%] Linking CXX executable continuous_law_test
[ 50%] Linking CXX executable constitution_test
[ 81%] Built target earthcall_webgpu
[ 81%] Linking CXX executable geometry_cache_test
[ 81%] Built target frontier_test
[ 81%] Built target foreign_integration_test
[ 81%] Linking CXX executable glu_compat_test
[ 81%] Built target formation_merge_test
[ 81%] Linking CXX executable ground_plane_test
[ 81%] Linking CXX executable identity_test
[ 82%] Built target geometry_cache_test
[ 82%] Built target continuous_law_test
[ 83%] Built target first_mover_test
[ 84%] Linking CXX executable infrasound_floor_test
[ 84%] Linking CXX executable law_audit_test
[ 85%] Built target constitution_test
[ 85%] Built target formation_topology_test
[ 85%] Linking CXX executable law_creation_test
[ 85%] Linking CXX executable law_graph_test
[ 85%] Linking CXX executable law_loop_test
[ 85%] Built target identity_test
[ 85%] Built target glu_compat_test
[ 86%] Built target ground_plane_test
[ 86%] Linking CXX executable law_persistence_test
[ 87%] Linking CXX executable law_model_test
[ 87%] Linking CXX executable law_reversal_test
[ 87%] Built target law_audit_test
[ 87%] Linking CXX executable logos_modality_test
[ 87%] Built target law_loop_test
[ 87%] Built target infrasound_floor_test
[ 87%] Built target law_creation_test
[ 88%] Built target law_graph_test
[ 88%] Linking CXX executable material_being_test
[ 89%] Linking CXX executable material_render_test
[ 89%] Linking CXX executable metalaw_test
[ 89%] Linking CXX executable no_black_box_test
[ 89%] Built target law_model_test
[ 89%] Built target law_persistence_test
[ 89%] Built target law_reversal_test
[ 90%] Linking CXX executable object_roundtrip_test
[ 90%] Linking CXX executable ontomath_sounding_test
[ 90%] Linking CXX executable object_concept_test
[ 91%] Built target logos_modality_test
[ 91%] Linking CXX executable ontomath_test
[ 91%] Built target material_render_test
[ 91%] Built target material_being_test
[ 91%] Linking CXX executable paint_test
[ 91%] Linking CXX executable person_migration_test
[ 91%] Built target metalaw_test
[ 92%] Linking CXX executable primitive_render_test
[ 93%] Built target no_black_box_test
[ 93%] Built target object_roundtrip_test
[ 93%] Linking CXX executable property_bridge_test
[ 93%] Linking CXX executable rete_compile_test
[ 93%] Built target object_concept_test
[ 93%] Built target ontomath_sounding_test
[ 93%] Linking CXX executable serialization_compat_test
[ 93%] Linking CXX executable singular_set_to_set_test
[ 94%] Built target paint_test
[ 94%] Built target person_migration_test
[ 94%] Built target ontomath_test
[ 95%] Linking CXX executable test_field
[ 95%] Linking CXX executable time_flow_test
[ 95%] Linking CXX executable webgpu_object_test
[ 95%] Built target rete_compile_test
[ 95%] Built target property_bridge_test
[ 96%] Built target serialization_compat_test
[ 96%] Built target singular_set_to_set_test
[ 96%] Built target primitive_render_test
[ 97%] Linking CXX executable zone_being_test
[ 97%] Linking CXX executable webgpu_sdf_parity_test
[ 97%] Built target test_field
[ 97%] Built target time_flow_test
[ 98%] Built target webgpu_object_test
[ 98%] Built target zone_being_test
[100%] Built target webgpu_sdf_parity_test
