[  8%] Built target glfw
[  8%] Building CXX object CMakeFiles/earthcall_core.dir/src/Person/Body/BodyPart/Limb/ForeLeg.cpp.o
[  8%] Building CXX object CMakeFiles/earthcall_core.dir/src/Person/Body/BodyPart/Limb/Neck.cpp.o
[  8%] Building CXX object CMakeFiles/earthcall_core.dir/src/Person/Body/BodyPart/Limb/Leg.cpp.o
[  8%] Building CXX object CMakeFiles/earthcall_core.dir/src/OurVerse/Tool.cpp.o
[  8%] Building CXX object CMakeFiles/earthcall_core.dir/src/Person/Body/BodyPart/Limb/Hand.cpp.o
[ 10%] Building CXX object CMakeFiles/earthcall_core.dir/src/Person/Body/BodyPart/Limb/Shoulder.cpp.o
[ 10%] Building CXX object CMakeFiles/earthcall_core.dir/src/Person/Body/BodyPart/Limb/Torso.cpp.o
[ 10%] Building CXX object CMakeFiles/earthcall_core.dir/src/OurVerse/CursorTools.cpp.o
In file included from /Users/zacharyzhang/Documents/GitHub/Earthcall/src/Person/Body/BodyPart/Limb/Shoulder.cpp:1:
In file included from /Users/zacharyzhang/Documents/GitHub/Earthcall/src/Person/Body/BodyPart/Limb/Shoulder.hpp:2:
In file included from /Users/zacharyzhang/Documents/GitHub/Earthcall/src/Person/Body/BodyPart/Limb/../Limb.hpp:2:
In file included from /Users/zacharyzhang/Documents/GitHub/Earthcall/src/Person/Body/BodyPart/Limb/../BodyPart.hpp:6:
In file included from /Users/zacharyzhang/Documents/GitHub/Earthcall/src/ConstructedBeing/Object/Object.hpp:35:
/Users/zacharyzhang/Documents/GitHub/Earthcall/src/ConstructedBeing/Object/Object/PolyhedronData.hpp:12:1: warning: 'PolyhedronData' defined as a struct here but previously declared as a class; this is valid, but may result in linker errors under the Microsoft C++ ABI [-Wmismatched-tags]
   12 | struct PolyhedronData {
      | ^
/Users/zacharyzhang/Documents/GitHub/Earthcall/src/ConstructedBeing/Object/Object/ObjectTypes.hpp:24:1: note: did you mean struct here?
   24 | class PolyhedronData;
      | ^~~~~
      | struct
In file included from /Users/zacharyzhang/Documents/GitHub/Earthcall/src/Person/Body/BodyPart/Limb/Leg.cpp:1:
In file included from /Users/zacharyzhang/Documents/GitHub/Earthcall/src/Person/Body/BodyPart/Limb/Leg.hpp:2:
In file included from /Users/zacharyzhang/Documents/GitHub/Earthcall/src/Person/Body/BodyPart/Limb/../Limb.hpp:2:
In file included from /Users/zacharyzhang/Documents/GitHub/Earthcall/src/Person/Body/BodyPart/Limb/../BodyPart.hpp:6:
In file included from /Users/zacharyzhang/Documents/GitHub/Earthcall/src/ConstructedBeing/Object/Object.hpp:35:
/Users/zacharyzhang/Documents/GitHub/Earthcall/src/ConstructedBeing/Object/Object/PolyhedronData.hpp:12:1: warning: 'PolyhedronData' defined as a struct here but previously declared as a class; this is valid, but may result in linker errors under the Microsoft C++ ABI [-Wmismatched-tags]
   12 | struct PolyhedronData {
      | ^
/Users/zacharyzhang/Documents/GitHub/Earthcall/src/ConstructedBeing/Object/Object/ObjectTypes.hpp:24:1: note: did you mean struct here?
   24 | class PolyhedronData;
      | ^~~~~
      | struct
In file included from /Users/zacharyzhang/Documents/GitHub/Earthcall/src/Person/Body/BodyPart/Limb/Leg.cpp:1:
In file included from /Users/zacharyzhang/Documents/GitHub/Earthcall/src/Person/Body/BodyPart/Limb/Leg.hpp:2:
In file included from /Users/zacharyzhang/Documents/GitHub/Earthcall/src/Person/Body/BodyPart/Limb/../Limb.hpp:2:
In file included from /Users/zacharyzhang/Documents/GitHub/Earthcall/src/Person/Body/BodyPart/Limb/../BodyPart.hpp:6:
In file included from /Users/zacharyzhang/Documents/GitHub/Earthcall/src/ConstructedBeing/Object/Object.hpp:36:
In file included from /Users/zacharyzhang/Documents/GitHub/Earthcall/src/ConstructedBeing/Object/Object/FaceTexture.hpp:3:
In file included from /Users/zacharyzhang/Documents/GitHub/Earthcall/src/Rendering/Renderer.hpp:4:
/Users/zacharyzhang/Documents/GitHub/Earthcall/src/ConstructedBeing/Object/Geometry/SmoothSurface.hpp:23:1: warning: 'TessMesh' defined as a struct here but previously declared as a class; this is valid, but may result in linker errors under the Microsoft C++ ABI [-Wmismatched-tags]
   23 | struct TessMesh {
      | ^
/Users/zacharyzhang/Documents/GitHub/Earthcall/src/ConstructedBeing/Object/Object/ObjectTypes.hpp:20:5: note: did you mean struct here?
   20 |     class TessMesh;
      |     ^~~~~
      |     struct
In file included from /Users/zacharyzhang/Documents/GitHub/Earthcall/src/Person/Body/BodyPart/Limb/Neck.cpp:1:
In file included from /Users/zacharyzhang/Documents/GitHub/Earthcall/src/Person/Body/BodyPart/Limb/Neck.hpp:2:
In file included from /Users/zacharyzhang/Documents/GitHub/Earthcall/src/Person/Body/BodyPart/Limb/../Limb.hpp:2:
In file included from /Users/zacharyzhang/Documents/GitHub/Earthcall/src/Person/Body/BodyPart/Limb/../BodyPart.hpp:6:
In file included from /Users/zacharyzhang/Documents/GitHub/Earthcall/src/ConstructedBeing/Object/Object.hpp:35:
/Users/zacharyzhang/Documents/GitHub/Earthcall/src/ConstructedBeing/Object/Object/PolyhedronData.hpp:12:1: warning: 'PolyhedronData' defined as a struct here but previously declared as a class; this is valid, but may result in linker errors under the Microsoft C++ ABI [-Wmismatched-tags]
   12 | struct PolyhedronData {
      | ^
/Users/zacharyzhang/Documents/GitHub/Earthcall/src/ConstructedBeing/Object/Object/ObjectTypes.hpp:24:1: note: did you mean struct here?
   24 | class PolyhIn file included from /Users/zacharyzhang/Documents/GitHub/Earthcall/src/Person/Body/BodyPart/Limb/Leg.cpp:1:
In file included from /Users/zacharyzhang/Documents/GitHub/Earthcall/src/Person/Body/BodyPart/Limb/Leg.hpp:2:
In file included from /Users/zacharyzhang/Documents/GitHub/Earthcall/src/Person/Body/BodyPart/Limb/../Limb.hpp:2:
In file included from /Users/zacharyzhang/Documents/GitHub/Earthcall/src/Person/Body/BodyPart/Limb/../BodyPart.hpp:6:
In file included from /Users/zacharyzhang/Documents/GitHub/Earthcall/src/ConstructedBeing/Object/Object.hpp:36:
In file included from /Users/zacharyzhang/Documents/GitHub/Earthcall/src/ConstructedBeing/Object/Object/FaceTexture.hpp:3:
In file included from /Users/zacharyzhang/Documents/GitHub/Earthcall/src/Rendering/Renderer.hpp:4:
/Users/zacharyzhang/Documents/GitHub/Earthcall/src/ConstructedBeing/Object/Geometry/SmoothSurface.hpp:27:1: warning: 'SmoothSurfaceData' defined as a struct here but previously declared as a class; this is valid, but may result in linker errors under the Microsoft C++ ABI [-Wmismatched-tags]
   27 | struct SmoothSurfaceData {
      | ^
e/Users/zacharyzhang/Documents/GitHub/Earthcall/src/ConstructedBeing/Object/Object/ObjectTypes.hpp:17:5: note: did you mean struct here?
   17 |     cdronData;
      | ^~~~~
      | struct
lass SmoothSurfaceData;
      |     ^~~~~
      |     struct
In file included from /Users/zacharyzhang/Documents/GitHub/Earthcall/src/Person/Body/BodyPart/Limb/Shoulder.cpp:1:
In file included from /Users/zacharyzhang/Documents/GitHub/Earthcall/src/Person/Body/BodyPart/Limb/Shoulder.hpp:2:
In file included from /Users/zacharyzhang/Documents/GitHub/Earthcall/src/Person/Body/BodyPart/Limb/../Limb.hpp:2:
In file included from /Users/zacharyzhang/Documents/GitHub/Earthcall/src/Person/Body/BodyPart/Limb/../BodyPart.hpp:6:
In file included from /Users/zacharyzhang/Documents/GitHub/Earthcall/src/ConstructedBeing/Object/Object.hpp:36:
In file included from /Users/zacharyzhang/Documents/GitHub/Earthcall/src/ConstructedBeing/Object/Object/FaceTexture.hpp:3:
In file included from /Users/zacharyzhang/Documents/GitHub/Earthcall/src/Rendering/Renderer.hpp:4:
/Users/zacharyzhang/Documents/GitHub/Earthcall/src/ConstructedBeing/Object/Geometry/SmoothSurface.hpp:23:1: warning: 'TessMesh' defined as a struct here but previously declared as a class; this is valid, but may result in linker errors under the Microsoft C++ ABI [-Wmismatched-tags]
   23 | struct TessMesh {
      | ^
/Users/zacharyzhang/Documents/GitHub/Earthcall/src/ConstructedBeing/Object/Object/ObjectTypes.hpp:20:5: note: did you mean struct here?
   20 |     class TessMesh;
      |     ^~~~~
      |     struct
In file included from /Users/zacharyzhang/Documents/GitHub/Earthcall/src/Person/Body/BodyPart/Limb/Leg.cpp:1:
In file included from /Users/zacharyzhang/Documents/GitHub/Earthcall/src/Person/Body/BodyPart/Limb/Leg.hpp:2:
In file included from /Users/zacharyzhang/Documents/GitHub/Earthcall/src/Person/Body/BodyPart/Limb/../Limb.hpp:2:
In file included from /Users/zacharyzhang/Documents/GitHub/Earthcall/src/Person/Body/BodyPart/Limb/../BodyPart.hpp:6:
In file included from /Users/zacharyzhang/Documents/GitHub/Earthcall/src/ConstructedBeing/Object/Object.hpp:36:
In file included from /Users/zacharyzhang/Documents/GitHub/Earthcall/src/ConstructedBeing/Object/Object/FaceTexture.hpp:3:
/Users/zacharyzhang/Documents/GitHub/Earthcall/src/Rendering/Renderer.hpp:10:18: warning: struct 'SdfNode' was previously declared as a class; this is valid, but may result in linker errors under the Microsoft C++ ABI [-Wmismatched-tags]
   10 | namespace geom { struct SdfNode; class FieldNode; }
      |                  ^
/Users/zacharyzhang/Documents/GitHub/Earthcall/src/ConstructedBeing/Object/Object/ObjectTypes.hpp:19:11: note: previous use is here
   19 |     class SdfNode;
      |           ^
In file included from /Users/zacharyzhang/Documents/GitHub/Earthcall/src/Person/Body/BodyPart/Limb/Shoulder.cpp:1:
In file included from /Users/zacharyzhang/Documents/GitHub/Earthcall/src/Person/Body/BodyPart/Limb/Shoulder.hpp:2:
In file included from /Users/zacharyzhang/Documents/GitHub/Earthcall/src/Person/Body/BodyPart/Limb/../Limb.hpp:2:
In file included from /Users/zacharyzhang/Documents/GitHub/Earthcall/src/Person/Body/BodyPart/Limb/../BodyPart.hpp:6:
In file included from /Users/zacharyzhang/Documents/GitHub/Earthcall/src/ConstructedBeing/Object/Object.hpp:36:
In file included from /Users/zacharyzhang/Documents/GitHub/Earthcall/src/ConstructedBeing/Object/Object/FaceTexture.hpp:3:
In file included from /Users/zacharyzhang/Documents/GitHub/Earthcall/src/Rendering/Renderer.hpp:4:
/Users/zacharyzhang/Documents/GitHub/Earthcall/src/ConstructedBeing/Object/Geometry/SmoothSurface.hpp:27:1: warning: 'SmoothSurfaceData' defined as a struct here but previously declared as a class; this is valid, but may result in linker errors under the Microsoft C++ ABI [-Wmismatched-tags]
   27 | struct SmoothSurfaceData {
      | ^
/Users/zacharyzhang/Documents/GitHub/Earthcall/src/ConstructedBeing/Object/Object/ObjectTypes.hpp:17:5: note: did you mean struct here?
   17 |     class SmoothSurfaceData;
      |     ^~~~~
      |     struct
In file included from /Users/zacharyzhang/Documents/GitHub/Earthcall/src/Person/Body/BodyPart/Limb/Shoulder.cpp:1:
In file included from /Users/zacharyzhang/Documents/GitHub/Earthcall/src/Person/Body/BodyPart/Limb/Shoulder.hpp:2:
In file included from /Users/zacharyzhang/Documents/GitHub/Earthcall/src/Person/Body/BodyPart/Limb/../Limb.hpp:2:
In file included from /Users/zacharyzhang/Documents/GitHub/Earthcall/src/Person/Body/BodyPart/Limb/../BodyPart.hpp:6:
In file included from /Users/zacharyzhang/Documents/GitHub/Earthcall/src/ConstructedBeing/Object/Object.hpp:36:
In file included from /Users/zacharyzhang/Documents/GitHub/Earthcall/src/ConstructedBeing/Object/Object/FaceTexture.hpp:3:
/Users/zacharyzhang/Documents/GitHub/Earthcall/src/Rendering/Renderer.hpp:10:18: warning: struct 'SdfNode' was previously declared as a class; this is valid, but may result in linker errors under the Microsoft C++ ABI [-Wmismatched-tags]
   10 | namespace geom { struct SdfNode; class FieldNode; }
      |                  ^
/Users/zacharyzhang/Documents/GitHub/Earthcall/src/ConstructedBeing/Object/Object/ObjectTypes.hpp:19:11: note: previous use is here
   19 |     class SdfNode;
      |           ^
In file included from /Users/zacharyzhang/Documents/GitHub/Earthcall/src/OurVerse/CursorTools.cpp:4:
In file included from /Users/zacharyzhang/Documents/GitHub/Earthcall/src/ZonesOfEarth/ZoneManager.hpp:5:
In file included from /Users/zacharyzhang/Documents/GitHub/Earthcall/src/ZonesOfEarth/Zone/Zone.hpp:5:
In file included from /Users/zacharyzhang/Documents/GitHub/Earthcall/src/ZonesOfEarth/Zone/../World/World.hpp:5:
In file included from /Users/zacharyzhang/Documents/GitHub/Earthcall/src/ConstructedBeing/Object/Object.hpp:35:
/Users/zacharyzhang/Documents/GitHub/Earthcall/src/ConstructedBeing/Object/Object/PolyhedronData.hpp:12:1: warning: 'PolyhedronData' defined as a struct here but previously declared as a class; this is valid, but may result in linker errors under the Microsoft C++ ABI [-Wmismatched-tags]
   12 | struct PolyhedronData {
      | ^
/Users/zacharyzhang/Documents/GitHub/Earthcall/src/ConstructedBeing/Object/Object/ObjectTypes.hpp:24:1: note: did you mean struct here?
   24 | class PolyhedronData;
      | ^~~~~
      | struct
In file included from /Users/zacharyzhang/Documents/GitHub/Earthcall/src/Person/Body/BodyPart/Limb/ForeLeg.cpp:1:
In file included from /Users/zacharyzhang/Documents/GitHub/Earthcall/src/Person/Body/BodyPart/Limb/ForeLeg.hpp:2:
In file included from /Users/zacharyzhang/Documents/GitHub/Earthcall/src/Person/Body/BodyPart/Limb/../Limb.hpp:2:
In file included from /Users/zacharyzhang/Documents/GitHub/Earthcall/src/Person/Body/BodyPart/Limb/../BodyPart.hpp:6:
In file included from /Users/zacharyzhang/Documents/GitHub/Earthcall/src/ConstructedBeing/Object/Object.hpp:35:
/Users/zacharyzhang/Documents/GitHub/Earthcall/src/ConstructedBeing/Object/Object/PolyhedronData.hpp:12:1: warning: 'PolyhedronData' defined as a struct here but previously declared as a class; this is valid, but may result in linker errors under the Microsoft C++ ABI [-Wmismatched-tags]
   12 | struct PolyhedronData {
      | ^
/Users/zacharyzhang/Documents/GitHub/Earthcall/src/ConstructedBeing/Object/Object/ObjectTypes.hpp:24:1: note: did you mean struct here?
   24 | class PolyhedronData;
      | ^~~~~
      | struct
In file included from /Users/zacharyzhang/Documents/GitHub/Earthcall/src/Person/Body/BodyPart/Limb/Leg.cpp:1:
In file included from /Users/zacharyzhang/Documents/GitHub/Earthcall/src/Person/Body/BodyPart/Limb/Leg.hpp:2:
In file included from /Users/zacharyzhang/Documents/GitHub/Earthcall/src/Person/Body/BodyPart/Limb/../Limb.hpp:2:
In file included from /Users/zacharyzhang/Documents/GitHub/Earthcall/src/Person/Body/BodyPart/Limb/../BodyPart.hpp:6:
In file included from /Users/zacharyzhang/Documents/GitHub/Earthcall/src/ConstructedBeing/Object/Object.hpp:39:
/Users/zacharyzhang/Documents/GitHub/Earthcall/src/ConstructedBeing/Object/Geometry/ComplexShape.hpp:70:1: warning: 'ComplexShapeData' defined as a struct here but previously declared as a class; this is valid, but may result in linker errors under the Microsoft C++ ABI [-Wmismatched-tags]
   70 | struct ComplexShapeData {
      | ^
/Users/zacharyzhang/Documents/GitHub/Earthcall/src/ConstructedBeing/Object/Object/ObjectTypes.hpp:18:5: note: did you mean struct here?
   18 |     class ComplexShapeData;
      |     ^~~~~
      |     struct
In file included from /Users/zacharyzhang/Documents/GitHub/Earthcall/src/Person/Body/BodyPart/Limb/Shoulder.cpp:1:
In file included from /Users/zacharyzhang/Documents/GitHub/Earthcall/src/Person/Body/BodyPart/Limb/Shoulder.hpp:2:
In file included from /Users/zacharyzhang/Documents/GitHub/Earthcall/src/Person/Body/BodyPart/Limb/../Limb.hpp:2:
In file included from /Users/zacharyzhang/Documents/GitHub/Earthcall/src/Person/Body/BodyPart/Limb/../BodyPart.hpp:6:
In file included from /Users/zacharyzhang/Documents/GitHub/Earthcall/src/ConstructedBeing/Object/Object.hpp:39:
/Users/zacharyzhang/Documents/GitHub/Earthcall/src/ConstructedBeing/Object/Geometry/ComplexShape.hpp:70:1: warning: 'ComplexShapeData' defined as a struct here but previously declared as a class; this is valid, but may result in linker errors under the Microsoft C++ ABI [-Wmismatched-tags]
   70 | struct ComplexShapeData {
      | ^
In file included from /Users/zacharyzhang/Documents/GitHub/Earthcall/src/Person/Body/BodyPart/Limb/Leg.cpp:1/Users/zacharyzhang/Documents/GitHub/Earthcall/src/ConstructedBeing/Object/Object/ObjectTypes.hpp:18::
In file included from /Users/zacharyzhang/Documents/GitHub/Earthcall/src/Person/Body/BodyPart/Limb/Leg.hpp:2:
In file included from /Users/zacharyzhang/Documents/GitHub/Earthcall/src/Person/Body/BodyPart/Limb/../Limb.hpp:2:
In file included from /Users/zacharyzhang/Documents/GitHub/Earthcall/src/Person/Body/BodyPart/Limb/../BodyPart.hpp:65: note: did you mean struct here?
   18 |     class ComplexShapeData;
      |     ^~~~~
      |     struct
:
In file included from /Users/zacharyzhang/Documents/GitHub/Earthcall/src/ConstructedBeing/Object/Object.hpp:40:
/Users/zacharyzhang/Documents/GitHub/Earthcall/src/ConstructedBeing/Object/Geometry/Sdf.hpp:46:1: warning: 'SdfNode' defined as a struct here but previously declared as a class; this is valid, but may result in linker errors under the Microsoft C++ ABI [-Wmismatched-tags]
   46 | struct SdfNode {
      | ^
/Users/zacharyzhang/Documents/GitHub/Earthcall/src/ConstructedBeing/Object/Object/ObjectTypes.hpp:19:5: note: did you mean struct here?
   19 |     class SdfNode;
      |     ^~~~~
      |     struct
In file included from /Users/zacharyzhang/Documents/GitHub/Earthcall/src/Person/Body/BodyPart/Limb/Neck.cpp:1:
In file included from /Users/zacharyzhang/Documents/GitHub/Earthcall/src/Person/Body/BodyPart/Limb/Neck.hpp:2:
In file included from /Users/zacharyzhang/Documents/GitHub/Earthcall/src/Person/Body/BodyPart/Limb/../Limb.hpp:2:
In file included from /Users/zacharyzhang/Documents/GitHub/Earthcall/src/Person/Body/BodyPart/Limb/../BodyPart.hpp:6:
In file included from /Users/zacharyzhang/Documents/GitHub/Earthcall/src/ConstructedBeing/Object/Object.hpp:36:
In file included from /Users/zacharyzhang/Documents/GitHub/Earthcall/src/ConstructedBeing/Object/Object/FaceTexture.hpp:3:
In file included from /Users/zacharyzhang/Documents/GitHub/Earthcall/src/Rendering/Renderer.hpp:4:
/Users/zacharyzhang/Documents/GitHub/Earthcall/src/ConstructedBeing/Object/Geometry/SmoothSurface.hpp:23:1: warning: 'TessMesh' defined as a struct here but previously declared as a class; this is valid, but may result in linker errors under the Microsoft C++ ABI [-Wmismatched-tags]
   23 | struct TessMesh {
      | ^
/Users/zacharyzhang/Documents/GitHub/Earthcall/src/ConstructedBeing/Object/Object/ObjectTypes.hpp:20:5: note: did you mean struct here?
   20 |     class TessMesh;
      |     ^~~~~
      |     struct
In file included from /Users/zacharyzhang/Documents/GitHub/Earthcall/src/Person/Body/BodyPart/Limb/Neck.cpp:1:
In file included from /Users/zacharyzhang/Documents/GitHub/Earthcall/src/Person/Body/BodyPart/Limb/Neck.hpp:2:
In file included from /Users/zacharyzhang/Documents/GitHub/Earthcall/src/Person/Body/BodyPart/Limb/../Limb.hpp:2:
In file included from /Users/zacharyzhang/Documents/GitHub/Earthcall/src/Person/Body/BodyPart/Limb/../BodyPart.hpp:6:
In file included from /Users/zacharyzhang/Documents/GitHub/Earthcall/src/ConstructedBeing/Object/Object.hpp:36:
In file included from /Users/zacharyzhang/Documents/GitHub/Earthcall/src/ConstructedBeing/Object/Object/FaceTexture.hpp:3:
In file included from /Users/zacharyzhang/Documents/GitHub/Earthcall/src/Rendering/Renderer.hpp:4:
/Users/zacharyzhang/Documents/GitHub/Earthcall/src/ConstructedBeing/Object/Geometry/SmoothSurface.hpp:27:1: warning: 'SmoothSurfaceData' defined as a struct here but previously declared as a class; this is valid, but may result in linker errors under the Microsoft C++ ABI [-Wmismatched-tags]
   27 | struct SmoothSurfaceData {
      | ^
/Users/zacharyzhang/Documents/GitHub/Earthcall/src/ConstructedBeing/Object/Object/ObjectTypes.hpp:17:5: note: did you mean struct here?
   17 |     class SmoothSurfaceData;
      |     ^~~~~
      |     struct
In file included from /Users/zacharyzhang/Documents/GitHub/Earthcall/src/Person/Body/BodyPart/Limb/Neck.cpp:1:
In file included from /Users/zacharyzhang/Documents/GitHub/Earthcall/src/Person/Body/BodyPart/Limb/Neck.hpp:2:
In file included from /Users/zacharyzhang/Documents/GitHub/Earthcall/src/Person/Body/BodyPart/Limb/../Limb.hpp:2:
In file included from /Users/zacharyzhang/Documents/GitHub/Earthcall/src/Person/Body/BodyPart/Limb/../BodyPart.hpp:6:
In file included from /Users/zacharyzhang/Documents/GitHub/Earthcall/src/ConstructedBeing/Object/Object.hpp:36:
In file included from /Users/zacharyzhang/Documents/GitHub/Earthcall/src/ConstructedBeing/Object/Object/FaceTexture.hpp:3:
/Users/zacharyzhang/Documents/GitHub/Earthcall/src/Rendering/Renderer.hpp:10:18: warning: struct 'SdfNode' was previously declared as a class; this is valid, but may result in linker errors under the Microsoft C++ ABI [-Wmismatched-tags]
   10 | namespace geom { struct SdfNode; class FieldNode; }
      |                  ^
/Users/zacharyzhang/Documents/GitHub/Earthcall/src/ConstructedBeing/Object/Object/ObjectTypes.hpp:19:11: note: previous use is here
   19 |     class SdfNode;
      |           ^
In file included from /Users/zacharyzhang/Documents/GitHub/Earthcall/src/Person/Body/BodyPart/Limb/Shoulder.cpp:1:
In file included from /Users/zacharyzhang/Documents/GitHub/Earthcall/src/Person/Body/BodyPart/Limb/Shoulder.hpp:2:
In file included from /Users/zacharyzhang/Documents/GitHub/Earthcall/src/Person/Body/BodyPart/Limb/../Limb.hpp:2:
In file included from /Users/zacharyzhang/Documents/GitHub/Earthcall/src/Person/Body/BodyPart/Limb/../BodyPart.hpp:6:
In file included from /Users/zacharyzhang/Documents/GitHub/Earthcall/src/ConstructedBeing/Object/Object.hpp:40:
/Users/zacharyzhang/Documents/GitHub/Earthcall/src/ConstructedBeing/Object/Geometry/Sdf.hpp:46:1: warning: 'SdfNode' defined as a struct here but previously declared as a class; this is valid, but may result in linker errors under the Microsoft C++ ABI [-Wmismatched-tags]
   46 | struct SdfNode {
      | ^
/Users/zacharyzhang/Documents/GitHub/Earthcall/src/ConstructedBeing/Object/Object/ObjectTypes.hpp:19:5: note: did you mean struct here?
   19 |     class SdfNode;
      |     ^~~~~
      |     struct
In file included from /Users/zacharyzhang/Documents/GitHub/Earthcall/src/Person/Body/BodyPart/Limb/Leg.cpp:1:
In file included from /Users/zacharyzhang/Documents/GitHub/Earthcall/src/Person/Body/BodyPart/Limb/Leg.hpp:2:
In file included from /Users/zacharyzhang/Documents/GitHub/Earthcall/src/Person/Body/BodyPart/Limb/../Limb.hpp:2:
In file included from /Users/zacharyzhang/Documents/GitHub/Earthcall/src/Person/Body/BodyPart/Limb/../BodyPart.hpp:6:
In file included from /Users/zacharyzhang/Documents/GitHub/Earthcall/src/ConstructedBeing/Object/Object.hpp:41:
/Users/zacharyzhang/Documents/GitHub/Earthcall/src/ConstructedBeing/Object/Geometry/Patch.hpp:16:1: warning: 'BezierPatch' defined as a struct here but previously declared as a class; this is valid, but may result in linker errors under the Microsoft C++ ABI [-Wmismatched-tags]
   16 | struct BezierPatch {
      | ^
/Users/zacharyzhang/Documents/GitHub/Earthcall/src/ConstructedBeing/Object/Object/ObjectTypes.hpp:21:5: note: did you mean struct here?
   21 |     class BezierPatch;
      |     ^~~~~
      |     struct
In file included from /Users/zacharyzhang/Documents/GitHub/Earthcall/src/OurVerse/Tool.cpp:1:
In file included from /Users/zacharyzhang/Documents/GitHub/Earthcall/src/OurVerse/Tool.hpp:5:
In file included from /Users/zacharyzhang/Documents/GitHub/Earthcall/src/ConstructedBeing/Object/Object.hpp:35:
/Users/zacharyzhang/Documents/GitHub/Earthcall/src/ConstructedBeing/Object/Object/PolyhedronData.hpp:12:1: warning: 'PolyhedronData' defined as a struct here but previously declared as a class; this is valid, but may result in linker errors under the Microsoft C++ ABI [-Wmismatched-tags]
   12 | struct PolyhedronData {
      | ^
/Users/zacharyzhang/Documents/GitHub/Earthcall/src/ConstructedBeing/Object/Object/ObjectTypes.hpp:24:1: note: did you mean struct here?
   24 | class PolyhedronData;
      | ^~~~~
      | struct
In file included from /Users/zacharyzhang/Documents/GitHub/Earthcall/src/OurVerse/CursorTools.cpp:4:
In file included from /Users/zacharyzhang/Documents/GitHub/Earthcall/src/ZonesOfEarth/ZoneManager.hpp:5:
In file included from /Users/zacharyzhang/Documents/GitHub/Earthcall/src/ZonesOfEarth/Zone/Zone.hpp:5:
In file included from /Users/zacharyzhang/Documents/GitHub/Earthcall/src/ZonesOfEarth/Zone/../World/World.hpp:5:
In file included from /Users/zacharyzhang/Documents/GitHub/Earthcall/src/ConstructedBeing/Object/Object.hpp:36:
In file included from /Users/zacharyzhang/Documents/GitHub/Earthcall/src/ConstructedBeing/Object/Object/FaceTexture.hpp:3:
In file included from /Users/zacharyzhang/Documents/GitHub/Earthcall/src/Rendering/Renderer.hpp:4:
/Users/zacharyzhang/Documents/GitHub/Earthcall/src/ConstructedBeing/Object/Geometry/SmoothSurface.hpp:23:1: warning: 'TessMesh' defined as a struct here but previously declared as a class; this is valid, but may result in linker errors under the Microsoft C++ ABI [-Wmismatched-tags]
   23 | struct TessMesh {
      | ^
/Users/zacharyzhang/Documents/GitHub/Earthcall/src/ConstructedBeing/Object/Object/ObjectTypes.hpp:20:5: note: did you mean struct here?
   20 |     class TessMesh;
      |     ^~~~~
      |     struct
In file included from /Users/zacharyzhang/Documents/GitHub/Earthcall/src/Person/Body/BodyPart/Limb/Neck.cpp:1:
In file included from /Users/zacharyzhang/Documents/GitHub/Earthcall/src/Person/Body/BodyPart/Limb/Neck.hpp:2:
In file included from /Users/zacharyzhang/Documents/GitHub/Earthcall/src/Person/Body/BodyPart/Limb/../Limb.hpp:2:
In file included from /Users/zacharyzhang/Documents/GitHub/Earthcall/src/Person/Body/BodyPart/Limb/../BodyPart.hpp:6:
In file included from /Users/zacharyzhang/Documents/GitHub/Earthcall/src/ConstructedBeing/Object/Object.hpp:39:
/Users/zacharyzhang/Documents/GitHub/Earthcall/src/ConstructedBeing/Object/Geometry/ComplexShape.hpp:70:1: warning: 'ComplexShapeData' defined as a struct here but previously declared as a class; this is valid, but may result in linker errors under the Microsoft C++ ABI [-Wmismatched-tags]
   70 | struct ComplexShapeData {
      | ^
/Users/zacharyzhang/Documents/GitHub/Earthcall/src/ConstructedBeing/Object/Object/ObjectTypes.hpp:18:5: note: did you mean struct here?
   18 |     class ComplexShapeData;
      |     ^~~~~
      |     struct
In file included from /Users/zacharyzhang/Documents/GitHub/Earthcall/src/OurVerse/CursorTools.cpp:4:
In file included from /Users/zacharyzhang/Documents/GitHub/Earthcall/src/ZonesOfEarth/ZoneManager.hpp:5:
In file included from /Users/zacharyzhang/Documents/GitHub/Earthcall/src/ZonesOfEarth/Zone/Zone.hpp:5:
In file included from /Users/zacharyzhang/Documents/GitHub/Earthcall/src/ZonesOfEarth/Zone/../World/World.hpp:5:
In file included from /Users/zacharyzhang/Documents/GitHub/Earthcall/src/ConstructedBeing/Object/Object.hpp:36:
In file included from /Users/zacharyzhang/Documents/GitHub/Earthcall/src/ConstructedBeing/Object/Object/FaceTexture.hpp:3:
In file included from /Users/zacharyzhang/Documents/GitHub/Earthcall/src/Rendering/Renderer.hpp:4:
/Users/zacharyzhang/Documents/GitHub/Earthcall/src/ConstructedBeing/Object/Geometry/SmoothSurface.hpp:27:1: warning: 'SmoothSurfaceData' defined as a struct here but previously declared as a class; this is valid, but may result in linker errors under the Microsoft C++ ABI [-Wmismatched-tags]
   27 | struct SmoothSurfaceData {
      | ^
/Users/zacharyzhang/Documents/GitHub/Earthcall/src/ConstructedBeing/Object/Object/ObjectTypes.hpp:17:5: note: did you mean struct here?
   17 |     class SmoothSurfaceData;
      |     ^~~~~
      |     struct
In file included from /Users/zacharyzhang/Documents/GitHub/Earthcall/src/OurVerse/CursorTools.cpp:4:
In file included from /Users/zacharyzhang/Documents/GitHub/Earthcall/src/ZonesOfEarth/ZoneManager.hpp:5:
In file included from /Users/zacharyzhang/Documents/GitHub/Earthcall/src/ZonesOfEarth/Zone/Zone.hpp:5:
In file included from /Users/zacharyzhang/Documents/GitHub/Earthcall/src/ZonesOfEarth/Zone/../World/World.hpp:5:
In file included from /Users/zacharyzhang/Documents/GitHub/Earthcall/src/ConstructedBeing/Object/Object.hpp:36:
In file included from /Users/zacharyzhang/Documents/GitHub/Earthcall/src/ConstructedBeing/Object/Object/FaceTexture.hpp:3:
/Users/zacharyzhang/Documents/GitHub/Earthcall/src/Rendering/Renderer.hpp:10:18: warning: struct 'SdfNode' was previously declared as a class; this is valid, but may result in linker errors under the Microsoft C++ ABI [-Wmismatched-tags]
   10 | namespace geom { struct SdfNode; class FieldNode; }
      |                  ^
/Users/zacharyzhang/Documents/GitHub/Earthcall/src/ConstructedBeing/Object/Object/ObjectTypes.hpp:19:11: note: previous use is here
   19 |     class SdfNode;
      |           ^
In file included from /Users/zacharyzhang/Documents/GitHub/Earthcall/src/Person/Body/BodyPart/Limb/Neck.cpp:1:
In file included from /Users/zacharyzhang/Documents/GitHub/Earthcall/src/Person/Body/BodyPart/Limb/Neck.hpp:2:
In file included from /Users/zacharyzhang/Documents/GitHub/Earthcall/src/Person/Body/BodyPart/Limb/../Limb.hpp:2:
In file included from /Users/zacharyzhang/Documents/GitHub/Earthcall/src/Person/Body/BodyPart/Limb/../BodyPart.hpp:6:
In file included from /Users/zacharyzhang/Documents/GitHub/Earthcall/src/ConstructedBeing/Object/Object.hpp:40:
/Users/zacharyzhang/Documents/GitHub/Earthcall/src/ConstructedBeing/Object/Geometry/Sdf.hpp:46:1: warning: 'SdfNode' defined as a struct here but previously declared as a class; this is valid, but may result in linker errors under the Microsoft C++ ABI [-Wmismatched-tags]
   46 | struct SdfNode {
      | ^
/Users/zacharyzhang/Documents/GitHub/Earthcall/src/ConstructedBeing/Object/Object/ObjectTypes.hpp:19:5: note: did you mean struct here?
   19 |     class SdfNode;
      |     ^~~~~
      |     struct
In file included from /Users/zacharyzhang/Documents/GitHub/Earthcall/src/Person/Body/BodyPart/Limb/ForeLeg.cpp:1:
In file included from /Users/zacharyzhang/Documents/GitHub/Earthcall/src/Person/Body/BodyPart/Limb/ForeLeg.hpp:2:
In file included from /Users/zacharyzhang/Documents/GitHub/Earthcall/src/Person/Body/BodyPart/Limb/../Limb.hpp:2:
In file included from /Users/zacharyzhang/Documents/GitHub/Earthcall/src/Person/Body/BodyPart/Limb/../BodyPart.hpp:6:
In file included from /Users/zacharyzhang/Documents/GitHub/Earthcall/src/ConstructedBeing/Object/Object.hpp:36:
In file included from /Users/zacharyzhang/Documents/GitHub/Earthcall/src/ConstructedBeing/Object/Object/FaceTexture.hpp:3:
In file included from /Users/zacharyzhang/Documents/GitHub/Earthcall/src/Rendering/Renderer.hpp:4:
/Users/zacharyzhang/Documents/GitHub/Earthcall/src/ConstructedBeing/Object/Geometry/SmoothSurface.hpp:23:1: warning: 'TessMesh' defined as a struct here but previously declared as a class; this is valid, but may result in linker errors under the Microsoft C++ ABI [-Wmismatched-tags]
   23 | struct TessMesh {
      | ^
/Users/zacharyzhang/Documents/GitHub/Earthcall/src/ConstructedBeing/Object/Object/ObjectTypes.hpp:20:5: note: did you mean struct here?
   20 |     class TessMesh;
      |     ^~~~~
      |     struct
In file included from /Users/zacharyzhang/Documents/GitHub/Earthcall/src/Person/Body/BodyPart/Limb/Shoulder.cpp:1:
In file included from /Users/zacharyzhang/Documents/GitHub/Earthcall/src/Person/Body/BodyPart/Limb/Shoulder.hpp:2:
In file included from /Users/zacharyzhang/Documents/GitHub/Earthcall/src/Person/Body/BodyPart/Limb/../Limb.hpp:2:
In file included from /Users/zacharyzhang/Documents/GitHub/Earthcall/src/Person/Body/BodyPart/Limb/../BodyPart.hpp:6:
In file included from /Users/zacharyzhang/Documents/GitHub/Earthcall/src/ConstructedBeing/Object/Object.hpp:41:
/Users/zacharyzhang/Documents/GitHub/Earthcall/src/ConstructedBeing/Object/Geometry/Patch.hpp:16:1: warning: 'BezierPatch' defined as a struct here but previously declared as a class; this is valid, but may result in linker errors under the Microsoft C++ ABI [-Wmismatched-tags]
   16 | struct BezierPatch {
      | ^
/Users/zacharyzhang/Documents/GitHub/Earthcall/src/ConstructedBeing/Object/Object/ObjectTypes.hpp:21:5: note: did you mean struct here?
   21 |     class BezierPatch;
      |     ^~~~~
      |     struct
In file included from /Users/zacharyzhang/Documents/GitHub/Earthcall/src/Person/Body/BodyPart/Limb/ForeLeg.cpp:1:
In file included from /Users/zacharyzhang/Documents/GitHub/Earthcall/src/Person/Body/BodyPart/Limb/ForeLeg.hpp:2:
In file included from /Users/zacharyzhang/Documents/GitHub/Earthcall/src/Person/Body/BodyPart/Limb/../Limb.hpp:2:
In file included from /Users/zacharyzhang/Documents/GitHub/Earthcall/src/Person/Body/BodyPart/Limb/../BodyPart.hpp:6:
In file included from /Users/zacharyzhang/Documents/GitHub/Earthcall/src/ConstructedBeing/Object/Object.hpp:36:
In file included from /Users/zacharyzhang/Documents/GitHub/Earthcall/src/ConstructedBeing/Object/Object/FaceTexture.hpp:3:
In file included from /Users/zacharyzhang/Documents/GitHub/Earthcall/src/Rendering/Renderer.hpp:4:
/Users/zacharyzhang/Documents/GitHub/Earthcall/src/ConstructedBeing/Object/Geometry/SmoothSurface.hpp:27:1: warning: 'SmoothSurfaceData' defined as a struct here but previously declared as a class; this is valid, but may result in linker errors under the Microsoft C++ ABI [-Wmismatched-tags]
   27 | struct SmoothSurfaceData {
      | ^
In file included from /Users/zacharyzhang/Documents/GitHub/Earthcall/src/Person/Body/BodyPart/Limb/Hand.cpp:1:
In file included from /Users/zacharyzhang/Documents/GitHub/Earthcall/src/Person/Body/BodyPart/Limb/Hand.hpp:2:
In file included from /Users/zacharyzhang/Documents/GitHub/Earthcall/src/Person/Body/BodyPart/Limb/../Limb.hpp:2:
In file included from /Users/zacharyzhang/Documents/GitHub/Earthcall/src/Person/Body/BodyPart/Limb/../BodyPart.hpp:6:
In file included from /Users/zacharyzhang/Documents/GitHub/Earthcall/src/ConstructedBeing/Object/Object.hpp:35:
/Users/zacharyzhang/Documents/GitHub/Earthcall/src/ConstructedBeing/Object/Object/PolyhedronData.hpp:12:1: warning: 'PolyhedronData' defined as a struct here but previously declared as a class; this is valid, but may result in linker errors under the Microsoft C++ ABI [-Wmismatched-tags]
   12 | struct PolyhedronData {
      | ^
/Users/zacharyzhang/Documents/GitHub/Earthcall/src/ConstructedBeing/Object/Object/ObjectTypes.hpp:24:1: note: did you mean struct here?
   24 | class PolyhedronData;
      | ^~~~~
      | struct
/Users/zacharyzhang/Documents/GitHub/Earthcall/src/ConstructedBeing/Object/Object/ObjectTypes.hpp:17:5: note: did you mean struct here?
   17 |     class SmoothSurfaceData;
      |     ^~~~~
      |     struct
In file included from /Users/zacharyzhang/Documents/GitHub/Earthcall/src/OurVerse/CursorTools.cpp:4:
In file included from /Users/zacharyzhang/Documents/GitHub/Earthcall/src/ZonesOfEarth/ZoneManager.hpp:5:
In file included from /Users/zacharyzhang/Documents/GitHub/Earthcall/src/ZonesOfEarth/Zone/Zone.hpp:5:
In file included from /Users/zacharyzhang/Documents/GitHub/Earthcall/src/ZonesOfEarth/Zone/../World/World.hpp:5:
In file included from /Users/zacharyzhang/Documents/GitHub/Earthcall/src/ConstructedBeing/Object/Object.hpp:39:
/Users/zacharyzhang/Documents/GitHub/Earthcall/src/ConstructedBeing/Object/Geometry/ComplexShape.hpp:70:1: warning: 'ComplexShapeData' defined as a struct here but previously declared as a class; this is valid, but may result in linker errors under the Microsoft C++ ABI [-Wmismatched-tags]
   70 | struct ComplexShapeData {
      | ^
/Users/zacharyzhang/Documents/GitHub/Earthcall/src/ConstructedBeing/Object/Object/ObjectTypes.hpp:18:5: note: did you mean struct here?
   18 |     class ComplexShapeData;
      |     ^~~~~
      |     struct
In file included from /Users/zacharyzhang/Documents/GitHub/Earthcall/src/Person/Body/BodyPart/Limb/Torso.cpp:1:
In file included from /Users/zacharyzhang/Documents/GitHub/Earthcall/src/Person/Body/BodyPart/Limb/Torso.hpp:2:
In file included from /Users/zacharyzhang/Documents/GitHub/Earthcall/src/Person/Body/BodyPart/Limb/../Limb.hpp:2:
In file included from /Users/zacharyzhang/Documents/GitHub/Earthcall/src/Person/Body/BodyPart/Limb/../BodyPart.hpp:6:
In file included from /Users/zacharyzhang/Documents/GitHub/Earthcall/src/ConstructedBeing/Object/Object.hpp:35:
/Users/zacharyzhang/Documents/GitHub/Earthcall/src/ConstructedBeing/Object/Object/PolyhedronData.hpp:12:1: warning: 'PolyhedronData' defined as a struct here but previously declared as a class; this is valid, but may result in linker errors under the Microsoft C++ ABI [-Wmismatched-tags]
   12 | struct PolyhedronData {
      | ^
/Users/zacharyzhang/Documents/GitHub/Earthcall/src/ConstructedBeing/Object/Object/ObjectTypes.hpp:24:1: note: did you mean struct here?
   24 | class PolyhedronData;
      | ^~~~~
      | struct
In file included from /Users/zacharyzhang/Documents/GitHub/Earthcall/src/Person/Body/BodyPart/Limb/ForeLeg.cpp:1:
In file included from /Users/zacharyzhang/Documents/GitHub/Earthcall/src/Person/Body/BodyPart/Limb/ForeLeg.hpp:2:
In file included from /Users/zacharyzhang/Documents/GitHub/Earthcall/src/Person/Body/BodyPart/Limb/../Limb.hpp:2:
In file included from /Users/zacharyzhang/Documents/GitHub/Earthcall/src/Person/Body/BodyPart/Limb/../BodyPart.hpp:6:
In file included from /Users/zacharyzhang/Documents/GitHub/Earthcall/src/ConstructedBeing/Object/Object.hpp:36:
In file included from /Users/zacharyzhang/Documents/GitHub/Earthcall/src/ConstructedBeing/Object/Object/FaceTexture.hpp:3:
/Users/zacharyzhang/Documents/GitHub/Earthcall/src/Rendering/Renderer.hpp:10:18: warning: struct 'SdfNode' was previously declared as a class; this is valid, but may result in linker errors under the Microsoft C++ ABI [-Wmismatched-tags]
   10 | namespace geom { struct SdfNode; class FieldNode; }
      |                  ^
/Users/zacharyzhang/Documents/GitHub/Earthcall/src/ConstructedBeing/Object/Object/ObjectTypes.hpp:19:11: note: previous use is here
   19 |     class SdfNode;
      |           ^
In file included from /Users/zacharyzhang/Documents/GitHub/Earthcall/src/OurVerse/CursorTools.cpp:4:
In file included from /Users/zacharyzhang/Documents/GitHub/Earthcall/src/ZonesOfEarth/ZoneManager.hpp:5:
In file included from /Users/zacharyzhang/Documents/GitHub/Earthcall/src/ZonesOfEarth/Zone/Zone.hpp:5:
In file included from /Users/zacharyzhang/Documents/GitHub/Earthcall/src/ZonesOfEarth/Zone/../World/World.hpp:5:
In file included from /Users/zacharyzhang/Documents/GitHub/Earthcall/src/ConstructedBeing/Object/Object.hpp:40:
/Users/zacharyzhang/Documents/GitHub/Earthcall/src/ConstructedBeing/Object/Geometry/Sdf.hpp:46:1: warning: 'SdfNode' defined as a struct here but previously declared as a class; this is valid, but may result in linker errors under the Microsoft C++ ABI [-Wmismatched-tags]
   46 | struct SdfNode {
      | ^
/Users/zacharyzhang/Documents/GitHub/Earthcall/src/ConstructedBeing/Object/Object/ObjectTypes.hpp:19:5: note: did you mean struct here?
   19 |     class SdfNode;
      |     ^~~~~
      |     struct
In file included from /Users/zacharyzhang/Documents/GitHub/Earthcall/src/OurVerse/Tool.cpp:1:
In file included from /Users/zacharyzhang/Documents/GitHub/Earthcall/src/OurVerse/Tool.hpp:5:
In file included from /Users/zacharyzhang/Documents/GitHub/Earthcall/src/ConstructedBeing/Object/Object.hpp:36:
In file included from /Users/zacharyzhang/Documents/GitHub/Earthcall/src/ConstructedBeing/Object/Object/FaceTexture.hpp:3:
In file included from /Users/zacharyzhang/Documents/GitHub/Earthcall/src/Rendering/Renderer.hpp:4:
/Users/zacharyzhang/Documents/GitHub/Earthcall/src/ConstructedBeing/Object/Geometry/SmoothSurface.hpp:23:1: warning: 'TessMesh' defined as a struct here but previously declared as a class; this is valid, but may result in linker errors under the Microsoft C++ ABI [-Wmismatched-tags]
   23 | struct TessMesh {
      | ^
/Users/zacharyzhang/Documents/GitHub/Earthcall/src/ConstructedBeing/Object/Object/ObjectTypes.hpp:20:5: note: did you mean struct here?
   20 |     class TessMesh;
      |     ^~~~~
      |     struct
In file included from /Users/zacharyzhang/Documents/GitHub/Earthcall/src/OurVerse/Tool.cpp:1:
In file included from /Users/zacharyzhang/Documents/GitHub/Earthcall/src/OurVerse/Tool.hpp:5:
In file included from /Users/zacharyzhang/Documents/GitHub/Earthcall/src/ConstructedBeing/Object/Object.hpp:36:
In file included from /Users/zacharyzhang/Documents/GitHub/Earthcall/src/ConstructedBeing/Object/Object/FaceTexture.hpp:3:
In file included from /Users/zacharyzhang/Documents/GitHub/Earthcall/src/Rendering/Renderer.hpp:4:
/Users/zacharyzhang/Documents/GitHub/Earthcall/src/ConstructedBeing/Object/Geometry/SmoothSurface.hpp:27:1: warning: 'SmoothSurfaceData' defined as a struct here but previously declared as a class; this is valid, but may result in linker errors under the Microsoft C++ ABI [-Wmismatched-tags]
   27 | struct SmoothSurfaceData {
      | ^
/Users/zacharyzhang/Documents/GitHub/Earthcall/src/ConstructedBeing/Object/Object/ObjectTypes.hpp:17:5: note: did you mean struct here?
   17 |     class SmoothSurfaceData;
      |     ^~~~~
      |     struct
In file included from /Users/zacharyzhang/Documents/GitHub/Earthcall/src/OurVerse/Tool.cpp:1:
In file included from /Users/zacharyzhang/Documents/GitHub/Earthcall/src/OurVerse/Tool.hpp:5:
In file included from /Users/zacharyzhang/Documents/GitHub/Earthcall/src/ConstructedBeing/Object/Object.hpp:36:
In file included from /Users/zacharyzhang/Documents/GitHub/Earthcall/src/ConstructedBeing/Object/Object/FaceTexture.hpp:3:
/Users/zacharyzhang/Documents/GitHub/Earthcall/src/Rendering/Renderer.hpp:10:18: warning: struct 'SdfNode' was previously declared as a class; this is valid, but may result in linker errors under the Microsoft C++ ABI [-Wmismatched-tags]
   10 | namespace geom { struct SdfNode; class FieldNode; }
      |                  ^
/Users/zacharyzhang/Documents/GitHub/Earthcall/src/ConstructedBeing/Object/Object/ObjectTypes.hpp:19:11: note: previous use is here
   19 |     class SdfNode;
      |           ^
In file included from /Users/zacharyzhang/Documents/GitHub/Earthcall/src/Person/Body/BodyPart/Limb/Neck.cpp:1:
In file included from /Users/zacharyzhang/Documents/GitHub/Earthcall/src/Person/Body/BodyPart/Limb/Neck.hpp:2:
In file included from /Users/zacharyzhang/Documents/GitHub/Earthcall/src/Person/Body/BodyPart/Limb/../Limb.hpp:2:
In file included from /Users/zacharyzhang/Documents/GitHub/Earthcall/src/Person/Body/BodyPart/Limb/../BodyPart.hpp:6:
In file included from /Users/zacharyzhang/Documents/GitHub/Earthcall/src/ConstructedBeing/Object/Object.hpp:41:
/Users/zacharyzhang/Documents/GitHub/Earthcall/src/ConstructedBeing/Object/Geometry/Patch.hpp:16:1: warning: 'BezierPatch' defined as a struct here but previously declared as a class; this is valid, but may result in linker errors under the Microsoft C++ ABI [-Wmismatched-tags]
   16 | struct BezierPatch {
      | ^
/Users/zacharyzhang/Documents/GitHub/Earthcall/src/ConstructedBeing/Object/Object/ObjectTypes.hpp:21:5: note: did you mean struct here?
   21 |     class BezierPatch;
      |     ^~~~~
      |     struct
In file included from /Users/zacharyzhang/Documents/GitHub/Earthcall/src/OurVerse/Tool.cpp:1:
In file included from /Users/zacharyzhang/Documents/GitHub/Earthcall/src/OurVerse/Tool.hpp:5:
In file included from /Users/zacharyzhang/Documents/GitHub/Earthcall/src/ConstructedBeing/Object/Object.hpp:39:
/Users/zacharyzhang/Documents/GitHub/Earthcall/src/ConstructedBeing/Object/Geometry/ComplexShape.hpp:70:1: warning: 'ComplexShapeData' defined as a struct here but previously declared as a class; this is valid, but may result in linker errors under the Microsoft C++ ABI [-Wmismatched-tags]
   70 | struct ComplexShapeData {
      | ^
/Users/zacharyzhang/Documents/GitHub/Earthcall/src/ConstructedBeing/Object/Object/ObjectTypes.hpp:18:5: note: did you mean struct here?
   18 |     class ComplexShapeData;
      |     ^~~~~
      |     struct
In file included from /Users/zacharyzhang/Documents/GitHub/Earthcall/src/OurVerse/CursorTools.cpp:4:
In file included from /Users/zacharyzhang/Documents/GitHub/Earthcall/src/ZonesOfEarth/ZoneManager.hpp:5:
In file included from /Users/zacharyzhang/Documents/GitHub/Earthcall/src/ZonesOfEarth/Zone/Zone.hpp:5:
In file included from /Users/zacharyzhang/Documents/GitHub/Earthcall/src/ZonesOfEarth/Zone/../World/World.hpp:5:
In file included from /Users/zacharyzhang/Documents/GitHub/Earthcall/src/ConstructedBeing/Object/Object.hpp:41:
/Users/zacharyzhang/Documents/GitHub/Earthcall/src/ConstructedBeing/Object/Geometry/Patch.hpp:16:1: warning: 'BezierPatch' defined as a struct here but previously declared as a class; this is valid, but may result in linker errors under the Microsoft C++ ABI [-Wmismatched-tags]
   16 | struct BezierPatch {
      | ^
/Users/zacharyzhang/Documents/GitHub/Earthcall/src/ConstructedBeing/Object/Object/ObjectTypes.hpp:21:5: note: did you mean struct here?
   21 |     class BezierPatch;
      |     ^~~~~
      |     struct
In file included from /Users/zacharyzhang/Documents/GitHub/Earthcall/src/Person/Body/BodyPart/Limb/Torso.cpp:1:
In file included from /Users/zacharyzhang/Documents/GitHub/Earthcall/src/Person/Body/BodyPart/Limb/Torso.hpp:2:
In file included from /Users/zacharyzhang/Documents/GitHub/Earthcall/src/Person/Body/BodyPart/Limb/../Limb.hpp:2:
In file included from /Users/zacharyzhang/Documents/GitHub/Earthcall/src/Person/Body/BodyPart/Limb/../BodyPart.hpp:6:
In file included from /Users/zacharyzhang/Documents/GitHub/Earthcall/src/ConstructedBeing/Object/Object.hpp:36:
In file included from /Users/zacharyzhang/Documents/GitHub/Earthcall/src/ConstructedBeing/Object/Object/FaceTexture.hpp:3:
In file included from /Users/zacharyzhang/Documents/GitHub/Earthcall/src/Rendering/Renderer.hpp:4:
/Users/zacharyzhang/Documents/GitHub/Earthcall/src/ConstructedBeing/Object/Geometry/SmoothSurface.hpp:23:1: warning: 'TessMesh' defined as a struct here but previously declared as a class; this is valid, but may result in linker errors under the Microsoft C++ ABI [-Wmismatched-tags]
   23 | struct TessMesh {
      | ^
/Users/zacharyzhang/Documents/GitHub/Earthcall/src/ConstructedBeing/Object/Object/ObjectTypes.hpp:20:5: note: did you mean struct here?
   20 |     class TessMesh;
      |     ^~~~~
      |     struct
In file included from /Users/zacharyzhang/Documents/GitHub/Earthcall/src/OurVerse/Tool.cpp:1:
In file included from /Users/zacharyzhang/Documents/GitHub/Earthcall/src/OurVerse/Tool.hpp:5:
In file included from /Users/zacharyzhang/Documents/GitHub/Earthcall/src/ConstructedBeing/Object/Object.hpp:40:
/Users/zacharyzhang/Documents/GitHub/Earthcall/src/ConstructedBeing/Object/Geometry/Sdf.hpp:46:1: warning: 'SdfNode' defined as a struct here but previously declared as a class; this is valid, but may result in linker errors under the Microsoft C++ ABI [-Wmismatched-tags]
   46 | struct SdfNode {
      | ^
/Users/zacharyzhang/Documents/GitHub/Earthcall/src/ConstructedBeing/Object/Object/ObjectTypes.hpp:19:5: note: did you mean struct here?
   19 |     class SdfNode;
      |     ^~~~~
      |     struct
In file included from /Users/zacharyzhang/Documents/GitHub/Earthcall/src/Person/Body/BodyPart/Limb/Torso.cpp:1:
In file included from /Users/zacharyzhang/Documents/GitHub/Earthcall/src/Person/Body/BodyPart/Limb/Torso.hpp:2:
In file included from /Users/zacharyzhang/Documents/GitHub/Earthcall/src/Person/Body/BodyPart/Limb/../Limb.hpp:2:
In file included from /Users/zacharyzhang/Documents/GitHub/Earthcall/src/Person/Body/BodyPart/Limb/../BodyPart.hpp:6:
In file included from /Users/zacharyzhang/Documents/GitHub/Earthcall/src/ConstructedBeing/Object/Object.hpp:36:
In file included from /Users/zacharyzhang/Documents/GitHub/Earthcall/src/ConstructedBeing/Object/Object/FaceTexture.hpp:3:
In file included from /Users/zacharyzhang/Documents/GitHub/Earthcall/src/Rendering/Renderer.hpp:4:
/Users/zacharyzhang/Documents/GitHub/Earthcall/src/ConstructedBeing/Object/Geometry/SmoothSurface.hpp:27:1: warning: 'SmoothSurfaceData' defined as a struct here but previously declared as a class; this is valid, but may result in linker errors under the Microsoft C++ ABI [-Wmismatched-tags]
   27 | struct SmoothSurfaceData {
      | ^
In file included from /Users/zacharyzhang/Documents/GitHub/Earthcall/src/ConstructedBeing/Object/Object/ObjectTypes.hpp:17:5: note: did you mean struct here?
   17 |     class SmoothSurfaceData;
      |     ^~~~~
      |     struct
In file included from /Users/zacharyzhang/Documents/GitHub/Earthcall/src/Person/Body/BodyPart/Limb/Torso.cpp:1:
In file included from /Users/zacharyzhang/Documents/GitHub/Earthcall/src/Person/Body/BodyPart/Limb/Torso.hpp:2:
In file included from /Users/zacharyzhang/Documents/GitHub/Earthcall/src/Person/Body/BodyPart/Limb/../Limb.hpp:2:
In file included from /Users/zacharyzhang/Documents/GitHub/Earthcall/src/Person/Body/BodyPart/Limb/../BodyPart.hpp:6:
In file included from /Users/zacharyzhang/Documents/GitHub/Earthcall/src/ConstructedBeing/Object/Object.hpp:36:
In file included from /Users/zacharyzhang/Documents/GitHub/Earthcall/src/ConstructedBeing/Object/Object/FaceTexture.hpp:3:
/Users/zacharyzhang/Documents/GitHub/Earthcall/src/Rendering/Renderer.hpp:10:18:/Users/zacharyzhang/Documents/GitHub/Earthcall/src/Person/Body/BodyPart/Limb/ForeLeg.cpp:1:
In file included from /Users/zacharyzhang/Documents/GitHub/Earthcall/src/Person/Body/BodyPart/Limb/ForeLeg.hpp:2:
In file included from /Users/zacharyzhang/Documents/GitHub/Earthcall/src/Person/Body/BodyPart/Limb/../Limb.hpp:2:
In file included from /Users/zacharyzhang/Documents/GitHub/Earthcall/src/Person/Body/BodyPart/Limb/../BodyPart.hpp:6:
In file included from /Users/zacharyzhang/Documents/GitHub/Earthcall/src/ConstructedBeing/Object/Object.hpp:39:
/Users/zacharyzhang/Documents/GitHub/Earthcall/src/ConstructedBeing/Object/Geometry/ComplexShape.hpp:70:1: warning: 'ComplexShapeData' defined as a struct here but previously declared as a class; this is valid, but may result in linker errors under the Microsoft C++ ABI [-Wmismatched-tags]
   70 | struct ComplexShapeData {
      | ^
/Users/zacharyzhang/Documents/GitHub/Earthcall/src/ConstructedBeing/Object/Object/ObjectTypes.hpp:18:5: note: did you mean struct here?
   18 |     class ComplexShapeData;
      |     ^~~~~
      |     struct
 warning: struct 'SdfNode' was previously declared as a class; this is valid, but may result in linker errors under the Microsoft C++ ABI [-Wmismatched-tags]
   10 | namespace geom { struct SdfNode; class FieldNode; }
      |                  ^
/Users/zacharyzhang/Documents/GitHub/Earthcall/src/ConstructedBeing/Object/Object/ObjectTypes.hpp:19:11: note: previous use is here
   19 |     class SdfNode;
      |           ^
In file included from /Users/zacharyzhang/Documents/GitHub/Earthcall/src/Person/Body/BodyPart/Limb/ForeLeg.cpp:1:
In file included from /Users/zacharyzhang/Documents/GitHub/Earthcall/src/Person/Body/BodyPart/Limb/ForeLeg.hpp:2:
In file included from /Users/zacharyzhang/Documents/GitHub/Earthcall/src/Person/Body/BodyPart/Limb/../Limb.hpp:2:
In file included from /Users/zacharyzhang/Documents/GitHub/Earthcall/src/Person/Body/BodyPart/Limb/../BodyPart.hpp:6:
In file included from /Users/zacharyzhang/Documents/GitHub/Earthcall/src/ConstructedBeing/Object/Object.hpp:40:
/Users/zacharyzhang/Documents/GitHub/Earthcall/src/ConstructedBeing/Object/Geometry/Sdf.hpp:46:1: warning: 'SdfNode' defined as a struct here but previously declared as a class; this is valid, but may result in linker errors under the Microsoft C++ ABI [-Wmismatched-tags]
   46 | struct SdfNode {
      | ^
/Users/zacharyzhang/Documents/GitHub/Earthcall/src/ConstructedBeing/Object/Object/ObjectTypes.hpp:19:5: note: did you mean struct here?
   19 |     class SdfNode;
      |     ^~~~~
      |     struct
In file included from /Users/zacharyzhang/Documents/GitHub/Earthcall/src/Person/Body/BodyPart/Limb/Torso.cpp:1:
In file included from /Users/zacharyzhang/Documents/GitHub/Earthcall/src/Person/Body/BodyPart/Limb/Torso.hpp:2:
In file included from /Users/zacharyzhang/Documents/GitHub/Earthcall/src/Person/Body/BodyPart/Limb/../Limb.hpp:2:
In file included from /Users/zacharyzhang/Documents/GitHub/Earthcall/src/Person/Body/BodyPart/Limb/../BodyPart.hpp:6:
In file included from /Users/zacharyzhang/Documents/GitHub/Earthcall/src/ConstructedBeing/Object/Object.hpp:39:
/Users/zacharyzhang/Documents/GitHub/Earthcall/src/ConstructedBeing/Object/Geometry/ComplexShape.hpp:70:1: warning: 'ComplexShapeData' defined as a struct here but previously declared as a class; this is valid, but may result in linker errors under the Microsoft C++ ABI [-Wmismatched-tags]
   70 | struct ComplexShapeData {
      | ^
/Users/zacharyzhang/Documents/GitHub/Earthcall/src/ConstructedBeing/Object/Object/ObjectTypes.hpp:18:5: note: did you mean struct here?
   18 |     class ComplexShapeData;
      |     ^~~~~
      |     struct
In file included from /Users/zacharyzhang/Documents/GitHub/Earthcall/src/OurVerse/Tool.cpp:1:
In file included from /Users/zacharyzhang/Documents/GitHub/Earthcall/src/OurVerse/Tool.hpp:5:
In file included from /Users/zacharyzhang/Documents/GitHub/Earthcall/src/ConstructedBeing/Object/Object.hpp:41:
/Users/zacharyzhang/Documents/GitHub/Earthcall/src/ConstructedBeing/Object/Geometry/Patch.hpp:16:1: warning: 'BezierPatch' defined as a struct here but previously declared as a class; this is valid, but may result in linker errors under the Microsoft C++ ABI [-Wmismatched-tags]
   16 | struct BezierPatch {
      | ^
/Users/zacharyzhang/Documents/GitHub/Earthcall/src/ConstructedBeing/Object/Object/ObjectTypes.hpp:21:5: note: did you mean struct here?
   21 |     class BezierPatch;
      |     ^~~~~
      |     struct
In file included from /Users/zacharyzhang/Documents/GitHub/Earthcall/src/Person/Body/BodyPart/Limb/Torso.cpp:1:
In file included from /Users/zacharyzhang/Documents/GitHub/Earthcall/src/Person/Body/BodyPart/Limb/Torso.hpp:2:
In file included from /Users/zacharyzhang/Documents/GitHub/Earthcall/src/Person/Body/BodyPart/Limb/../Limb.hpp:2:
In file included from /Users/zacharyzhang/Documents/GitHub/Earthcall/src/Person/Body/BodyPart/Limb/../BodyPart.hpp:6:
In file included from /Users/zacharyzhang/Documents/GitHub/Earthcall/src/ConstructedBeing/Object/Object.hpp:40:
/Users/zacharyzhang/Documents/GitHub/Earthcall/src/ConstructedBeing/Object/Geometry/Sdf.hpp:46:1: warning: 'SdfNode' defined as a struct here but previously declared as a class; this is valid, but may result in linker errors under the Microsoft C++ ABI [-Wmismatched-tags]
   46 | struct SdfNode {
      | ^
/Users/zacharyzhang/Documents/GitHub/Earthcall/src/ConstructedBeing/Object/Object/ObjectTypes.hpp:19:5: note: did you mean struct here?
   19 |     class SdfNode;
      |     ^~~~~
      |     struct
In file included from /Users/zacharyzhang/Documents/GitHub/Earthcall/src/Person/Body/BodyPart/Limb/Hand.cpp:1:
In file included from /Users/zacharyzhang/Documents/GitHub/Earthcall/src/Person/Body/BodyPart/Limb/Hand.hpp:2:
In file included from /Users/zacharyzhang/Documents/GitHub/Earthcall/src/Person/Body/BodyPart/Limb/../Limb.hpp:2:
In file included from /Users/zacharyzhang/Documents/GitHub/Earthcall/src/Person/Body/BodyPart/Limb/../BodyPart.hpp:6:
In file included from /Users/zacharyzhang/Documents/GitHub/Earthcall/src/ConstructedBeing/Object/Object.hpp:36:
In file included from /Users/zacharyzhang/Documents/GitHub/Earthcall/src/ConstructedBeing/Object/Object/FaceTexture.hpp:3:
In file included from /Users/zacharyzhang/Documents/GitHub/Earthcall/src/Rendering/Renderer.hpp:4:
/Users/zacharyzhang/Documents/GitHub/Earthcall/src/ConstructedBeing/Object/Geometry/SmoothSurface.hpp:23:1: warning: 'TessMesh' defined as a struct here but previously declared as a class; this is valid, but may result in linker errors under the Microsoft C++ ABI [-Wmismatched-tags]
   23 | struct TessMesh {
      | ^
/Users/zacharyzhang/Documents/GitHub/Earthcall/src/ConstructedBeing/Object/Object/ObjectTypes.hpp:20:5: note: did you mean struct here?
   20 |     class TessMesh;
      |     ^~~~~
      |     struct
In file included from /Users/zacharyzhang/Documents/GitHub/Earthcall/src/Person/Body/BodyPart/Limb/Hand.cpp:1:
In file included from /Users/zacharyzhang/Documents/GitHub/Earthcall/src/Person/Body/BodyPart/Limb/Hand.hpp:2:
In file included from /Users/zacharyzhang/Documents/GitHub/Earthcall/src/Person/Body/BodyPart/Limb/../Limb.hpp:2:
In file included from /Users/zacharyzhang/Documents/GitHub/Earthcall/src/Person/Body/BodyPart/Limb/../BodyPart.hpp:6:
In file included from /Users/zacharyzhang/Documents/GitHub/Earthcall/src/ConstructedBeing/Object/Object.hpp:36:
In file included from /Users/zacharyzhang/Documents/GitHub/Earthcall/src/ConstructedBeing/Object/Object/FaceTexture.hpp:3:
In file included from /Users/zacharyzhang/Documents/GitHub/Earthcall/src/Rendering/Renderer.hpp:4:
/Users/zacharyzhang/Documents/GitHub/Earthcall/src/ConstructedBeing/Object/Geometry/SmoothSurface.hpp:27:1: warning: 'SmoothSurfaceData' defined as a struct here but previously declared as a class; this is valid, but may result in linker errors under the Microsoft C++ ABI [-Wmismatched-tags]
   27 | struct SmoothSurfaceData {
      | ^
/Users/zacharyzhang/Documents/GitHub/Earthcall/src/ConstructedBeing/Object/Object/ObjectTypes.hpp:17:5: note: did you mean struct here?
   17 |     class SmoothSurfaceData;
      |     ^~~~~
      |     struct
In file included from /Users/zacharyzhang/Documents/GitHub/Earthcall/src/Person/Body/BodyPart/Limb/Torso.cpp:1:
In file included from /Users/zacharyzhang/Documents/GitHub/Earthcall/src/Person/Body/BodyPart/Limb/Torso.hpp:2:
In file included from /Users/zacharyzhang/Documents/GitHub/Earthcall/src/Person/Body/BodyPart/Limb/../Limb.hpp:2:
In file included from /Users/zacharyzhang/Documents/GitHub/Earthcall/src/Person/Body/BodyPart/Limb/../BodyPart.hpp:6:
In file included from /Users/zacharyzhang/Documents/GitHub/Earthcall/src/ConstructedBeing/Object/Object.hpp:41:
/Users/zacharyzhang/Documents/GitHub/Earthcall/src/ConstructedBeing/Object/Geometry/Patch.hpp:16:1: warning: 'BezierPatch' defined as a struct here but previously declared as a class; this is valid, but may result in linker errors under the Microsoft C++ ABI [-Wmismatched-tags]
   16 | struct BezierPatch {
      | ^
/Users/zacharyzhang/Documents/GitHub/Earthcall/src/ConstructedBeing/Object/Object/ObjectTypes.hpp:21:5: note: did you mean struct here?
   21 |     class BezierPatch;
      |     ^~~~~
      |     struct
In file included from /Users/zacharyzhang/Documents/GitHub/Earthcall/src/Person/Body/BodyPart/Limb/Hand.cpp:1:
In file included from /Users/zacharyzhang/Documents/GitHub/Earthcall/src/Person/Body/BodyPart/Limb/Hand.hpp:2:
In file included from /Users/zacharyzhang/Documents/GitHub/Earthcall/src/Person/Body/BodyPart/Limb/../Limb.hpp:2:
In file included from /Users/zacharyzhang/Documents/GitHub/Earthcall/src/Person/Body/BodyPart/Limb/../BodyPart.hpp:6:
In file included from /Users/zacharyzhang/Documents/GitHub/Earthcall/src/ConstructedBeing/Object/Object.hpp:36:
In file included from /Users/zacharyzhang/Documents/GitHub/Earthcall/src/ConstructedBeing/Object/Object/FaceTexture.hpp:3:
/Users/zacharyzhang/Documents/GitHub/Earthcall/src/Rendering/Renderer.hpp:10:18: warning: struct 'SdfNode' was previously declared as a class; this is valid, but may result in linker errors under the Microsoft C++ ABI [-Wmismatched-tags]
   10 | namespace geom { struct SdfNode; class FieldNode; }
      |                  ^
/Users/zacharyzhang/Documents/GitHub/Earthcall/src/ConstructedBeing/Object/Object/ObjectTypes.hpp:19:11: note: previous use is here
   19 |     class SdfNode;
      |           ^
In file included from /Users/zacharyzhang/Documents/GitHub/Earthcall/src/Person/Body/BodyPart/Limb/ForeLeg.cpp:1:
In file included from /Users/zacharyzhang/Documents/GitHub/Earthcall/src/Person/Body/BodyPart/Limb/ForeLeg.hpp:2:
In file included from /Users/zacharyzhang/Documents/GitHub/Earthcall/src/Person/Body/BodyPart/Limb/../Limb.hpp:2:
In file included from /Users/zacharyzhang/Documents/GitHub/Earthcall/src/Person/Body/BodyPart/Limb/../BodyPart.hpp:6:
In file included from /Users/zacharyzhang/Documents/GitHub/Earthcall/src/ConstructedBeing/Object/Object.hpp:41:
/Users/zacharyzhang/Documents/GitHub/Earthcall/src/ConstructedBeing/Object/Geometry/Patch.hpp:16:1: warning: 'BezierPatch' defined as a struct here but previously declared as a class; this is valid, but may result in linker errors under the Microsoft C++ ABI [-Wmismatched-tags]
   16 | struct BezierPatch {
      | ^
/Users/zacharyzhang/Documents/GitHub/Earthcall/src/ConstructedBeing/Object/Object/ObjectTypes.hpp:21:5: note: did you mean struct here?
   21 |     class BezierPatch;
      |     ^~~~~
      |     struct
In file included from /Users/zacharyzhang/Documents/GitHub/Earthcall/src/Person/Body/BodyPart/Limb/Hand.cpp:1:
In file included from /Users/zacharyzhang/Documents/GitHub/Earthcall/src/Person/Body/BodyPart/Limb/Hand.hpp:2:
In file included from /Users/zacharyzhang/Documents/GitHub/Earthcall/src/Person/Body/BodyPart/Limb/../Limb.hpp:2:
In file included from /Users/zacharyzhang/Documents/GitHub/Earthcall/src/Person/Body/BodyPart/Limb/../BodyPart.hpp:6:
In file included from /Users/zacharyzhang/Documents/GitHub/Earthcall/src/ConstructedBeing/Object/Object.hpp:39:
/Users/zacharyzhang/Documents/GitHub/Earthcall/src/ConstructedBeing/Object/Geometry/ComplexShape.hpp:70:1: warning: 'ComplexShapeData' defined as a struct here but previously declared as a class; this is valid, but may result in linker errors under the Microsoft C++ ABI [-Wmismatched-tags]
   70 | struct ComplexShapeData {
      | ^
/Users/zacharyzhang/Documents/GitHub/Earthcall/src/ConstructedBeing/Object/Object/ObjectTypes.hpp:18:5: note: did you mean struct here?
   18 |     class ComplexShapeData;
      |     ^~~~~
      |     struct
In file included from /Users/zacharyzhang/Documents/GitHub/Earthcall/src/Person/Body/BodyPart/Limb/Hand.cpp:1:
In file included from /Users/zacharyzhang/Documents/GitHub/Earthcall/src/Person/Body/BodyPart/Limb/Hand.hpp:2:
In file included from /Users/zacharyzhang/Documents/GitHub/Earthcall/src/Person/Body/BodyPart/Limb/../Limb.hpp:2:
In file included from /Users/zacharyzhang/Documents/GitHub/Earthcall/src/Person/Body/BodyPart/Limb/../BodyPart.hpp:6:
In file included from /Users/zacharyzhang/Documents/GitHub/Earthcall/src/ConstructedBeing/Object/Object.hpp:40:
/Users/zacharyzhang/Documents/GitHub/Earthcall/src/ConstructedBeing/Object/Geometry/Sdf.hpp:46:1: warning: 'SdfNode' defined as a struct here but previously declared as a class; this is valid, but may result in linker errors under the Microsoft C++ ABI [-Wmismatched-tags]
   46 | struct SdfNode {
      | ^
/Users/zacharyzhang/Documents/GitHub/Earthcall/src/ConstructedBeing/Object/Object/ObjectTypes.hpp:19:5: note: did you mean struct here?
   19 |     class SdfNode;
      |     ^~~~~
      |     struct
In file included from /Users/zacharyzhang/Documents/GitHub/Earthcall/src/Person/Body/BodyPart/Limb/Hand.cpp:1:
In file included from /Users/zacharyzhang/Documents/GitHub/Earthcall/src/Person/Body/BodyPart/Limb/Hand.hpp:2:
In file included from /Users/zacharyzhang/Documents/GitHub/Earthcall/src/Person/Body/BodyPart/Limb/../Limb.hpp:2:
In file included from /Users/zacharyzhang/Documents/GitHub/Earthcall/src/Person/Body/BodyPart/Limb/../BodyPart.hpp:6:
In file included from /Users/zacharyzhang/Documents/GitHub/Earthcall/src/ConstructedBeing/Object/Object.hpp:41:
/Users/zacharyzhang/Documents/GitHub/Earthcall/src/ConstructedBeing/Object/Geometry/Patch.hpp:16:1: warning: 'BezierPatch' defined as a struct here but previously declared as a class; this is valid, but may result in linker errors under the Microsoft C++ ABI [-Wmismatched-tags]
   16 | struct BezierPatch {
      | ^
/Users/zacharyzhang/Documents/GitHub/Earthcall/src/ConstructedBeing/Object/Object/ObjectTypes.hpp:21:5: note: did you mean struct here?
   21 |     class BezierPatch;
      |     ^~~~~
      |     struct
/Users/zacharyzhang/Documents/GitHub/Earthcall/src/OurVerse/Tool.cpp:242:17: error: no member named 'isCursorLocked' in 'Core::Engine'
  242 |     if (engine->isCursorLocked()) {
      |         ~~~~~~  ^
/Users/zacharyzhang/Documents/GitHub/Earthcall/src/OurVerse/Tool.cpp:536:54: error: member reference type 'class MouseHandler *' is a pointer; did you mean to use '->'?
  536 |         if (mouseLeftNow && !engine.getMouseHandler().isLeftPressedLast()) {
      |                              ~~~~~~~~~~~~~~~~~~~~~~~~^
      |                                                      ->
/Users/zacharyzhang/Documents/GitHub/Earthcall/src/OurVerse/Tool.cpp:536:54: error: incomplete definition of type 'class MouseHandler'
  536 |         if (mouseLeftNow && !engine.getMouseHandler().isLeftPressedLast()) {
      |                              ~~~~~~~~~~~~~~~~~~~~~~~~^
/Users/zacharyzhang/Documents/GitHub/Earthcall/src/Singularity/Core/Engine.hpp:45:11: note: forward declaration of 'Core::MouseHandler'
   45 |     class MouseHandler* getMouseHandler();
      |           ^
/Users/zacharyzhang/Documents/GitHub/Earthcall/src/OurVerse/Tool.cpp:542:20: error: no member named 'getAdvanced2DBrush' in 'Core::Engine'
  542 |         if (engine.getAdvanced2DBrush())
      |             ~~~~~~ ^
/Users/zacharyzhang/Documents/GitHub/Earthcall/src/OurVerse/Tool.cpp:544:58: error: member reference type 'class MouseHandler *' is a pointer; did you mean to use '->'?
  544 |             if (mouseLeftNow && !engine.getMouseHandler().isLeftPressedLast())
      |                                  ~~~~~~~~~~~~~~~~~~~~~~~~^
      |                                                          ->
/Users/zacharyzhang/Documents/GitHub/Earthcall/src/OurVerse/Tool.cpp:544:58: error: incomplete definition of type 'class MouseHandler'
  544 |             if (mouseLeftNow && !engine.getMouseHandler().isLeftPressedLast())
      |                                  ~~~~~~~~~~~~~~~~~~~~~~~~^
/Users/zacharyzhang/Documents/GitHub/Earthcall/src/Singularity/Core/Engine.hpp:45:11: note: forward declaration of 'Core::MouseHandler'
   45 |     class MouseHandler* getMouseHandler();
      |           ^
/Users/zacharyzhang/Documents/GitHub/Earthcall/src/OurVerse/Tool.cpp:546:58: error: member reference type 'class MouseHandler *' is a pointer; did you mean to use '->'?
  546 |                 zone.startStroke(engine.getMouseHandler().getCursorX(), engine.getMouseHandler().getCursorY());
      |                                  ~~~~~~~~~~~~~~~~~~~~~~~~^
      |                                                          ->
/Users/zacharyzhang/Documents/GitHub/Earthcall/src/OurVerse/Tool.cpp:546:58: error: incomplete definition of type 'class MouseHandler'
  546 |                 zone.startStroke(engine.getMouseHandler().getCursorX(), engine.getMouseHandler().getCursorY());
      |                                  ~~~~~~~~~~~~~~~~~~~~~~~~^
/Users/zacharyzhang/Documents/GitHub/Earthcall/src/Singularity/Core/Engine.hpp:45:11: note: forward declaration of 'Core::MouseHandler'
   45 |     class MouseHandler* getMouseHandler();
      |           ^
/Users/zacharyzhang/Documents/GitHub/Earthcall/src/OurVerse/Tool.cpp:546:97: error: member reference type 'class MouseHandler *' is a pointer; did you mean to use '->'?
  546 |                 zone.startStroke(engine.getMouseHandler().getCursorX(), engine.getMouseHandler().getCursorY());
      |                                                                         ~~~~~~~~~~~~~~~~~~~~~~~~^
      |                                                                                                 ->
/Users/zacharyzhang/Documents/GitHub/Earthcall/src/OurVerse/Tool.cpp:546:97: error: incomplete definition of type 'class MouseHandler'
  546 |                 zone.startStroke(engine.getMouseHandler().getCursorX(), engine.getMouseHandler().getCursorY());
      |                                                                         ~~~~~~~~~~~~~~~~~~~~~~~~^
/Users/zacharyzhang/Documents/GitHub/Earthcall/src/Singularity/Core/Engine.hpp:45:11: note: forward declaration of 'Core::MouseHandler'
   45 |     class MouseHandler* getMouseHandler();
      |           ^
/Users/zacharyzhang/Documents/GitHub/Earthcall/src/OurVerse/Tool.cpp:548:62: error: member reference type 'class MouseHandler *' is a pointer; did you mean to use '->'?
  548 |             else if (mouseLeftNow && engine.getMouseHandler().isLeftPressedLast())
      |                                      ~~~~~~~~~~~~~~~~~~~~~~~~^
      |                                                              ->
/Users/zacharyzhang/Documents/GitHub/Earthcall/src/OurVerse/Tool.cpp:548:62: error: incomplete definition of type 'class MouseHandler'
  548 |             else if (mouseLeftNow && engine.getMouseHandler().isLeftPressedLast())
      |                                      ~~~~~~~~~~~~~~~~~~~~~~~~^
/Users/zacharyzhang/Documents/GitHub/Earthcall/src/Singularity/Core/Engine.hpp:45:11: note: forward declaration of 'Core::MouseHandler'
   45 |     class MouseHandler* getMouseHandler();
      |           ^
/Users/zacharyzhang/Documents/GitHub/Earthcall/src/OurVerse/Tool.cpp:550:61: error: member reference type 'class MouseHandler *' is a pointer; did you mean to use '->'?
  550 |                 zone.continueStroke(engine.getMouseHandler().getCursorX(), engine.getMouseHandler().getCursorY());
      |                                     ~~~~~~~~~~~~~~~~~~~~~~~~^
      |                                                             ->
/Users/zacharyzhang/Documents/GitHub/Earthcall/src/OurVerse/Tool.cpp:550:61: error: incomplete definition of type 'class MouseHandler'
  550 |                 zone.continueStroke(engine.getMouseHandler().getCursorX(), engine.getMouseHandler().getCursorY());
      |                                     ~~~~~~~~~~~~~~~~~~~~~~~~^
/Users/zacharyzhang/Documents/GitHub/Earthcall/src/Singularity/Core/Engine.hpp:45:11: note: forward declaration of 'Core::MouseHandler'
   45 |     class MouseHandler* getMouseHandler();
      |           ^
/Users/zacharyzhang/Documents/GitHub/Earthcall/src/OurVerse/Tool.cpp:550:100: error: member reference type 'class MouseHandler *' is a pointer; did you mean to use '->'?
  550 |                 zone.continueStroke(engine.getMouseHandler().getCursorX(), engine.getMouseHandler().getCursorY());
      |                                                                            ~~~~~~~~~~~~~~~~~~~~~~~~^
      |                                                                                                    ->
/Users/zacharyzhang/Documents/GitHub/Earthcall/src/OurVerse/Tool.cpp:550:100: error: incomplete definition of type 'class MouseHandler'
  550 |                 zone.continueStroke(engine.getMouseHandler().getCursorX(), engine.getMouseHandler().getCursorY());
      |                                                                            ~~~~~~~~~~~~~~~~~~~~~~~~^
/Users/zacharyzhang/Documents/GitHub/Earthcall/src/Singularity/Core/Engine.hpp:45:11: note: forward declaration of 'Core::MouseHandler'
   45 |     class MouseHandler* getMouseHandler();
      |           ^
/Users/zacharyzhang/Documents/GitHub/Earthcall/src/OurVerse/Tool.cpp:552:63: error: member reference type 'class MouseHandler *' is a pointer; did you mean to use '->'?
  552 |             else if (!mouseLeftNow && engine.getMouseHandler().isLeftPressedLast())
      |                                       ~~~~~~~~~~~~~~~~~~~~~~~~^
      |                                                               ->
/Users/zacharyzhang/Documents/GitHub/Earthcall/src/OurVerse/Tool.cpp:552:63: error: incomplete definition of type 'class MouseHandler'
  552 |             else if (!mouseLeftNow && engine.getMouseHandler().isLeftPressedLast())
      |                                       ~~~~~~~~~~~~~~~~~~~~~~~~^
/Users/zacharyzhang/Documents/GitHub/Earthcall/src/Singularity/Core/Engine.hpp:45:11: note: forward declaration of 'Core::MouseHandler'
   45 |     class MouseHandler* getMouseHandler();
      |           ^
/Users/zacharyzhang/Documents/GitHub/Earthcall/src/OurVerse/Tool.cpp:560:58: error: member reference type 'class MouseHandler *' is a pointer; did you mean to use '->'?
  560 |             if (mouseLeftNow && !engine.getMouseHandler().isLeftPressedLast())
      |                                  ~~~~~~~~~~~~~~~~~~~~~~~~^
      |                                                          ->
fatal error: too many errors emitted, stopping now [-ferror-limit=]
/Users/zacharyzhang/Documents/GitHub/Earthcall/src/OurVerse/CursorTools.cpp:34:50: error: member reference type 'class MouseHandler *' is a pointer; did you mean to use '->'?
   34 |     const float mouseX = engine.getMouseHandler().getCursorX();
      |                          ~~~~~~~~~~~~~~~~~~~~~~~~^
      |                                                  ->
/Users/zacharyzhang/Documents/GitHub/Earthcall/src/OurVerse/CursorTools.cpp:34:50: error: incomplete definition of type 'class MouseHandler'
   34 |     const float mouseX = engine.getMouseHandler().getCursorX();
      |                          ~~~~~~~~~~~~~~~~~~~~~~~~^
/Users/zacharyzhang/Documents/GitHub/Earthcall/src/Singularity/Core/Engine.hpp:45:11: note: forward declaration of 'Core::MouseHandler'
   45 |     class MouseHandler* getMouseHandler();
      |           ^
/Users/zacharyzhang/Documents/GitHub/Earthcall/src/OurVerse/CursorTools.cpp:35:50: error: member reference type 'class MouseHandler *' is a pointer; did you mean to use '->'?
   35 |     const float mouseY = engine.getMouseHandler().getCursorY();
      |                          ~~~~~~~~~~~~~~~~~~~~~~~~^
      |                                                  ->
/Users/zacharyzhang/Documents/GitHub/Earthcall/src/OurVerse/CursorTools.cpp:35:50: error: incomplete definition of type 'class MouseHandler'
   35 |     const float mouseY = engine.getMouseHandler().getCursorY();
      |                          ~~~~~~~~~~~~~~~~~~~~~~~~^
/Users/zacharyzhang/Documents/GitHub/Earthcall/src/Singularity/Core/Engine.hpp:45:11: note: forward declaration of 'Core::MouseHandler'
   45 |     class MouseHandler* getMouseHandler();
      |           ^
/Users/zacharyzhang/Documents/GitHub/Earthcall/src/OurVerse/CursorTools.cpp:36:39: error: member access into incomplete type 'class Camera'
   36 |     const int* vp = engine.getCamera()->getViewport();
      |                                       ^
/Users/zacharyzhang/Documents/GitHub/Earthcall/src/Singularity/Core/Engine.hpp:41:11: note: forward declaration of 'Core::Camera'
   41 |     class Camera* getCamera();
      |           ^
/Users/zacharyzhang/Documents/GitHub/Earthcall/src/OurVerse/CursorTools.cpp:37:44: error: member access into incomplete type 'class Camera'
   37 |     const GLdouble* mv = engine.getCamera()->getModelview();
      |                                            ^
/Users/zacharyzhang/Documents/GitHub/Earthcall/src/Singularity/Core/Engine.hpp:41:11: note: forward declaration of 'Core::Camera'
   41 |     class Camera* getCamera();
      |           ^
/Users/zacharyzhang/Documents/GitHub/Earthcall/src/OurVerse/CursorTools.cpp:38:44: error: member access into incomplete type 'class Camera'
   38 |     const GLdouble* pr = engine.getCamera()->getProjection();
      |                                            ^
/Users/zacharyzhang/Documents/GitHub/Earthcall/src/Singularity/Core/Engine.hpp:41:11: note: forward declaration of 'Core::Camera'
   41 |     class Camera* getCamera();
      |           ^
7 warnings and 20 errors generated.
make[3]: *** [CMakeFiles/earthcall_core.dir/src/OurVerse/Tool.cpp.o] Error 1
make[3]: *** Waiting for unfinished jobs....
7 warnings and 7 errors generated.
make[3]: *** [CMakeFiles/earthcall_core.dir/src/OurVerse/CursorTools.cpp.o] Error 1
7 warnings generated.
7 warnings generated.
7 warnings generated.
7 warnings generated.
7 warnings generated.
7 warnings generated.
make[2]: *** [CMakeFiles/earthcall_core.dir/all] Error 2
make[1]: *** [CMakeFiles/earthcall.dir/rule] Error 2
make: *** [earthcall] Error 2
