[  8%] Built target glfw
[  8%] Building CXX object CMakeFiles/earthcall_core.dir/src/OurVerse/CursorTools.cpp.o
[  8%] Building OBJCXX object CMakeFiles/earthcall_core.dir/src/Integration/RealWebView.cpp.o
[ 10%] Building CXX object CMakeFiles/earthcall_core.dir/src/OurVerse/Controls.cpp.o
[ 10%] Building CXX object CMakeFiles/earthcall_core.dir/src/OurVerse/Tool.cpp.o
[ 10%] Building CXX object CMakeFiles/earthcall_core.dir/src/OurVerse/ElementalToolHandler.cpp.o
[ 10%] Building CXX object CMakeFiles/earthcall_core.dir/src/Singularity/Core/EngineGame.cpp.o
[ 10%] Building CXX object CMakeFiles/earthcall_core.dir/src/Singularity/Core/Engine.cpp.o
[ 13%] Building CXX object CMakeFiles/earthcall_core.dir/src/Singularity/Core/EngineInit.cpp.o
clang++: error: no such file or directory: '/Users/zacharyzhang/Documents/GitHub/Earthcall/src/Singularity/Core/EngineGame.cpp'
clang++: error: no input files
make[3]: *** [CMakeFiles/earthcall_core.dir/src/Singularity/Core/EngineGame.cpp.o] Error 1
make[3]: *** Waiting for unfinished jobs....
In file included from /Users/zacharyzhang/Documents/GitHub/Earthcall/src/Singularity/Core/Engine.cpp:1:
In file included from /Users/zacharyzhang/Documents/GitHub/Earthcall/src/Singularity/Core/Engine.hpp:1:
In file included from /Users/zacharyzhang/Documents/GitHub/Earthcall/src/ZonesOfEarth/Ourverse/Ourverse.hpp:8:
In file included from /Users/zacharyzhang/Documents/GitHub/Earthcall/src/ZonesOfEarth/Ourverse/../Zone/Zone.hpp:5:
In file included from /Users/zacharyzhang/Documents/GitHub/Earthcall/src/ZonesOfEarth/Ourverse/../Zone/../World/World.hpp:5:
In file included from /Users/zacharyzhang/Documents/GitHub/Earthcall/src/ConstructedBeing/Object/Object.hpp:35:
/Users/zacharyzhang/Documents/GitHub/Earthcall/src/ConstructedBeing/Object/Object/PolyhedronData.hpp:12:1: warning: 'PolyhedronData' defined as a struct here but previously declared as a class; this is valid, but may result in linker errors under the Microsoft C++ ABI [-Wmismatched-tags]
   12 | struct PolyhedronData {
      | ^
/Users/zacharyzhang/Documents/GitHub/Earthcall/src/ConstructedBeing/Object/Object/ObjectTypes.hpp:24:1: note: did you mean struct here?
   24 | class PolyhedronData;
      | ^~~~~
      | struct
In file included from /Users/zacharyzhang/Documents/GitHub/Earthcall/src/Singularity/Core/EngineInit.cpp:1:
In file included from /Users/zacharyzhang/Documents/GitHub/Earthcall/src/Person/Person.hpp:6:
In file included from /Users/zacharyzhang/Documents/GitHub/Earthcall/src/Person/Body/Body.hpp:5:
In file included from /Users/zacharyzhang/Documents/GitHub/Earthcall/src/ConstructedBeing/Object/Object.hpp:35:
/Users/zacharyzhang/Documents/GitHub/Earthcall/src/ConstructedBeing/Object/Object/PolyhedronData.hpp:12:1: warning: 'PolyhedronData' defined as a struct here but previously declared as a class; this is valid, but may result in linker errors under the Microsoft C++ ABI [-Wmismatched-tags]
   12 | struct PolyhedronData {
      | ^
/Users/zacharyzhang/Documents/GitHub/Earthcall/src/ConstructedBeing/Object/Object/ObjectTypes.hpp:24:1: note: did you mean struct here?
   24 | class PolyhedronData;
      | ^~~~~
      | struct
In file included from /Users/zacharyzhang/Documents/GitHub/Earthcall/src/OurVerse/Controls.cpp:4:
In file included from /Users/zacharyzhang/Documents/GitHub/Earthcall/src/Singularity/Core/Engine.hpp:1:
In file included from /Users/zacharyzhang/Documents/GitHub/Earthcall/src/ZonesOfEarth/Ourverse/Ourverse.hpp:8:
In file included from /Users/zacharyzhang/Documents/GitHub/Earthcall/src/ZonesOfEarth/Ourverse/../Zone/Zone.hpp:5:
In file included from /Users/zacharyzhang/Documents/GitHub/Earthcall/src/ZonesOfEarth/Ourverse/../Zone/../World/World.hpp:5:
In file included from /Users/zacharyzhang/Documents/GitHub/Earthcall/src/ConstructedBeing/Object/Object.hpp:35:
/Users/zacharyzhang/Documents/GitHub/Earthcall/src/ConstructedBeing/Object/Object/PolyhedronData.hpp:12:1: warning: 'PolyhedronData' defined as a struct here but previously declared as a class; this is valid, but may result in linker errors under the Microsoft C++ ABI [-Wmismatched-tags]
   12 | struct PolyhedronData {
      | ^
/Users/zacharyzhang/Documents/GitHub/Earthcall/src/ConstructedBeing/Object/Object/ObjectTypes.hpp:24:1: note: did you mean struct here?
   24 | class PolyhedronData;
      | ^~~~~
      | struct
In file included from /Users/zacharyzhang/Documents/GitHub/Earthcall/src/OurVerse/Tool.cpp:1:
In file included from /Users/zacharyzhang/Documents/GitHub/Earthcall/src/OurVerse/Tool.hpp:5:
In file included from /Users/zacharyzhang/Documents/GitHub/Earthcall/src/ConstructedBeing/Object/Object.hpp:35:
/Users/zacharyzhang/Documents/GitHub/Earthcall/src/ConstructedBeing/Object/Object/PolyhedronData.hpp:12:1: warning: 'PolyhedronData' defined as a struct here but previously declared as a class; this is valid, but may result in linker errors under the Microsoft C++ ABI [-Wmismatched-tags]
   12 | struct PolyhedronData {
      | ^
/Users/zacharyzhang/Documents/GitHub/Earthcall/src/ConstructedBeing/Object/Object/ObjectTypes.hpp:24:1: note: did you mean struct here?
   24 | class PolyhedronData;
      | ^~~~~
      | struct
In file included from /Users/zacharyzhang/Documents/GitHub/Earthcall/src/OurVerse/CursorTools.cpp:3:
In file included from /Users/zacharyzhang/Documents/GitHub/Earthcall/src/Singularity/Core/Engine.hpp:1:
In file included from /Users/zacharyzhang/Documents/GitHub/Earthcall/src/ZonesOfEarth/Ourverse/Ourverse.hpp:8:
In file included from /Users/zacharyzhang/Documents/GitHub/Earthcall/src/ZonesOfEarth/Ourverse/../Zone/Zone.hpp:5:
In file included from /Users/zacharyzhang/Documents/GitHub/Earthcall/src/ZonesOfEarth/Ourverse/../Zone/../World/World.hpp:5:
In file included from /Users/zacharyzhang/Documents/GitHub/Earthcall/src/ConstructedBeing/Object/Object.hpp:35:
/Users/zacharyzhang/Documents/GitHub/Earthcall/src/ConstructedBeing/Object/Object/PolyhedronData.hpp:12:1: warning: 'PolyhedronData' defined as a struct here but previously declared as a class; this is valid, but may result in linker errors under the Microsoft C++ ABI [-Wmismatched-tags]
   12 | struct PolyhedronData {
      | ^
/Users/zacharyzhang/Documents/GitHub/Earthcall/src/ConstructedBeing/Object/Object/ObjectTypes.hpp:24:1: note: did you mean struct here?
   24 | class PolyhedronData;
      | ^~~~~
      | struct
In file included from /Users/zacharyzhang/Documents/GitHub/Earthcall/src/OurVerse/ElementalToolHandler.cpp:1:
In file included from /Users/zacharyzhang/Documents/GitHub/Earthcall/src/OurVerse/ElementalToolHandler.hpp:3:
In file included from /Users/zacharyzhang/Documents/GitHub/Earthcall/src/ZonesOfEarth/ZoneManager.hpp:5:
In file included from /Users/zacharyzhang/Documents/GitHub/Earthcall/src/ZonesOfEarth/Zone/Zone.hpp:5:
In file included from /Users/zacharyzhang/Documents/GitHub/Earthcall/src/ZonesOfEarth/Zone/../World/World.hpp:5:
In file included from /Users/zacharyzhang/Documents/GitHub/Earthcall/src/ConstructedBeing/Object/Object.hpp:35:
/Users/zacharyzhang/Documents/GitHub/Earthcall/src/ConstructedBeing/Object/Object/PolyhedronData.hpp:12:1: warning: 'PolyhedronData' defined as a struct here but previously declared as a class; this is valid, but may result in linker errors under the Microsoft C++ ABI [-Wmismatched-tags]
   12 | struct PolyhedronData {
      | ^
/Users/zacharyzhang/Documents/GitHub/Earthcall/src/ConstructedBeing/Object/Object/ObjectTypes.hpp:24:1: note: did you mean struct here?
   24 | class PolyhedronData;
      | ^~~~~
      | struct
In file included from /Users/zacharyzhang/Documents/GitHub/Earthcall/src/Singularity/Core/Engine.cpp:1:
In file included from /Users/zacharyzhang/Documents/GitHub/Earthcall/src/Singularity/Core/Engine.hpp:1:
In file included from /Users/zacharyzhang/Documents/GitHub/Earthcall/src/ZonesOfEarth/Ourverse/Ourverse.hpp:8:
In file included from /Users/zacharyzhang/Documents/GitHub/Earthcall/src/ZonesOfEarth/Ourverse/../Zone/Zone.hpp:5:
In file included from /Users/zacharyzhang/Documents/GitHub/Earthcall/src/ZonesOfEarth/Ourverse/../Zone/../World/World.hpp:5:
In file included from /Users/zacharyzhang/Documents/GitHub/Earthcall/src/ConstructedBeing/Object/Object.hpp:36:
In file included from /Users/zacharyzhang/Documents/GitHub/Earthcall/src/ConstructedBeing/Object/Object/FaceTexture.hpp:3:
In file included from /Users/zacharyzhang/Documents/GitHub/Earthcall/src/Rendering/Renderer.hpp:4:
/Users/zacharyzhang/Documents/GitHub/Earthcall/src/ConstructedBeing/Object/Geometry/SmoothSurface.hpp:23:1: warning: 'TessMesh' defined as a struct here but previously declared as a class; this is valid, but may result in linker errors under the Microsoft C++ ABI [-Wmismatched-tags]
   23 | struct TessMesh {
      | ^
/Users/zacharyzhang/Documents/GitHub/Earthcall/src/ConstructedBeing/Object/Object/ObjectTypes.hpp:20:5: note: did you mean struct here?
   20 |     class TessMesh;
      |     ^~~~~
      |     struct
In file included from /Users/zacharyzhang/Documents/GitHub/Earthcall/src/Singularity/Core/Engine.cpp:1:
In file included from /Users/zacharyzhang/Documents/GitHub/Earthcall/src/Singularity/Core/Engine.hpp:1:
In file included from /Users/zacharyzhang/Documents/GitHub/Earthcall/src/ZonesOfEarth/Ourverse/Ourverse.hpp:8:
In file included from /Users/zacharyzhang/Documents/GitHub/Earthcall/src/ZonesOfEarth/Ourverse/../Zone/Zone.hpp:5:
In file included from /Users/zacharyzhang/Documents/GitHub/Earthcall/src/ZonesOfEarth/Ourverse/../Zone/../World/World.hpp:5:
In file included from /Users/zacharyzhang/Documents/GitHub/Earthcall/src/ConstructedBeing/Object/Object.hpp:36:
In file included from /Users/zacharyzhang/Documents/GitHub/Earthcall/src/ConstructedBeing/Object/Object/FaceTexture.hpp:3:
In file included from /Users/zacharyzhang/Documents/GitHub/Earthcall/src/Rendering/Renderer.hpp:4:
/Users/zacharyzhang/Documents/GitHub/Earthcall/src/ConstructedBeing/Object/Geometry/SmoothSurface.hpp:27:1: warning: 'SmoothSurfaceData' defined as a struct here but previously declared as a class; this is valid, but may result in linker errors under the Microsoft C++ ABI [-Wmismatched-tags]
   27 | struct SmoothSurfaceData {
      | ^
/Users/zacharyzhang/Documents/GitHub/Earthcall/src/ConstructedBeing/Object/Object/ObjectTypes.hpp:17:5: note: did you mean struct here?
   17 |     class SmoothSurfaceData;
      |     ^~~~~
      |     struct
In file included from /Users/zacharyzhang/Documents/GitHub/Earthcall/src/Singularity/Core/Engine.cpp:1:
In file included from /Users/zacharyzhang/Documents/GitHub/Earthcall/src/Singularity/Core/Engine.hpp:1:
In file included from /Users/zacharyzhang/Documents/GitHub/Earthcall/src/ZonesOfEarth/Ourverse/Ourverse.hpp:8:
In file included from /Users/zacharyzhang/Documents/GitHub/Earthcall/src/ZonesOfEarth/Ourverse/../Zone/Zone.hpp:5:
In file included from /Users/zacharyzhang/Documents/GitHub/Earthcall/src/ZonesOfEarth/Ourverse/../Zone/../World/World.hpp:5:
In file included from /Users/zacharyzhang/Documents/GitHub/Earthcall/src/ConstructedBeing/Object/Object.hpp:36:
In file included from /Users/zacharyzhang/Documents/GitHub/Earthcall/src/ConstructedBeing/Object/Object/FaceTexture.hpp:3:
/Users/zacharyzhang/Documents/GitHub/Earthcall/src/Rendering/Renderer.hpp:10:18: warning: struct 'SdfNode' was previously declared as a class; this is valid, but may result in linker errors under the Microsoft C++ ABI [-Wmismatched-tags]
   10 | namespace geom { struct SdfNode; class FieldNode; }
      |                  ^
/Users/zacharyzhang/Documents/GitHub/Earthcall/src/ConstructedBeing/Object/Object/ObjectTypes.hpp:19:11: note: previous use is here
   19 |     class SdfNode;
      |           ^
In file included from /Users/zacharyzhang/Documents/GitHub/Earthcall/src/OurVerse/Controls.cpp:4:
In file included from /Users/zacharyzhang/Documents/GitHub/Earthcall/src/Singularity/Core/Engine.hpp:1:
In file included from /Users/zacharyzhang/Documents/GitHub/Earthcall/src/ZonesOfEarth/Ourverse/Ourverse.hpp:8:
In file included from /Users/zacharyzhang/Documents/GitHub/Earthcall/src/ZonesOfEarth/Ourverse/../Zone/Zone.hpp:5:
In file included from /Users/zacharyzhang/Documents/GitHub/Earthcall/src/ZonesOfEarth/Ourverse/../Zone/../World/World.hpp:5:
In file included from /Users/zacharyzhang/Documents/GitHub/Earthcall/src/ConstructedBeing/Object/Object.hpp:36:
In file included from /Users/zacharyzhang/Documents/GitHub/Earthcall/src/ConstructedBeing/Object/Object/FaceTexture.hpp:3:
In file included from /Users/zacharyzhang/Documents/GitHub/Earthcall/src/Rendering/Renderer.hpp:4:
/Users/zacharyzhang/Documents/GitHub/Earthcall/src/ConstructedBeing/Object/Geometry/SmoothSurface.hpp:23:1: warning: 'TessMesh' defined as a struct here but previously declared as a class; this is valid, but may result in linker errors under the Microsoft C++ ABI [-Wmismatched-tags]
   23 | struct TessMesh {
      | ^
In file included from /Users/zacharyzhang/Documents/GitHub/Earthcall/src/Singularity/Core/EngineInit.cpp:1:
/Users/zacharyzhang/Documents/GitHub/Earthcall/src/ConstructedBeing/Object/Object/ObjectTypes.hpp:20:5: note: did you mean struct here?
   20 |     class TessMesh;
      |     ^~~~~
      |     struct
In file included from /Users/zacharyzhang/Documents/GitHub/Earthcall/src/Person/Person.hpp:6:
In file included from /Users/zacharyzhang/Documents/GitHub/Earthcall/src/Person/Body/Body.hpp:5:
In file included from /Users/zacharyzhang/Documents/GitHub/Earthcall/src/ConstructedBeing/Object/Object.hpp:36:
In file included from /Users/zacharyzhang/Documents/GitHub/Earthcall/src/ConstructedBeing/Object/Object/FaceTexture.hpp:3:
In file included from /Users/zacharyzhang/Documents/GitHub/Earthcall/src/Rendering/Renderer.hpp:4:
/Users/zacharyzhang/Documents/GitHub/Earthcall/src/ConstructedBeing/Object/Geometry/SmoothSurface.hpp:23:1: warning: 'TessMesh' defined as a struct here but previously declared as a class; this is valid, but may result in linker errors under the Microsoft C++ ABI [-Wmismatched-tags]
   23 | struct TessMesh {
      | ^
In file included from /Users/zacharyzhang/Documents/GitHub/Earthcall/src/OurVerse/Tool.cpp:1:
In file included from /Users/zacharyzhang/Documents/GitHub/Earthcall/src/OurVerse/Tool.hpp:5:
In file included from /Users/zacharyzhang/Documents/GitHub/Earthcall/src/ConstructedBeing/Object/Object.hpp:/Users/zacharyzhang/Documents/GitHub/Earthcall/src/ConstructedBeing/Object/Object/ObjectTypes.hpp:20:5: note: did you mean struct here?
   20 |     class TessMes36:
In file included from /Users/zacharyzhang/Documents/GitHub/Earthcall/src/ConstructedBeing/Object/Object/FaceTexture.hpp:3:
In file included from /Users/zacharyzhang/Documents/GitHub/Earthcall/src/Rendering/Renderer.hpp:h;
      |     ^~~~~
      |     struct
4:
/Users/zacharyzhang/Documents/GitHub/Earthcall/src/ConstructedBeing/Object/Geometry/SmoothSurface.hpp:23:1: warning: 'TessMesh' defined as a struct here but previously declared as a class; this is valid, but may result in linker errors under the Microsoft C++ ABI [-Wmismatched-tags]
   23 | struct TessMesh {
      | ^
/Users/zacharyzhang/Documents/GitHub/Earthcall/src/ConstructedBeing/Object/Object/ObjectTypes.hpp:20:5: note: did you mean struct here?
   20 |     class TessMesh;
      |     ^~~~~
      |     struct
In file included from /Users/zacharyzhang/Documents/GitHub/Earthcall/src/OurVerse/Controls.cpp:4:
In file included from /Users/zacharyzhang/Documents/GitHub/Earthcall/src/Singularity/Core/Engine.hpp:1:
In file included from /Users/zacharyzhang/Documents/GitHub/Earthcall/src/ZonesOfEarth/Ourverse/Ourverse.hpp:8:
In file included from /Users/zacharyzhang/Documents/GitHub/Earthcall/src/ZonesOfEarth/Ourverse/../Zone/Zone.hpp:5:
In file included from /Users/zacharyzhang/Documents/GitHub/Earthcall/src/ZonesOfEarth/Ourverse/../Zone/../World/World.hpp:5:
In file included from /Users/zacharyzhang/Documents/GitHub/Earthcall/src/ConstructedBeing/Object/Object.hpp:36:
In file included from /Users/zacharyzhang/Documents/GitHub/Earthcall/src/ConstructedBeing/Object/Object/FaceTexture.hpp:3:
In file included from /Users/zacharyzhang/Documents/GitHub/Earthcall/src/Rendering/Renderer.hpp:4:
/Users/zacharyzhang/Documents/GitHub/Earthcall/src/ConstructedBeing/Object/Geometry/SmoothSurface.hpp:27:1: warning: 'SmoothSurfaceData' defined as a struct here but previously declared as a class; this is valid, but may result in linker errors under the Microsoft C++ ABI [-Wmismatched-tags]
   27 | struct SmoothSurfaceData {
      | ^
/Users/zacharyzhang/Documents/GitHub/Earthcall/src/ConstructedBeing/Object/Object/ObjectTypes.hpp:17:5: note: did you mean struct here?
   17 |     class SIn file included from moothSurface/Users/zacharyzhang/Documents/GitHub/Earthcall/src/OurVerse/CursorTools.cpp:3:
In file included from Data;
      |     ^~~~~/Users/zacharyzhang/Documents/GitHub/Earthcall/src/Singularity/Core/Engine.hpp:1:
In file included from /Users/zacharyzhang/Documents/GitHub/Earthcall/src/ZonesOfEarth/Ourverse/Ourverse.hpp:8:
In file included from /Users/zacharyzhang/Documents/GitHub/Earthcall/src/ZonesOfEarth/Ourverse/../Zone/Zone.hpp:
      |     struct
5:
In file included from /Users/zacharyzhang/Documents/GitHub/Earthcall/src/ZonesOfEarth/Ourverse/../Zone/../World/World.hpp:5:
In file included from /Users/zacharyzhang/Documents/GitHub/Earthcall/src/ConstructedBeing/Object/Object.hpp:36:
In file included from /Users/zacharyzhang/Documents/GitHub/Earthcall/src/ConstructedBeing/Object/Object/FaceTexture.hpp:3:
In file included from /Users/zacharyzhang/Documents/GitHub/Earthcall/src/Rendering/Renderer.hpp:4:
/Users/zacharyzhang/Documents/GitHub/Earthcall/src/ConstructedBeing/Object/Geometry/SmoothSurface.hpp:23:1: warning: 'TessMesh' defined as a struct here but previously declared as a class; this is valid, but may result in linker errors under the Microsoft C++ ABI [-Wmismatched-tags]
   23 | struct TessMesh {
      | ^
/Users/zacharyzhang/Documents/GitHub/Earthcall/src/ConstructedBeing/Object/Object/ObjectTypes.hpp:20:5: note: did you mean struct here?
   20 |     class TessMesh;
      |     ^~~~~
      |     struct
In file included from In file included from /Users/zacharyzhang/Documents/GitHub/Earthcall/src/OurVerse/Controls.cpp:4:
In file included from /Users/zacharyzhang/Documents/GitHub/Earthcall/src/Singularity/Core/EngineInit.cpp:1:
In file included from /Users/zacharyzhang/Documents/GitHub/Earthcall/src/Person/Person.hpp:6:
In file included from /Users/zacharyzhang/Documents/GitHub/Earthcall/src/Person/Body/Body.hpp:5:
In file included from /Users/zacharyzhang/Documents/GitHub/Earthcall/src/ConstructedBeing/Object/Object.hpp:36:
In file included from /Users/zacharyzhang/Documents/GitHub/Earthcall/src/Singularity/Core/Engine.hpp:1/Users/zacharyzhang/Documents/GitHub/Earthcall/src/ConstructedBeing/Object/Object/FaceTexture.hpp:3:
In file included from /Users/zacharyzhang/Documents/GitHub/Earthcall/src/Rendering/Renderer.hpp:4:
In file included from /Users/zacharyzhang/Documents/GitHub/Earthcall/src/ZonesOfEarth/Ourverse/Ourverse.hpp:8:
In file included from :
/Users/zacharyzhang/Documents/GitHub/Earthcall/src/ZonesOfEarth/Ourverse/../Zone/Zone.hpp:5/Users/zacharyzhang/Documents/GitHub/Earthcall/src/ConstructedBeing/Object/Geometry/SmoothSurface.hpp:27:1: warning: 'SmoothSurfaceData' defined as a struct here but previously declared as a class; this is valid, but may result in linker errors under the Microsoft C++ ABI [-Wmismatched-tags]
:
In file included from /Users/zacharyzhang/Documents/GitHub/Earthcall/src/ZonesOfEarth/Ourverse/../Zone/../World/World.hpp:5:
In file included from /Users/zacharyzhang/Documents/GitHub/Earthcall/src/ConstructedBeing/Object/Object.hpp:36:
In file included from /Users/zacharyzhang/Documents/GitHub/Earthcall/src/ConstructedBeing/Object/Object/FaceTexture.hpp:3:
/Users/zacharyzhang/Documents/GitHub/Earthcall/src/Rendering/Renderer.hpp:10:18: warning: struct 'SdfNode' was previously declared as a class; this is valid, but may result in linker errors under the Microsoft C++ ABI [-Wmismatched-tags]   27 | struct 
SmoothSu   10 | namespace geom rfa{ sceData {
      | ^
truct Sdf/Users/zacharyzhang/Documents/GitHub/Earthcall/src/ConstructedBeing/Object/Object/ObjectTypes.hpp:17:5In file included from /Users/zacharyzhang/Documents/GitHub/Earthcall/src/OurVerse/Tool.cpp:1:
Node;: note: did you mean struct here?
In file included from /Users/zacharyzhang/Documents/GitHub/Earthcall/src/OurVerse/Tool.hpp:   17 |  clas5   s :
 In file included from /Users/zacharyzhang/Documents/GitHub/Earthcall/src/ConstructedBeing/Object/Object.hpp:36FieldN:
In file included from /Users/zacharyzhang/Documents/GitHub/Earthcall/src/ConstructedBeing/Object/Object/FaceTexture.hpp:odecla3:
In file included from ss ;Sm/Users/zacharyzhang/Documents/GitHub/Earthcall/src/Rendering/Renderer.hpp:4:
/Users/zacharyzhang/Documents/GitHub/Earthcall/src/ConstructedBeing/Object/Geometry/SmoothSurface.hpp:27 }o
ot      |                  ^
hSurfa:1: warning: 'SmoothSurfaceData' defined as a struct here but previously declared as a class; this is valid, but may result in linker errors under the Microsoft C++ ABI [-Wmismatched-tags]/Users/zacharyzhang/Documents/GitHub/Earthcall/src/ConstructedBeing/Object/Object/ObjectTypes.hpp:19
   27 | ce:st11: note: Data;
      |     ^~~~~
      |     struct
previous use is here
ruct SmoothSurfaceData {
         19 |     class SdfNo| ^
In file included from /Users/zacharyzhang/Documents/GitHub/Earthcall/src/OurVerse/CursorTools.cpp:3:
In file included from /Users/zacharyzhang/Documents/GitHub/Earthcall/src/Singularity/Core/Engine.hpp:1:
In file included from /Users/zacharyzhang/Documents/GitHub/Earthcall/src/ZonesOfEarth/Ourverse/Ourverse.hpp:8deIn file included from :
/Users/zacharyzhang/Documents/GitHub/Earthcall/src/ConstructedBeing/Object/Object/ObjectTypes.hppIn file included from /Users/zacharyzhang/Documents/GitHub/Earthcall/src/ZonesOfEarth/Ourverse/../Zone/Zone.hpp:17:;
/Users/zacharyzhang/Documents/GitHub/Earthcall/src/Singularity/Core/EngineInit.cpp5:1:
In file included from :/Users/zacharyzhang/Documents/GitHub/Earthcall/src/Person/Person.hpp:6:
In file included from /Users/zacharyzhang/Documents/GitHub/Earthcall/src/Person/Body/Body.hpp:5:
In file included from       |  note: did you mean struct here?          ^
:/Users/zacharyzhang/Documents/GitHub/Earthcall/src/ZonesOfEarth/Ourverse/../Zone/../World/World.hpp:55
:
:
In file included from /Users/zacharyzhang/Documents/GitHub/Earthcall/src/ConstructedBeing/Object/Object.hpp:36   In file included from /Users/zacharyzhang/Documents/GitHub/Earthcall/src/ConstructedBeing/Object/Object.hpp:36:
In file included from :
In file included from /Users/zacharyzhang/Documents/GitHub/Earthcall/src/ConstructedBeing/Object/Object/FaceTexture.hpp17In file included from  |   /Users/zacharyzhang/Documents/GitHub/Earthcall/src/ConstructedBeing/Object/Object/FaceTexture.hpp /Users/zacharyzhang/Documents/GitHub/Earthcall/src/Singularity/Core/Engine.cpp: c3:
::3:
/Users/zacharyzhang/Documents/GitHub/Earthcall/src/Rendering/Renderer.hpp:lIn file included from /Users/zacharyzhang/Documents/GitHub/Earthcall/src/Rendering/Renderer.hpp:10:181:
ass :4SIn file included from moo:
/Users/zacharyzhang/Documents/GitHub/Earthcall/src/ConstructedBeing/Object/Geometry/SmoothSurface.hpp/Users/zacharyzhang/Documents/GitHub/Earthcall/src/Singularity/Core/Engine.hpp warning: struct 'SdfNode' was previously declared as a class; this is valid, but may result in linker errors under the Microsoft C++ ABI [-Wmismatched-tags]
::t1:
   hIn file included from /Users/zacharyzhang/Documents/GitHub/Earthcall/src/ZonesOfEarth/Ourverse/Ourverse.hpp10 | 27:na:8:
In file included from /Users/zacharyzhang/Documents/GitHub/Earthcall/src/ZonesOfEarth/Ourverse/../Zone/Zone.hpp:5:
S1:In file included from mes/Users/zacharyzhang/Documents/GitHub/Earthcall/src/ZonesOfEarth/Ourverse/../Zone/../World/World.hpp:purfa ceDa5:
warning: ata;
In file included from 'SmoothSurfaceData' defined as a struct here but previously declared as a class; this is valid, but may result in linker errors under the Microsoft C++ ABI [-Wmismatched-tags]/Users/zacharyzhang/Documents/GitHub/Earthcall/src/ConstructedBeing/Object/Object.hppce :39:

g      eom|     ^~~~~/Users/zacharyzhang/Documents/GitHub/Earthcall/src/ConstructedBeing/Object/Geometry/ComplexShape.hpp:70:1: { s    27 | stru
      | twarning: c    struct
'ComplexShapeData' defined as a struct here but previously declared as a class; this is valid, but may result in linker errors under the Microsoft C++ ABI [-Wmismatched-tags]
t Smruct SdofNode; c   ot70 | hSulassstructrf  CoFieldmpaceNode; }Data {

            | ^
|                  ^
/Users/zacharyzhang/Documents/GitHub/Earthcall/src/ConstructedBeing/Object/Object/ObjectTypes.hpp:19:11: note: previous use is here
   19 |     class SdfNolexShapeDde;
      |           ^
ata {
      | ^
/Users/zacharyzhang/Documents/GitHub/Earthcall/src/ConstructedBeing/Object/Object/ObjectTypes.hpp:17:5: note: did you mean struct here?/Users/zacharyzhang/Documents/GitHub/Earthcall/src/ConstructedBeing/Object/Object/ObjectTypes.hpp:18:In file included from 5: note: did you mean struct here?
/Users/zacharyzhang/Documents/GitHub/Earthcall/src/OurVerse/Tool.cpp:   18 |  1:
   clIn file included from /Users/zacharyzhang/Documents/GitHub/Earthcall/src/OurVerse/Tool.hpp:5:
In file included from 
/Users/zacharyzhang/Documents/GitHub/Earthcall/src/ConstructedBeing/Object/Object.hpp:36:
In file included from /Users/zacharyzhang/Documents/GitHub/Earthcall/src/ConstructedBeing/Object/Object/FaceTexture.hpp:3ass:
    Co/Users/zacharyzhang/Documents/GitHub/Earthcall/src/Rendering/Renderer.hpp:17 |     10:18cla: warning: struct 'SdfNode' was previously declared as a class; this is valid, but may result in linker errors under the Microsoft C++ ABI [-Wmismatched-tags]
s   10 | namps Smesplexace geShommoot { apestData;hr
      uct S|     ^~~~~
dfNod      |     structSurfaceDat
a;
      | e; cl    ^~~~~
      ass |     struct
FieldNode; }
      |                  ^
/Users/zacharyzhang/Documents/GitHub/Earthcall/src/ConstructedBeing/Object/Object/ObjectTypes.hpp:19:11: note: previous use is here
   19 |     class SdfNode;
      |           ^
In file included from /Users/zacharyzhang/Documents/GitHub/Earthcall/src/OurVerse/CursorTools.cpp:3:
In file included from /Users/zacharyzhang/Documents/GitHub/Earthcall/src/Singularity/Core/Engine.hpp:1:
In file included from /Users/zacharyzhang/Documents/GitHub/Earthcall/src/ZonesOfEarth/Ourverse/Ourverse.hpp:8:
In file included from /Users/zacharyzhang/Documents/GitHub/Earthcall/src/ZonesOfEarth/Ourverse/../Zone/Zone.hpp:5:
In file included from /Users/zacharyzhang/Documents/GitHub/Earthcall/src/ZonesOfEarth/Ourverse/../Zone/../World/World.hpp:5:
In file included from /Users/zacharyzhang/Documents/GitHub/Earthcall/src/ConstructedBeing/Object/Object.hpp:36:
In file included from /Users/zacharyzhang/Documents/GitHub/Earthcall/src/ConstructedBeing/Object/Object/FaceTexture.hpp:3:
/Users/zacharyzhang/Documents/GitHub/Earthcall/src/Rendering/Renderer.hpp:10:18: warning: struct 'SdfNode' was previously declared as a class; this is valid, but may result in linker errors under the Microsoft C++ ABI [-Wmismatched-tags]
In file included from /Users/zacharyzhang/Documents/GitHub/Earthcall/src/OurVerse/ElementalToolHandler.cpp:1:
In file included from /Users/zacharyzhang/Documents/GitHub/Earthcall/src/OurVerse/ElementalToolHandler.hpp:3:
In file included from    10 | namespace geom { struct SdfNode; class F/Users/zacharyzhang/Documents/GitHub/Earthcall/src/ZonesOfEarth/ZoneManager.hpp:ieldNode; 5:
In file included from /Users/zacharyzhang/Documents/GitHub/Earthcall/src/ZonesOfEarth/Zone/Zone.hpp:}
      |                  ^
/Users/zacharyzhang/Documents/GitHub/Earthcall/src/ConstructedBeing/Object/Object/ObjectTypes.hpp:19:11: note: previous use is here
   19 |   5:
In file included from /Users/zacharyzhang/Documents/GitHub/Earthcall/src/ZonesOfEarth/Zone/../World/World.hpp:5:
In file included from   c/Users/zacharyzhang/Documents/GitHub/Earthcall/src/ConstructedBeing/Object/Object.hpp:36:
In file included from /Users/zacharyzhang/Documents/GitHub/Earthcall/src/ConstructedBeing/Object/Object/FaceTexture.hpp:3:
In file included from /Users/zacharyzhang/Documents/GitHub/Earthcall/src/Rendering/Renderer.hpp:4:
/Users/zacharyzhang/Documents/GitHub/Earthcall/src/ConstructedBeing/Object/Geometry/SmoothSurface.hpp:23:1: lass SdfNode;
      warning: 'TessMesh' defined as a struct here but previously declared as a class; this is valid, but may result in linker errors under the Microsoft C++ ABI [-Wmismatched-tags]
   23 | struct TessMesh {
      | ^
|           ^
/Users/zacharyzhang/Documents/GitHub/Earthcall/src/ConstructedBeing/Object/Object/ObjectTypes.hpp:20:5: note: did you mean struct here?
   20 |     class TessMesh;
      |     ^~~~~
      |     struct
In file included from /Users/zacharyzhang/Documents/GitHub/Earthcall/src/OurVerse/ElementalToolHandler.cpp:1:
In file included from /Users/zacharyzhang/Documents/GitHub/Earthcall/src/OurVerse/ElementalToolHandler.hpp:3:
In file included from /Users/zacharyzhang/Documents/GitHub/Earthcall/src/ZonesOfEarth/ZoneManager.hpp:5:
In file included from /Users/zacharyzhang/Documents/GitHub/Earthcall/src/ZonesOfEarth/Zone/Zone.hpp:5:
In file included from /Users/zacharyzhang/Documents/GitHub/Earthcall/src/ZonesOfEarth/Zone/../World/World.hpp:5:
In file included from /Users/zacharyzhang/Documents/GitHub/Earthcall/src/ConstructedBeing/Object/Object.hpp:36:
In file included from /Users/zacharyzhang/Documents/GitHub/Earthcall/src/ConstructedBeing/Object/Object/FaceTexture.hpp:3:
In file included from /Users/zacharyzhang/Documents/GitHub/Earthcall/src/Rendering/Renderer.hpp:4:
/Users/zacharyzhang/Documents/GitHub/Earthcall/src/ConstructedBeing/Object/Geometry/SmoothSurface.hpp:27:1: warning: 'SmoothSurfaceData' defined as a struct here but previously declared as a class; this is valid, but may result in linker errors under the Microsoft C++ ABI [-Wmismatched-tags]
   27 | struct SmoothSurfaceData {
      | ^
/Users/zacharyzhang/Documents/GitHub/Earthcall/src/ConstructedBeing/Object/Object/ObjectTypes.hpp:17:5: note: did you mean struct here?
   17 |     class SmoothSurfaceData;
      |     ^~~~~
      |     struct
In file included from /Users/zacharyzhang/Documents/GitHub/Earthcall/src/OurVerse/ElementalToolHandler.cpp:1:
In file included from /Users/zacharyzhang/Documents/GitHub/Earthcall/src/OurVerse/ElementalToolHandler.hpp:3:
In file included from /Users/zacharyzhang/Documents/GitHub/Earthcall/src/ZonesOfEarth/ZoneManager.hpp:5:
In file included from /Users/zacharyzhang/Documents/GitHub/Earthcall/src/ZonesOfEarth/Zone/Zone.hpp:5:
In file included from /Users/zacharyzhang/Documents/GitHub/Earthcall/src/ZonesOfEarth/Zone/../World/World.hpp:5:
In file included from /Users/zacharyzhang/Documents/GitHub/Earthcall/src/ConstructedBeing/Object/Object.hpp:36:
In file included from /Users/zacharyzhang/Documents/GitHub/Earthcall/src/ConstructedBeing/Object/Object/FaceTexture.hpp:3:
/Users/zacharyzhang/Documents/GitHub/Earthcall/src/Rendering/Renderer.hpp:10:18: warning: struct 'SdfNode' was previously declared as a class; this is valid, but may result in linker errors under the Microsoft C++ ABI [-Wmismatched-tags]
   10 | namespace geom { struct SdfNode; class FieldNode; }
      |                  ^
/Users/zacharyzhang/Documents/GitHub/Earthcall/src/ConstructedBeing/Object/Object/ObjectTypes.hpp:19:11: note: previous use is here
   19 |     class SdfNode;
      |           ^
In file included from /Users/zacharyzhang/Documents/GitHub/Earthcall/src/OurVerse/Controls.cpp:4:
In file included from /Users/zacharyzhang/Documents/GitHub/Earthcall/src/Singularity/Core/Engine.hpp:1:
In file included from /Users/zacharyzhang/Documents/GitHub/Earthcall/src/ZonesOfEarth/Ourverse/Ourverse.hpp:8:
In file included from /Users/zacharyzhang/Documents/GitHub/Earthcall/src/ZonesOfEarth/Ourverse/../Zone/Zone.hpp:5:
In file included from /Users/zacharyzhang/Documents/GitHub/Earthcall/src/ZonesOfEarth/Ourverse/../Zone/../World/World.hpp:5:
In file included from /Users/zacharyzhang/Documents/GitHub/Earthcall/src/ConstructedBeing/Object/Object.hpp:39:
/Users/zacharyzhang/Documents/GitHub/Earthcall/src/ConstructedBeing/Object/Geometry/ComplexShape.hpp:70:1: warning: 'ComplexShapeData' defined as a struct here but previously declared as a class; this is valid, but may result in linker errors under the Microsoft C++ ABI [-Wmismatched-tags]
   70 | struct ComplexShapeData {
      | ^
/Users/zacharyzhang/Documents/GitHub/Earthcall/src/ConstructedBeing/Object/Object/ObjectTypes.hpp:18:5: note: did you mean struct here?
   18 |     class ComplexShapeData;
      |     ^~~~~
      |     struct
In file included from /Users/zacharyzhang/Documents/GitHub/Earthcall/src/Singularity/Core/Engine.cpp:1:
In file included from /Users/zacharyzhang/Documents/GitHub/Earthcall/src/Singularity/Core/Engine.hpp:1:
In file included from /Users/zacharyzhang/Documents/GitHub/Earthcall/src/ZonesOfEarth/Ourverse/Ourverse.hpp:8:
In file included from /Users/zacharyzhang/Documents/GitHub/Earthcall/src/ZonesOfEarth/Ourverse/../Zone/Zone.hpp:5:
In file included from /Users/zacharyzhang/Documents/GitHub/Earthcall/src/ZonesOfEarth/Ourverse/../Zone/../World/World.hpp:5:
In file included from /Users/zacharyzhang/Documents/GitHub/Earthcall/src/ConstructedBeing/Object/Object.hpp:40:
/Users/zacharyzhang/Documents/GitHub/Earthcall/src/ConstructedBeing/Object/Geometry/Sdf.hpp:46:1: warning: 'SdfNode' defined as a struct here but previously declared as a class; this is valid, but may result in linker errors under the Microsoft C++ ABI [-Wmismatched-tags]
   46 | struct SdfNode {
      | ^
/Users/zacharyzhang/Documents/GitHub/Earthcall/src/ConstructedBeing/Object/Object/ObjectTypes.hpp:19:5: note: did you mean struct here?
   19 |     class SdfNode;
      |     ^~~~~
      |     struct
In file included from /Users/zacharyzhang/Documents/GitHub/Earthcall/src/OurVerse/Controls.cpp:4:
In file included from /Users/zacharyzhang/Documents/GitHub/Earthcall/src/Singularity/Core/Engine.hpp:1:
In file included from /Users/zacharyzhang/Documents/GitHub/Earthcall/src/ZonesOfEarth/Ourverse/Ourverse.hpp:8:
In file included from /Users/zacharyzhang/Documents/GitHub/Earthcall/src/ZonesOfEarth/Ourverse/../Zone/Zone.hpp:5:
In file included from /Users/zacharyzhang/Documents/GitHub/Earthcall/src/ZonesOfEarth/Ourverse/../Zone/../World/World.hpp:5:
In file included from /Users/zacharyzhang/Documents/GitHub/Earthcall/src/ConstructedBeing/Object/Object.hpp:40:
/Users/zacharyzhang/Documents/GitHub/Earthcall/src/ConstructedBeing/Object/Geometry/Sdf.hpp:46:1: warning: 'SdfNode' defined as a struct here but previously declared as a class; this is valid, but may result in linker errors under the Microsoft C++ ABI [-Wmismatched-tags]
   46 | struct SdfNode {
      | ^
/Users/zacharyzhang/Documents/GitHub/Earthcall/src/ConstructedBeing/Object/Object/ObjectTypes.hpp:19:5: note: did you mean struct here?
   19 |     class SdfNode;
      |     ^~~~~
      |     struct
In file included from /Users/zacharyzhang/Documents/GitHub/Earthcall/src/Singularity/Core/EngineInit.cpp:1:
In file included from /Users/zacharyzhang/Documents/GitHub/Earthcall/src/Person/Person.hpp:6:
In file included from /Users/zacharyzhang/Documents/GitHub/Earthcall/src/Person/Body/Body.hppIn file included from /Users/zacharyzhang/Documents/GitHub/Earthcall/src/OurVerse/CursorTools.cpp:3:
In file included from /Users/zacharyzhang/Documents/GitHub/Earthcall/src/Singularity/Core/Engine.hpp:1:
In file included from /Users/zacharyzhang/Documents/GitHub/Earthcall/src/ZonesOfEarth/Ourverse/Ourverse.hpp:8:
In file included from /Users/zacharyzhang/Documents/GitHub/Earthcall/src/ZonesOfEarth/Ourverse/../Zone/Zone.hpp:5:
In file included from /Users/zacharyzhang/Documents/GitHub/Earthcall/src/ZonesOfEarth/Ourverse/../Zone/../World/World.hpp:5:
In file included from :5:
In file included from /Users/zacharyzhang/Documents/GitHub/Earthcall/src/ConstructedBeing/Object/Object.hpp:39:
/Users/zacharyzhang/Documents/GitHub/Earthcall/src/ConstructedBeing/Object/Geometry/ComplexShape.hpp:70:1: warning: 'ComplexShapeData' defined as a struct here but previously declared as a class; this is valid, but may result in linker errors under the Microsoft C++ ABI [-Wmismatched-tags]
/Users/zacharyzhang/Documents/GitHub/Earthcall/src/ConstructedBeing/Object/Object.hpp:39:
/Users/zacharyzhang/Documents/GitHub/Earthcall/src/ConstructedBeing/Object/Geometry/ComplexShape.hpp:70   70 | struct ComplexShapeData {
      | ^
:1: warning: 'ComplexShapeData' defined as a struct here but previously declared as a class; this is valid, but may result in linker errors under the Microsoft C++ ABI [-Wmismatched-tags]
   /Users/zacharyzhang/Documents/GitHub/Earthcall/src/ConstructedBeing/Object/Object/ObjectTypes.hpp:18:5:70 | struct CompIn file included from /Users/zacharyzhang/Documents/GitHub/Earthcall/src/OurVerse/Tool.cpp:1:
In file included from /Users/zacharyzhang/Documents/GitHub/Earthcall/src/OurVerse/Tool.hpp lex:5:
note: In file included from /Users/zacharyzhang/Documents/GitHub/Earthcall/src/ConstructedBeing/Object/Object.hpp:39Shdid you mean struct here?
:
/Users/zacharyzhang/Documents/GitHub/Earthcall/src/ConstructedBeing/Object/Geometry/ComplexShape.hpp:70ape   18 |    Data  :1: warning: 'ComplexShapeData' defined as a struct here but previously declared as a class; this is valid, but may result in linker errors under the Microsoft C++ ABI [-Wmismatched-tags]
clas   70 | s {
ComplexSstruhapecDt       a| ta;
      |     ^~~~~
      |     struct
Comple^
xShapeData {/Users/zacharyzhang/Documents/GitHub/Earthcall/src/ConstructedBeing/Object/Object/ObjectTypes.hpp:18:
      | ^
5: note: did you mean struct here?
   18 |     class ComplexShapeData;
      |     ^~~~~
      |     struct
/Users/zacharyzhang/Documents/GitHub/Earthcall/src/ConstructedBeing/Object/Object/ObjectTypes.hpp:18:5: note: did you mean struct here?
   18 |     class ComplexShapeData;
      |     ^~~~~
      |     struct
In file included from /Users/zacharyzhang/Documents/GitHub/Earthcall/src/OurVerse/ElementalToolHandler.cpp:1:
In file included from /Users/zacharyzhang/Documents/GitHub/Earthcall/src/OurVerse/ElementalToolHandler.hpp:3:
In file included from /Users/zacharyzhang/Documents/GitHub/Earthcall/src/ZonesOfEarth/ZoneManager.hpp:5:
In file included from /Users/zacharyzhang/Documents/GitHub/Earthcall/src/ZonesOfEarth/Zone/Zone.hpp:5:
In file included from /Users/zacharyzhang/Documents/GitHub/Earthcall/src/ZonesOfEarth/Zone/../World/World.hpp:5:
In file included from /Users/zacharyzhang/Documents/GitHub/Earthcall/src/ConstructedBeing/Object/Object.hpp:39:
/Users/zacharyzhang/Documents/GitHub/Earthcall/src/ConstructedBeing/Object/Geometry/ComplexShape.hpp:70:1: warning: 'ComplexShapeData' defined as a struct here but previously declared as a class; this is valid, but may result in linker errors under the Microsoft C++ ABI [-Wmismatched-tags]
   70 | struct ComplexShapeData {
      | ^
/Users/zacharyzhang/Documents/GitHub/Earthcall/src/ConstructedBeing/Object/Object/ObjectTypes.hpp:18:5: note: did you mean struct here?
   18 |     class ComplexShapeData;
      |     ^~~~~
      |     struct
In file included from /Users/zacharyzhang/Documents/GitHub/Earthcall/src/Singularity/Core/Engine.cpp:1:
In file included from /Users/zacharyzhang/Documents/GitHub/Earthcall/src/Singularity/Core/Engine.hpp:1:
In file included from /Users/zacharyzhang/Documents/GitHub/Earthcall/src/ZonesOfEarth/Ourverse/Ourverse.hpp:8:
In file included from /Users/zacharyzhang/Documents/GitHub/Earthcall/src/ZonesOfEarth/Ourverse/../Zone/Zone.hpp:5:
In file included from /Users/zacharyzhang/Documents/GitHub/Earthcall/src/ZonesOfEarth/Ourverse/../Zone/../World/World.hpp:5:
In file included from /Users/zacharyzhang/Documents/GitHub/Earthcall/src/ConstructedBeing/Object/Object.hpp:41:
/Users/zacharyzhang/Documents/GitHub/Earthcall/src/ConstructedBeing/Object/Geometry/Patch.hpp:16:1: warning: 'BezierPatch' defined as a struct here but previously declared as a class; this is valid, but may result in linker errors under the Microsoft C++ ABI [-Wmismatched-tags]
   16 | struct BezierPatch {
      | ^
/Users/zacharyzhang/Documents/GitHub/Earthcall/src/ConstructedBeing/Object/Object/ObjectTypes.hpp:21:5: note: did you mean struct here?
   21 |     class BezierPatch;
      |     ^~~~~
      |     struct
In file included from /Users/zacharyzhang/Documents/GitHub/Earthcall/src/OurVerse/Tool.cpp:1:
In file included from /Users/zacharyzhang/Documents/GitHub/Earthcall/src/OurVerse/Tool.hpp:5:
In file included from /Users/zacharyzhang/Documents/GitHub/Earthcall/src/ConstructedBeing/Object/Object.hpp:40:
/Users/zacharyzhang/Documents/GitHub/Earthcall/src/ConstructedBeing/Object/Geometry/Sdf.hpp:46:1: warning: 'SdfNode' defined as a struct here but previously declared as a class; this is valid, but may result in linker errors under the Microsoft C++ ABI [-Wmismatched-tags]
   46 | struct SdfNode {
      | ^
In file included from /Users/zacharyzhang/Documents/GitHub/Earthcall/src/OurVerse/CursorTools.cpp:3:
In file included from /Users/zacharyzhang/Documents/GitHub/Earthcall/src/Singularity/Core/Engine.hpp:1:
In file included from /Users/zacharyzhang/Documents/GitHub/Earthcall/src/ZonesOfEarth/Ourverse/Ourverse.hpp:8:
In file included from /Users/zacharyzhang/Documents/GitHub/Earthcall/src/ZonesOfEarth/Ourverse/../Zone/Zone.hpp:5:
/Users/zacharyzhang/Documents/GitHub/Earthcall/src/ConstructedBeing/Object/Object/ObjectTypes.hpp:19:5: note: did you mean struct here?
In file included from    19 |     class SdfNode;
      |     ^~~~~
      |     struct
/Users/zacharyzhang/Documents/GitHub/Earthcall/src/ZonesOfEarth/Ourverse/../Zone/../World/World.hpp:5:
In file included from /Users/zacharyzhang/Documents/GitHub/Earthcall/src/ConstructedBeing/Object/Object.hpp:40:
/Users/zacharyzhang/Documents/GitHub/Earthcall/src/ConstructedBeing/Object/Geometry/Sdf.hpp:46:1: warning: 'SdfNode' defined as a struct here but previously declared as a class; this is valid, but may result in linker errors under the Microsoft C++ ABI [-Wmismatched-tags]
   46 | struct SdfNode {
      | ^
/Users/zacharyzhang/Documents/GitHub/Earthcall/src/ConstructedBeing/Object/Object/ObjectTypes.hpp:19:5: note: did you mean struct here?
   19 |     class SdfNode;
      |     ^~~~~
      |     struct
In file included from /Users/zacharyzhang/Documents/GitHub/Earthcall/src/Singularity/Core/EngineInit.cpp:1:
In file included from /Users/zacharyzhang/Documents/GitHub/Earthcall/src/Person/Person.hpp:6:
In file included from /Users/zacharyzhang/Documents/GitHub/Earthcall/src/Person/Body/Body.hpp:5:
In file included from /Users/zacharyzhang/Documents/GitHub/Earthcall/src/ConstructedBeing/Object/Object.hpp:40:
/Users/zacharyzhang/Documents/GitHub/Earthcall/src/ConstructedBeing/Object/Geometry/Sdf.hpp:46:1: warning: 'SdfNode' defined as a struct here but previously declared as a class; this is valid, but may result in linker errors under the Microsoft C++ ABI [-Wmismatched-tags]
   46 | struct SdfNode {
      | ^
/Users/zacharyzhang/Documents/GitHub/Earthcall/src/ConstructedBeing/Object/Object/ObjectTypes.hpp:19:5: note: did you mean struct here?
   19 |     class SdfNode;
      |     ^~~~~
      |     struct
In file included from /Users/zacharyzhang/Documents/GitHub/Earthcall/src/OurVerse/ElementalToolHandler.cpp:1:
In file included from /Users/zacharyzhang/Documents/GitHub/Earthcall/src/OurVerse/ElementalToolHandler.hpp:3:
In file included from /Users/zacharyzhang/Documents/GitHub/Earthcall/src/ZonesOfEarth/ZoneManager.hpp:5:
In file included from /Users/zacharyzhang/Documents/GitHub/Earthcall/src/ZonesOfEarth/Zone/Zone.hpp:5:
In file included from /Users/zacharyzhang/Documents/GitHub/Earthcall/src/ZonesOfEarth/Zone/../World/World.hpp:5:
In file included from /Users/zacharyzhang/Documents/GitHub/Earthcall/src/ConstructedBeing/Object/Object.hpp:40:
/Users/zacharyzhang/Documents/GitHub/Earthcall/src/ConstructedBeing/Object/Geometry/Sdf.hpp:46:1: warning: 'SdfNode' defined as a struct here but previously declared as a class; this is valid, but may result in linker errors under the Microsoft C++ ABI [-Wmismatched-tags]
   46 | struct SdfNode {
      | ^
/Users/zacharyzhang/Documents/GitHub/Earthcall/src/ConstructedBeing/Object/Object/ObjectTypes.hpp:19:5: note: did you mean struct here?
   19 |     class SdfNode;
      |     ^~~~~
      |     struct
In file included from /Users/zacharyzhang/Documents/GitHub/Earthcall/src/OurVerse/Controls.cpp:4:
In file included from /Users/zacharyzhang/Documents/GitHub/Earthcall/src/Singularity/Core/Engine.hpp:1:
In file included from /Users/zacharyzhang/Documents/GitHub/Earthcall/src/ZonesOfEarth/Ourverse/Ourverse.hpp:8:
In file included from /Users/zacharyzhang/Documents/GitHub/Earthcall/src/ZonesOfEarth/Ourverse/../Zone/Zone.hpp:5:
In file included from /Users/zacharyzhang/Documents/GitHub/Earthcall/src/ZonesOfEarth/Ourverse/../Zone/../World/World.hpp:5:
In file included from /Users/zacharyzhang/Documents/GitHub/Earthcall/src/ConstructedBeing/Object/Object.hpp:41:
/Users/zacharyzhang/Documents/GitHub/Earthcall/src/ConstructedBeing/Object/Geometry/Patch.hpp:16:1: warning: 'BezierPatch' defined as a struct here but previously declared as a class; this is valid, but may result in linker errors under the Microsoft C++ ABI [-Wmismatched-tags]
   16 | struct BezierPatch {
      | ^
/Users/zacharyzhang/Documents/GitHub/Earthcall/src/ConstructedBeing/Object/Object/ObjectTypes.hpp:21:5: note: did you mean struct here?
   21 |     class BezierPatch;
      |     ^~~~~
      |     struct
In file included from /Users/zacharyzhang/Documents/GitHub/Earthcall/src/Singularity/Core/EngineInit.cpp:1:
In file included from /Users/zacharyzhang/Documents/GitHub/Earthcall/src/Person/Person.hpp:6:
In file included from /Users/zacharyzhang/Documents/GitHub/Earthcall/src/Person/Body/Body.hpp:5:
In file included from /Users/zacharyzhang/Documents/GitHub/Earthcall/src/ConstructedBeing/Object/Object.hpp:41:
/Users/zacharyzhang/Documents/GitHub/Earthcall/src/ConstructedBeing/Object/Geometry/Patch.hpp:16:1: warning: 'BezierPatch' defined as a struct here but previously declared as a class; this is valid, but may result in linker errors under the Microsoft C++ ABI [-Wmismatched-tags]
   16 | struct BezierPatch {
      | ^
/Users/zacharyzhang/Documents/GitHub/Earthcall/src/ConstructedBeing/Object/Object/ObjectTypes.hpp:21:5: note: did you mean struct here?
   21 |     class BezierPatch;
      |     ^~~~~
      |     struct
In file included from /Users/zacharyzhang/Documents/GitHub/Earthcall/src/OurVerse/CursorTools.cpp:3:
In file included from /Users/zacharyzhang/Documents/GitHub/Earthcall/src/Singularity/Core/Engine.hpp:1:
In file included from /Users/zacharyzhang/Documents/GitHub/Earthcall/src/ZonesOfEarth/Ourverse/Ourverse.hpp:8:
In file included from /Users/zacharyzhang/Documents/GitHub/Earthcall/src/ZonesOfEarth/Ourverse/../Zone/Zone.hpp:5:
In file included from /Users/zacharyzhang/Documents/GitHub/Earthcall/src/ZonesOfEarth/Ourverse/../Zone/../World/World.hpp:5:
In file included from /Users/zacharyzhang/Documents/GitHub/Earthcall/src/ConstructedBeing/Object/Object.hpp:41:
/Users/zacharyzhang/Documents/GitHub/Earthcall/src/ConstructedBeing/Object/Geometry/Patch.hpp:16:1: warning: 'BezierPatch' defined as a struct here but previously declared as a class; this is valid, but may result in linker errors under the Microsoft C++ ABI [-Wmismatched-tags]
   16 | struct BezierPatch {
      | ^
/Users/zacharyzhang/Documents/GitHub/Earthcall/src/ConstructedBeing/Object/Object/ObjectTypes.hpp:21:5: note: did you mean struct here?
   21 |     class BezierPatch;
      |     ^~~~~
      |     struct
In file included from /Users/zacharyzhang/Documents/GitHub/Earthcall/src/OurVerse/Tool.cpp:1:
In file included from /Users/zacharyzhang/Documents/GitHub/Earthcall/src/OurVerse/Tool.hpp:5:
In file included from /Users/zacharyzhang/Documents/GitHub/Earthcall/src/ConstructedBeing/Object/Object.hpp:41:
/Users/zacharyzhang/Documents/GitHub/Earthcall/src/ConstructedBeing/Object/Geometry/Patch.hpp:16:1: warning: 'BezierPatch' defined as a struct here but previously declared as a class; this is valid, but may result in linker errors under the Microsoft C++ ABI [-Wmismatched-tags]
   16 | struct BezierPatch {
      | ^
/Users/zacharyzhang/Documents/GitHub/Earthcall/src/ConstructedBeing/Object/Object/ObjectTypes.hpp:21:5: note: did you mean struct here?
   21 |     class BezierPatch;
      |     ^~~~~
      |     struct
In file included from /Users/zacharyzhang/Documents/GitHub/Earthcall/src/OurVerse/ElementalToolHandler.cpp:1:
In file included from /Users/zacharyzhang/Documents/GitHub/Earthcall/src/OurVerse/ElementalToolHandler.hpp:3:
In file included from /Users/zacharyzhang/Documents/GitHub/Earthcall/src/ZonesOfEarth/ZoneManager.hpp:5:
In file included from /Users/zacharyzhang/Documents/GitHub/Earthcall/src/ZonesOfEarth/Zone/Zone.hpp:5:
In file included from /Users/zacharyzhang/Documents/GitHub/Earthcall/src/ZonesOfEarth/Zone/../World/World.hpp:5:
In file included from /Users/zacharyzhang/Documents/GitHub/Earthcall/src/ConstructedBeing/Object/Object.hpp:41:
/Users/zacharyzhang/Documents/GitHub/Earthcall/src/ConstructedBeing/Object/Geometry/Patch.hpp:16:1: warning: 'BezierPatch' defined as a struct here but previously declared as a class; this is valid, but may result in linker errors under the Microsoft C++ ABI [-Wmismatched-tags]
   16 | struct BezierPatch {
      | ^
/Users/zacharyzhang/Documents/GitHub/Earthcall/src/ConstructedBeing/Object/Object/ObjectTypes.hpp:21:5: note: did you mean struct here?
   21 |     class BezierPatch;
      |     ^~~~~
      |     struct
In file included from /Users/zacharyzhang/Documents/GitHub/Earthcall/src/Singularity/Core/Engine.cpp:1:
/Users/zacharyzhang/Documents/GitHub/Earthcall/src/Singularity/Core/Engine.hpp:70:49: warning: unused parameter 'type' [-Wunused-parameter]
   70 |     template<typename T> void begin2DToolDrag(T type, glm::vec2 pos) { _is2DToolDragging = true; _dragStart = pos; _dragCurrent = pos; }
      |                                                 ^
/Users/zacharyzhang/Documents/GitHub/Earthcall/src/Singularity/Core/Engine.hpp:72:50: warning: unused parameter 'type' [-Wunused-parameter]
   72 |     template<typename T> bool is2DToolDragging(T type) const { return _is2DToolDragging; }
      |                                                  ^
/Users/zacharyzhang/Documents/GitHub/Earthcall/src/Singularity/Core/Engine.hpp:83:30: warning: unused parameter 'index' [-Wunused-parameter]
   83 |     void setCurrentColor(int index, float val) {} // dummy for now
      |                              ^
/Users/zacharyzhang/Documents/GitHub/Earthcall/src/Singularity/Core/Engine.hpp:83:43: warning: unused parameter 'val' [-Wunused-parameter]
   83 |     void setCurrentColor(int index, float val) {} // dummy for now
      |                                           ^
/Users/zacharyzhang/Documents/GitHub/Earthcall/src/Singularity/Core/Engine.hpp:139:37: warning: unused parameter 'x' [-Wunused-parameter]
  139 |     void setRotateLastCursor(double x, double y) {}
      |                                     ^
/Users/zacharyzhang/Documents/GitHub/Earthcall/src/Singularity/Core/Engine.hpp:139:47: warning: unused parameter 'y' [-Wunused-parameter]
  139 |     void setRotateLastCursor(double x, double y) {}
      |                                               ^
In file included from /Users/zacharyzhang/Documents/GitHub/Earthcall/src/OurVerse/CursorTools.cpp:3:
/Users/zacharyzhang/Documents/GitHub/Earthcall/src/Singularity/Core/Engine.hpp:70:49: warning: unused parameter 'type' [-Wunused-parameter]
   70 |     template<typename T> void begin2DToolDrag(T type, glm::vec2 pos) { _is2DToolDragging = true; _dragStart = pos; _dragCurrent = pos; }
      |                                                 ^
/Users/zacharyzhang/Documents/GitHub/Earthcall/src/Singularity/Core/Engine.hpp:72:50: warning: unused parameter 'type' [-Wunused-parameter]
   72 |     template<typename T> bool is2DToolDragging(T type) const { return _is2DToolDragging; }
      |                                                  ^
/Users/zacharyzhang/Documents/GitHub/Earthcall/src/Singularity/Core/Engine.hpp:83:30: warning: unused parameter 'index' [-Wunused-parameter]
   83 |     void setCurrentColor(int index, float val) {} // dummy for now
      |                              ^
/Users/zacharyzhang/Documents/GitHub/Earthcall/src/Singularity/Core/Engine.hpp:83:43: warning: unused parameter 'val' [-Wunused-parameter]
   83 |     void setCurrentColor(int index, float val) {} // dummy for now
      |                                           ^
/Users/zacharyzhang/Documents/GitHub/Earthcall/src/Singularity/Core/Engine.hpp:139:37: warning: unused parameter 'x' [-Wunused-parameter]
  139 |     void setRotateLastCursor(double x, double y) {}
      |                                     ^
/Users/zacharyzhang/Documents/GitHub/Earthcall/src/Singularity/Core/Engine.hpp:139:47: warning: unused parameter 'y' [-Wunused-parameter]
  139 |     void setRotateLastIn file included from /Users/zacharyzhang/Documents/GitHub/Earthcall/src/OurVerse/Controls.cpp:4Cursor(double :
x, doubl/Users/zacharyzhang/Documents/GitHub/Earthcall/src/Singularity/Core/Engine.hpp:70e :49: warning: unused parameter 'type' [-Wunused-parameter]
y) {}
      |                                               ^
   70 |     template<typename T> void begin2DToolDrag(T type, glm::vec2 pos) { _is2DToolDragging = true; _dragStart = pos; _dragCurrent = pos; }
      |                                                 ^
/Users/zacharyzhang/Documents/GitHub/Earthcall/src/Singularity/Core/Engine.hpp:72:50: warning: unused parameter 'type' [-Wunused-parameter]
   72 |     template<typename T> bool is2DToolDragging(T type) const { return _is2DToolDragging; }
      |                                                  ^
/Users/zacharyzhang/Documents/GitHub/Earthcall/src/Singularity/Core/Engine.hpp:83:30: warning: unused parameter 'index' [-Wunused-parameter]
   83 |     void setCurrentColor(int index, float val) {} // dummy for now
      |                              ^
/Users/zacharyzhang/Documents/GitHub/Earthcall/src/Singularity/Core/Engine.hpp:83:43: warning: unused parameter 'val' [-Wunused-parameter]
   83 |     void setCurrentColor(int index, float val) {} // dummy for now
      |                                           ^
/Users/zacharyzhang/Documents/GitHub/Earthcall/src/Singularity/Core/Engine.hpp:139:37: warning: unused parameter 'x' [-Wunused-parameter]
  139 |     void setRotateLastCursor(double x, double y) {}
      |                                     ^
/Users/zacharyzhang/Documents/GitHub/Earthcall/src/Singularity/Core/Engine.hpp:139:47: warning: unused parameter 'y' [-Wunused-parameter]
  139 |     void setRotateLastCursor(double x, double y) {}
      |                                               ^
In file included from /Users/zacharyzhang/Documents/GitHub/Earthcall/src/OurVerse/Tool.cpp:2:
/Users/zacharyzhang/Documents/GitHub/Earthcall/src/Singularity/Core/Engine.hpp:70:49: warning: unused parameter 'type' [-Wunused-parameter]
   70 |     template<typename T> void begin2DToolDrag(T type, glm::vec2 pos) { _is2DToolDragging = true; _dragStart = pos; _dragCurrent = pos; }
      |                                                 ^
/Users/zacharyzhang/Documents/GitHub/Earthcall/src/Singularity/Core/Engine.hpp:72:50: warning: unused parameter 'type' [-Wunused-parameter]
   72 |     template<typename T> bool is2DToolDragging(T type) const { return _is2DToolDragging; }
      |                                                  ^
/Users/zacharyzhang/Documents/GitHub/Earthcall/src/Singularity/Core/Engine.hpp:83:30: warning: unused parameter 'index' [-Wunused-parameter]
   83 |     void setCurrentColor(int index, float val) {} // dummy for now
      |                              ^
/Users/zacharyzhang/Documents/GitHub/Earthcall/src/Singularity/Core/Engine.hpp:83:43: warning: unused parameter 'val' [-Wunused-parameter]
   83 |     void setCurrentColor(int index, float val) {} // dummy for now
      |                                           ^
/Users/zacharyzhang/Documents/GitHub/Earthcall/src/Singularity/Core/Engine.hpp:139:37: warning: unused parameter 'x' [-Wunused-parameter]
  139 |     void setRotateLastCursor(double x, double y) {}
      |                                     ^
/Users/zacharyzhang/Documents/GitHub/Earthcall/src/Singularity/Core/Engine.hpp:139:47: warning: unused parameter 'y' [-Wunused-parameter]
  139 |     void setRotateLastCursor(double x, double y) {}
      |                                               ^
/Users/zacharyzhang/Documents/GitHub/Earthcall/src/Singularity/Core/Engine.cpp:28:10: fatal error: 'ZonesOfEarth/AuthorsOfLaw/LawManager.hpp' file not found
   28 | #include "ZonesOfEarth/AuthorsOfLaw/LawManager.hpp"
      |          ^~~~~~~~~~~~~~~~~~~~~~~~~~~~~~~~~~~~~~~~~~
13 warnings and 1 error generated.
/Users/zacharyzhang/Documents/GitHub/Earthcall/src/OurVerse/Tool.cpp:242:15: error: member reference type 'Core::Engine *' is a pointer; did you mean to use '->'?
  242 |     if (engine.getMouseHandler()->isCursorLocked()) {
      |         ~~~~~~^
      |               ->
make[3]: *** [CMakeFiles/earthcall_core.dir/src/Singularity/Core/Engine.cpp.o] Error 1
/Users/zacharyzhang/Documents/GitHub/Earthcall/src/OurVerse/Tool.cpp:626:37: error: member reference type 'Core::Engine' is not a pointer; did you mean to use '.'?
  626 |             glm::vec2 start = engine->get2DToolDragStart();
      |                               ~~~~~~^~
      |                                     .
/Users/zacharyzhang/Documents/GitHub/Earthcall/src/OurVerse/Tool.cpp:652:37: error: member reference type 'Core::Engine' is not a pointer; did you mean to use '.'?
  652 |             glm::vec2 start = engine->get2DToolDragStart();
      |                               ~~~~~~^~
      |                                     .
In file included from /Users/zacharyzhang/Documents/GitHub/Earthcall/src/OurVerse/ElementalToolHandler.cpp:4:
/Users/zacharyzhang/Documents/GitHub/Earthcall/src/Singularity/Core/Engine.hpp:70:49: warning: unused parameter 'type' [-Wunused-parameter]
   70 |     template<typename T> void begin2DToolDrag(T type, glm::vec2 pos) { _is2DToolDragging = true; _dragStart = pos; _dragCurrent = pos; }
      |                                                 ^
/Users/zacharyzhang/Documents/GitHub/Earthcall/src/Singularity/Core/Engine.hpp:72:50: warning: unused parameter 'type' [-Wunused-parameter]
   72 |     template<typename T> bool is2DToolDragging(T type) const { return _is2DToolDragging; }
      |                                                  ^
/Users/zacharyzhang/Documents/GitHub/Earthcall/src/Singularity/Core/Engine.hpp:83:30: warning: unused parameter 'index' [-Wunused-parameter]
   83 |     void setCurrentColor(int index, float val) {} // dummy for now
      |                              ^
/Users/zacharyzhang/Documents/GitHub/Earthcall/src/Singularity/Core/Engine.hpp:83:43: warning: unused parameter 'val' [-Wunused-parameter]
   83 |     void setCurrentColor(int index, float val) {} // dummy for now
      |                                           ^
/Users/zacharyzhang/Documents/GitHub/Earthcall/src/Singularity/Core/Engine.hpp:139:37: warning: unused parameter 'x' [-Wunused-parameter]
  139 |     void setRotateLastCursor(double x, double y) {}
      |                                     ^
/Users/zacharyzhang/Documents/GitHub/Earthcall/src/Singularity/Core/Engine.hpp:139:47: warning: unused parameter 'y' [-Wunused-parameter]
  139 |     void setRotateLastCursor(double x, double y) {}
      |                                               ^
/Users/zacharyzhang/Documents/GitHub/Earthcall/src/OurVerse/Tool.cpp:909:129: error: member reference type 'Core::Engine' is not a pointer; did you mean to use '.'?
  909 |             glm::vec2 delta = glm::vec2(engine.getMouseHandler()->getCursorX(), engine.getMouseHandler()->getCursorY()) - engine->get2DToolDragStart();
      |                                                                                                                           ~~~~~~^~
      |                                                                                                                                 .
/Users/zacharyzhang/Documents/GitHub/Earthcall/src/OurVerse/Tool.cpp:942:34: error: member reference type 'Core::Engine *' is a pointer; did you mean to use '->'?
  942 |         bool firstFrame = !engine.isMouseLeftPressedLast();
      |                            ~~~~~~^
      |                                  ->
In file included from /Users/zacharyzhang/Documents/GitHub/Earthcall/src/Singularity/Core/EngineInit.cpp:7:
/Users/zacharyzhang/Documents/GitHub/Earthcall/src/Singularity/Core/Engine.hpp:70:49: warning: unused parameter 'type' [-Wunused-parameter]
   70 |     template<typename T> void begin2DToolDrag(T type, glm::vec2 pos) { _is2DToolDragging = true; _dragStart = pos; _dragCurrent = pos; }
      |                                                 ^
/Users/zacharyzhang/Documents/GitHub/Earthcall/src/Singularity/Core/Engine.hpp:72:50: warning: unused parameter 'type' [-Wunused-parameter]
   72 |     template<typename T> bool is2DToolDragging(T type) const { return _is2DToolDragging; }
      |                                                  ^
/Users/zacharyzhang/Documents/GitHub/Earthcall/src/Singularity/Core/Engine.hpp:83:30: warning: unused parameter 'index' [-Wunused-parameter]
   83 |     void setCurrentColor(int index, float val) {} // dummy for now
      |                              ^
/Users/zacharyzhang/Documents/GitHub/Earthcall/src/Singularity/Core/Engine.hpp:83:43: warning: unused parameter 'val' [-Wunused-parameter]
   83 |     void setCurrentColor(int index, float val) {} // dummy for now
      |                                           ^
/Users/zacharyzhang/Documents/GitHub/Earthcall/src/Singularity/Core/Engine.hpp:139:37: warning: unused parameter 'x' [-Wunused-parameter]
  139 |     void setRotateLastCursor(double x, double y) {}
      |                                     ^
/Users/zacharyzhang/Documents/GitHub/Earthcall/src/Singularity/Core/Engine.hpp:139:47: warning: unused parameter 'y' [-Wunused-parameter]
  139 |     void setRotateLastCursor(double x, double y) {}
      |                                               ^
/Users/zacharyzhang/Documents/GitHub/Earthcall/src/OurVerse/Tool.cpp:947:35: error: use of undeclared identifier 'game'
  947 |         if (buildMouseRay(window, game, rayO, rayDir) && pickSurface(targets, rayO, rayDir, hit))
      |                                   ^~~~
/Users/zacharyzhang/Documents/GitHub/Earthcall/src/OurVerse/Tool.cpp:954:54: error: no member named 'Core' in namespace 'Core'; did you mean simply 'Core'?
  954 |             float dir = (Core::PotteryTool::Pinch == Core::Core::PotteryTool::Expand) ? 1.0f : -1.0f;
      |                                                      ^~~~~~~~~~
      |                                                      Core
/Users/zacharyzhang/Documents/GitHub/Earthcall/src/ZonesOfEarth/SaveContext.hpp:13:11: note: 'Core' declared here
   13 | namespace Core { class Camera; }
      |           ^
/Users/zacharyzhang/Documents/GitHub/Earthcall/src/OurVerse/Tool.cpp:954:79: error: no member named 'Expand' in 'Core::PotteryTool'
  954 |             float dir = (Core::PotteryTool::Pinch == Core::Core::PotteryTool::Expand) ? 1.0f : -1.0f;
      |                                                                               ^~~~~~
/Users/zacharyzhang/Documents/GitHub/Earthcall/src/OurVerse/Tool.cpp:1027:27: error: use of undeclared identifier 'game'
 1027 |     buildMouseRay(window, game, rayOrigin, rayDir);
      |                           ^~~~
/Users/zacharyzhang/Documents/GitHub/Earthcall/src/OurVerse/Tool.cpp:1029:32: error: member reference type 'Core::Engine *' is a pointer; did you mean to use '->'?
 1029 |     if (mouseLeftNow && !engine.isMouseLeftPressedLast()) {
      |                          ~~~~~~^
      |                                ->
/Users/zacharyzhang/Documents/GitHub/Earthcall/src/OurVerse/Tool.cpp:1040:59: error: called object type 'Object *' is not a function or function pointer
 1040 |     Object* selected = engine->getWorld().selectedObject3D();
      |                        ~~~~~~~~~~~~~~~~~~~~~~~~~~~~~~~~~~~^
/Users/zacharyzhang/Documents/GitHub/Earthcall/src/OurVerse/Tool.cpp:1048:39: error: member reference type 'Core::Engine *' is a pointer; did you mean to use '->'?
 1048 |             float sensitivity = engine.getRotationToolSensitivity();
      |                                 ~~~~~~^
      |                                       ->
/Users/zacharyzhang/Documents/GitHub/Earthcall/src/OurVerse/Tool.cpp:1054:31: error: member reference type 'Core::Engine *' is a pointer; did you mean to use '->'?
 1054 |                 switch (engine.getRotationAxisMode()) {
      |                         ~~~~~~^
      |                               ->
/Users/zacharyzhang/Documents/GitHub/Earthcall/src/OurVerse/Tool.cpp:1055:26: error: no member named 'Core' in namespace 'Core'; did you mean simply 'Core'?
 1055 |                     case Core::Core::Core::RotationAxisMode::FreeXY:
      |                          ^~~~~~~~~~
      |                          Core
/Users/zacharyzhang/Documents/GitHub/Earthcall/src/ZonesOfEarth/SaveContext.hpp:13:11: note: 'Core' declared here
   13 | namespace Core { class Camera; }
      |           ^
/Users/zacharyzhang/Documents/GitHub/Earthcall/src/OurVerse/Tool.cpp:1055:32: error: no member named 'Core' in namespace 'Core'; did you mean simply 'Core'?
 1055 |                     case Core::Core::Core::RotationAxisMode::FreeXY:
      |                                ^~~~~~~~~~
      |                                Core
/Users/zacharyzhang/Documents/GitHub/Earthcall/src/ZonesOfEarth/SaveContext.hpp:13:11: note: 'Core' declared here
   13 | namespace Core { class Camera; }
      |           ^
/Users/zacharyzhang/Documents/GitHub/Earthcall/src/OurVerse/Controls.cpp:15:45: warning: unused parameter 'key' [-Wunused-parameter]
   15 | void ControlPanel::Controls::onKeyPress(int key, int action)
      |                                             ^
/Users/zacharyzhang/Documents/GitHub/Earthcall/src/OurVerse/Tool.cpp:1055:62: error: no member named 'FreeXY' in 'Core::RotationAxisMode'; did you mean 'Free'?
 1055 |                     case Core::Core::Core::RotationAxisMode::FreeXY:
      |                                                              ^~~~~~
      |                                                              Free
/Users/zacharyzhang/Documents/GitHub/Earthcall/src/Singularity/Core/Engine.hpp:20:35: note: 'Free' declared here
   20 |     enum class RotationAxisMode { Free, X, Y, Z };
      |                                   ^
/Users/zacharyzhang/Documents/GitHub/Earthcall/src/OurVerse/Controls.cpp:27:43: warning: unused parameter 'dt' [-Wunused-parameter]
   27 | void ControlPanel::Controls::update(float dt, Core::Engine* engine, GLFWwindow* window) {
      |                                           ^
/Users/zacharyzhang/Documents/GitHub/Earthcall/src/OurVerse/Controls.cpp:27:61: warning: unused parameter 'engine' [-Wunused-parameter]
   27 | void ControlPanel::Controls::update(float dt, Core::Engine* engine, GLFWwindow* window) {
      |                                                             ^
/Users/zacharyzhang/Documents/GitHub/Earthcall/src/OurVerse/Controls.cpp:27:81: warning: unused parameter 'window' [-Wunused-parameter]
   27 | void ControlPanel::Controls::update(float dt, Core::Engine* engine, GLFWwindow* window) {
      |                                                                                 ^
/Users/zacharyzhang/Documents/GitHub/Earthcall/src/OurVerse/Tool.cpp:1068:26: error: no member named 'Core' in namespace 'Core'; did you mean simply 'Core'?
 1068 |                     case Core::Core::RotationAxisMode::AuthoritativeAxis: {
      |                          ^~~~~~~~~~
      |                          Core
/Users/zacharyzhang/Documents/GitHub/Earthcall/src/ZonesOfEarth/SaveContext.hpp:13:11: note: 'Core' declared here
   13 | namespace Core { class Camera; }
      |           ^
/Users/zacharyzhang/Documents/GitHub/Earthcall/src/OurVerse/Tool.cpp:1068:56: error: no member named 'AuthoritativeAxis' in 'Core::RotationAxisMode'
 1068 |                     case Core::Core::RotationAxisMode::AuthoritativeAxis: {
      |                                                        ^~~~~~~~~~~~~~~~~
/Users/zacharyzhang/Documents/GitHub/Earthcall/src/OurVerse/Tool.cpp:1092:11: error: member reference type 'Core::Engine *' is a pointer; did you mean to use '->'?
 1092 |     engine.setRotateDragging(dragging);
      |     ~~~~~~^
      |           ->
fatal error: too many errors emitted, stopping now [-ferror-limit=]
13 warnings and 20 errors generated.
make[3]: *** [CMakeFiles/earthcall_core.dir/src/OurVerse/Tool.cpp.o] Error 1
/Users/zacharyzhang/Documents/GitHub/Earthcall/src/Singularity/Core/EngineInit.cpp:150:52: warning: lambda capture 'this' is not used [-Wunused-lambda-capture]
  150 |     _mainMenu.addOption("Quick Save", GLFW_KEY_S, [this]() {  });
      |                                                    ^~~~
/Users/zacharyzhang/Documents/GitHub/Earthcall/src/Singularity/Core/EngineInit.cpp:151:52: warning: lambda capture 'this' is not used [-Wunused-lambda-capture]
  151 |     _mainMenu.addOption("Save As...", GLFW_KEY_A, [this]() { mgr.getSaveLoadState().showSaveWindow = true; });
      |                                                    ^~~~
/Users/zacharyzhang/Documents/GitHub/Earthcall/src/Singularity/Core/EngineInit.cpp:152:46: warning: lambda capture 'this' is not used [-Wunused-lambda-capture]
  152 |     _mainMenu.addOption("Load", GLFW_KEY_L, [this]() { mgr.updateSaveFiles(); mgr.getSaveLoadState().showLoadWindow = true; });
      |                                              ^~~~
/Users/zacharyzhang/Documents/GitHub/Earthcall/src/Singularity/Core/EngineInit.cpp:153:54: warning: lambda capture 'this' is not used [-Wunused-lambda-capture]
  153 |     _mainMenu.addOption("Save Manager", GLFW_KEY_G, [this]() { mgr.getSaveLoadState().showManager = true; });
      |                                                      ^~~~
/Users/zacharyzhang/Documents/GitHub/Earthcall/src/Singularity/Core/EngineInit.cpp:167:67: warning: lambda capture 'this' is not used [-Wunused-lambda-capture]
  167 |     _mainMenu.addOption("Character Architect Forge", GLFW_KEY_C, [this]() {
      |                                                                   ^~~~
/Users/zacharyzhang/Documents/GitHub/Earthcall/src/Singularity/Core/EngineInit.cpp:239:61: warning: lambda capture 'this' is not used [-Wunused-lambda-capture]
  239 |     _keyboardHandler->bindKey(GLFW_KEY_F, "toggle_flight", [this]() {
      |                                                             ^~~~
/Users/zacharyzhang/Documents/GitHub/Earthcall/src/Singularity/Core/EngineInit.cpp:242:72: warning: lambda capture 'this' is not used [-Wunused-lambda-capture]
  242 |     _keyboardHandler->bindKey(GLFW_KEY_C, "switch_to_character_zone", [this]() {
      |                                                                        ^~~~
/Users/zacharyzhang/Documents/GitHub/Earthcall/src/Singularity/Core/EngineInit.cpp:253:67: warning: lambda capture 'this' is not used [-Wunused-lambda-capture]
  253 |     _keyboardHandler->bindKey(GLFW_KEY_F6, "toggle_gravity_viz", [this]() {
      |                                                                   ^~~~
/Users/zacharyzhang/Documents/GitHub/Earthcall/src/Singularity/Core/EngineInit.cpp:257:69: warning: lambda capture 'this' is not used [-Wunused-lambda-capture]
  257 |     _keyboardHandler->bindKey(GLFW_KEY_F7, "toggle_gravity_field", [this]() {
      |                                                                     ^~~~
/Users/zacharyzhang/Documents/GitHub/Earthcall/src/Singularity/Core/EngineInit.cpp:377:52: error: too few arguments to function call, expected 3, have 2
  377 |     if (self) self->onFramebufferSize(width, height);
      |               ~~~~~~~~~~~~~~~~~~~~~~~              ^
/Users/zacharyzhang/Documents/GitHub/Earthcall/src/Singularity/Core/EngineInit.cpp:372:14: note: 'onFramebufferSize' declared here
  372 | void Engine::onFramebufferSize(GLFWwindow* win, int width, int height) {
      |              ^                 ~~~~~~~~~~~~~~~~~~~~~~~~~~~~~~~~~~~~~~
/Users/zacharyzhang/Documents/GitHub/Earthcall/src/Singularity/Core/EngineInit.cpp:380:14: error: out-of-line definition of 'onFramebufferSize' does not match any declaration in 'Core::Engine'
  380 | void Engine::onFramebufferSize(int /*width*/, int /*height*/) {
      |              ^~~~~~~~~~~~~~~~~
/Users/zacharyzhang/Documents/GitHub/Earthcall/src/Singularity/Core/Engine.hpp:39:7: note: Engine defined here
   39 | class Engine {
      |       ^~~~~~
17 warnings generated.
13 warnings generated.
In file included from /Users/zacharyzhang/Documents/GitHub/Earthcall/src/Integration/RealWebView.cpp:8:
In file included from /Users/zacharyzhang/Documents/GitHub/Earthcall/src/Integration/../Legacy/DesignSystem.hpp:9:
In file included from /Users/zacharyzhang/Documents/GitHub/Earthcall/src/OurVerse/Tool.hpp:5:
In file included from /Users/zacharyzhang/Documents/GitHub/Earthcall/src/ConstructedBeing/Object/Object.hpp:35:
/Users/zacharyzhang/Documents/GitHub/Earthcall/src/ConstructedBeing/Object/Object/PolyhedronData.hpp:12:1: warning: 'PolyhedronData' defined as a struct here but previously declared as a class; this is valid, but may result in linker errors under the Microsoft C++ ABI [-Wmismatched-tags]
   12 | struct PolyhedronData {
      | ^
/Users/zacharyzhang/Documents/GitHub/Earthcall/src/ConstructedBeing/Object/Object/ObjectTypes.hpp:24:1: note: did you mean struct here?
   24 | class PolyhedronData;
      | ^~~~~
      | struct
In file included from /Users/zacharyzhang/Documents/GitHub/Earthcall/src/Integration/RealWebView.cpp:8:
In file included from /Users/zacharyzhang/Documents/GitHub/Earthcall/src/Integration/../Legacy/DesignSystem.hpp:9:
In file included from /Users/zacharyzhang/Documents/GitHub/Earthcall/src/OurVerse/Tool.hpp:5:
In file included from /Users/zacharyzhang/Documents/GitHub/Earthcall/src/ConstructedBeing/Object/Object.hpp:36:
In file included from /Users/zacharyzhang/Documents/GitHub/Earthcall/src/ConstructedBeing/Object/Object/FaceTexture.hpp:3:
In file included from /Users/zacharyzhang/Documents/GitHub/Earthcall/src/Rendering/Renderer.hpp:4:
/Users/zacharyzhang/Documents/GitHub/Earthcall/src/ConstructedBeing/Object/Geometry/SmoothSurface.hpp:23:1: warning: 'TessMesh' defined as a struct here but previously declared as a class; this is valid, but may result in linker errors under the Microsoft C++ ABI [-Wmismatched-tags]
   23 | struct TessMesh {
      | ^
/Users/zacharyzhang/Documents/GitHub/Earthcall/src/ConstructedBeing/Object/Object/ObjectTypes.hpp:20:5: note: did you mean struct here?
   20 |     class TessMesh;
      |     ^~~~~
      |     struct
In file included from /Users/zacharyzhang/Documents/GitHub/Earthcall/src/Integration/RealWebView.cpp:8:
In file included from /Users/zacharyzhang/Documents/GitHub/Earthcall/src/Integration/../Legacy/DesignSystem.hpp:9:
In file included from /Users/zacharyzhang/Documents/GitHub/Earthcall/src/OurVerse/Tool.hpp:5:
In file included from /Users/zacharyzhang/Documents/GitHub/Earthcall/src/ConstructedBeing/Object/Object.hpp:36:
In file included from /Users/zacharyzhang/Documents/GitHub/Earthcall/src/ConstructedBeing/Object/Object/FaceTexture.hpp:3:
In file included from /Users/zacharyzhang/Documents/GitHub/Earthcall/src/Rendering/Renderer.hpp:4:
/Users/zacharyzhang/Documents/GitHub/Earthcall/src/ConstructedBeing/Object/Geometry/SmoothSurface.hpp:27:1: warning: 'SmoothSurfaceData' defined as a struct here but previously declared as a class; this is valid, but may result in linker errors under the Microsoft C++ ABI [-Wmismatched-tags]
   27 | struct SmoothSurfaceData {
      | ^
/Users/zacharyzhang/Documents/GitHub/Earthcall/src/ConstructedBeing/Object/Object/ObjectTypes.hpp:17:5: note: did you mean struct here?
   17 |     class SmoothSurfaceData;
      |     ^~~~~
      |     struct
In file included from /Users/zacharyzhang/Documents/GitHub/Earthcall/src/Integration/RealWebView.cpp:8:
In file included from /Users/zacharyzhang/Documents/GitHub/Earthcall/src/Integration/../Legacy/DesignSystem.hpp:9:
In file included from /Users/zacharyzhang/Documents/GitHub/Earthcall/src/OurVerse/Tool.hpp:5:
In file included from /Users/zacharyzhang/Documents/GitHub/Earthcall/src/ConstructedBeing/Object/Object.hpp:36:
In file included from /Users/zacharyzhang/Documents/GitHub/Earthcall/src/ConstructedBeing/Object/Object/FaceTexture.hpp:3:
/Users/zacharyzhang/Documents/GitHub/Earthcall/src/Rendering/Renderer.hpp:10:18: warning: struct 'SdfNode' was previously declared as a class; this is valid, but may result in linker errors under the Microsoft C++ ABI [-Wmismatched-tags]
   10 | namespace geom { struct SdfNode; class FieldNode; }
      |                  ^
/Users/zacharyzhang/Documents/GitHub/Earthcall/src/ConstructedBeing/Object/Object/ObjectTypes.hpp:19:11: note: previous use is here
   19 |     class SdfNode;
      |           ^
In file included from /Users/zacharyzhang/Documents/GitHub/Earthcall/src/Integration/RealWebView.cpp:8:
In file included from /Users/zacharyzhang/Documents/GitHub/Earthcall/src/Integration/../Legacy/DesignSystem.hpp:9:
In file included from /Users/zacharyzhang/Documents/GitHub/Earthcall/src/OurVerse/Tool.hpp:5:
In file included from /Users/zacharyzhang/Documents/GitHub/Earthcall/src/ConstructedBeing/Object/Object.hpp:39:
/Users/zacharyzhang/Documents/GitHub/Earthcall/src/ConstructedBeing/Object/Geometry/ComplexShape.hpp:70:1: warning: 'ComplexShapeData' defined as a struct here but previously declared as a class; this is valid, but may result in linker errors under the Microsoft C++ ABI [-Wmismatched-tags]
   70 | struct ComplexShapeData {
      | ^
/Users/zacharyzhang/Documents/GitHub/Earthcall/src/ConstructedBeing/Object/Object/ObjectTypes.hpp:18:5: note: did you mean struct here?
   18 |     class ComplexShapeData;
      |     ^~~~~
      |     struct
In file included from /Users/zacharyzhang/Documents/GitHub/Earthcall/src/Integration/RealWebView.cpp:8:
In file included from /Users/zacharyzhang/Documents/GitHub/Earthcall/src/Integration/../Legacy/DesignSystem.hpp:9:
In file included from /Users/zacharyzhang/Documents/GitHub/Earthcall/src/OurVerse/Tool.hpp:5:
In file included from /Users/zacharyzhang/Documents/GitHub/Earthcall/src/ConstructedBeing/Object/Object.hpp:40:
/Users/zacharyzhang/Documents/GitHub/Earthcall/src/ConstructedBeing/Object/Geometry/Sdf.hpp:46:1: warning: 'SdfNode' defined as a struct here but previously declared as a class; this is valid, but may result in linker errors under the Microsoft C++ ABI [-Wmismatched-tags]
   46 | struct SdfNode {
      | ^
/Users/zacharyzhang/Documents/GitHub/Earthcall/src/ConstructedBeing/Object/Object/ObjectTypes.hpp:19:5: note: did you mean struct here?
   19 |     class SdfNode;
      |     ^~~~~
      |     struct
In file included from /Users/zacharyzhang/Documents/GitHub/Earthcall/src/Integration/RealWebView.cpp:8:
In file included from /Users/zacharyzhang/Documents/GitHub/Earthcall/src/Integration/../Legacy/DesignSystem.hpp:9:
In file included from /Users/zacharyzhang/Documents/GitHub/Earthcall/src/OurVerse/Tool.hpp:5:
In file included from /Users/zacharyzhang/Documents/GitHub/Earthcall/src/ConstructedBeing/Object/Object.hpp:41:
/Users/zacharyzhang/Documents/GitHub/Earthcall/src/ConstructedBeing/Object/Geometry/Patch.hpp:16:1: warning: 'BezierPatch' defined as a struct here but previously declared as a class; this is valid, but may result in linker errors under the Microsoft C++ ABI [-Wmismatched-tags]
   16 | struct BezierPatch {
      | ^
/Users/zacharyzhang/Documents/GitHub/Earthcall/src/ConstructedBeing/Object/Object/ObjectTypes.hpp:21:5: note: did you mean struct here?
   21 |     class BezierPatch;
      |     ^~~~~
      |     struct
13 warnings generated.
In file included from /Users/zacharyzhang/Documents/GitHub/Earthcall/src/Singularity/Core/EngineInit.cpp:1:
In file included from /Users/zacharyzhang/Documents/GitHub/Earthcall/src/Person/Person.hpp:2:
In file included from /Library/Developer/CommandLineTools/SDKs/MacOSX.sdk/usr/include/c++/v1/string:654:
In file included from /Library/Developer/CommandLineTools/SDKs/MacOSX.sdk/usr/include/c++/v1/string_view:951:
In file included from /Library/Developer/CommandLineTools/SDKs/MacOSX.sdk/usr/include/c++/v1/algorithm:1865:
In file included from /Library/Developer/CommandLineTools/SDKs/MacOSX.sdk/usr/include/c++/v1/__algorithm/inplace_merge.h:27:
/Library/Developer/CommandLineTools/SDKs/MacOSX.sdk/usr/include/c++/v1/__memory/unique_ptr.h:759:30: error: allocation of incomplete type 'ElementalToolHandler'
  759 |   return unique_ptr<_Tp>(new _Tp(std::forward<_Args>(__args)...));
      |                              ^~~
/Users/zacharyzhang/Documents/GitHub/Earthcall/src/Singularity/Core/EngineInit.cpp:128:34: note: in instantiation of function template specialization 'std::make_unique<ElementalToolHandler, ZoneManager *, 0>' requested here
  128 |     _elementalToolHandler = std::make_unique<ElementalToolHandler>(&mgr);
      |                                  ^
/Users/zacharyzhang/Documents/GitHub/Earthcall/src/Singularity/Core/Engine.hpp:16:7: note: forward declaration of 'ElementalToolHandler'
   16 | class ElementalToolHandler;
      |       ^
In file included from /Users/zacharyzhang/Documents/GitHub/Earthcall/src/Singularity/Core/EngineInit.cpp:1:
In file included from /Users/zacharyzhang/Documents/GitHub/Earthcall/src/Person/Person.hpp:2:
In file included from /Library/Developer/CommandLineTools/SDKs/MacOSX.sdk/usr/include/c++/v1/string:654:
In file included from /Library/Developer/CommandLineTools/SDKs/MacOSX.sdk/usr/include/c++/v1/string_view:951:
In file included from /Library/Developer/CommandLineTools/SDKs/MacOSX.sdk/usr/include/c++/v1/algorithm:1865:
In file included from /Library/Developer/CommandLineTools/SDKs/MacOSX.sdk/usr/include/c++/v1/__algorithm/inplace_merge.h:27:
/Library/Developer/CommandLineTools/SDKs/MacOSX.sdk/usr/include/c++/v1/__memory/unique_ptr.h:75:19: error: invalid application of 'sizeof' to an incomplete type 'ElementalToolHandler'
   75 |     static_assert(sizeof(_Tp) >= 0, "cannot delete an incomplete type");
      |                   ^~~~~~~~~~~
/Library/Developer/CommandLineTools/SDKs/MacOSX.sdk/usr/include/c++/v1/__memory/unique_ptr.h:290:7: note: in instantiation of member function 'std::default_delete<ElementalToolHandler>::operator()' requested here
  290 |       __deleter_(__tmp);
      |       ^
/Library/Developer/CommandLineTools/SDKs/MacOSX.sdk/usr/include/c++/v1/__memory/unique_ptr.h:259:71: note: in instantiation of member function 'std::unique_ptr<ElementalToolHandler>::reset' requested here
  259 |   _LIBCPP_HIDE_FROM_ABI _LIBCPP_CONSTEXPR_SINCE_CXX23 ~unique_ptr() { reset(); }
      |                                                                       ^
/Users/zacharyzhang/Documents/GitHub/Earthcall/src/Singularity/Core/EngineInit.cpp:128:29: note: in instantiation of member function 'std::unique_ptr<ElementalToolHandler>::~unique_ptr' requested here
  128 |     _elementalToolHandler = std::make_unique<ElementalToolHandler>(&mgr);
      |                             ^
/Users/zacharyzhang/Documents/GitHub/Earthcall/src/Singularity/Core/Engine.hpp:16:7: note: forward declaration of 'ElementalToolHandler'
   16 | class ElementalToolHandler;
      |       ^
In file included from /Users/zacharyzhang/Documents/GitHub/Earthcall/src/Integration/RealWebView.cpp:11:
/Users/zacharyzhang/Documents/GitHub/Earthcall/src/Integration/../Singularity/Core/Engine.hpp:70:49: warning: unused parameter 'type' [-Wunused-parameter]
   70 |     template<typename T> void begin2DToolDrag(T type, glm::vec2 pos) { _is2DToolDragging = true; _dragStart = pos; _dragCurrent = pos; }
      |                                                 ^
/Users/zacharyzhang/Documents/GitHub/Earthcall/src/Integration/../Singularity/Core/Engine.hpp:72:50: warning: unused parameter 'type' [-Wunused-parameter]
   72 |     template<typename T> bool is2DToolDragging(T type) const { return _is2DToolDragging; }
      |                                                  ^
/Users/zacharyzhang/Documents/GitHub/Earthcall/src/Integration/../Singularity/Core/Engine.hpp:83:30: warning: unused parameter 'index' [-Wunused-parameter]
   83 |     void setCurrentColor(int index, float val) {} // dummy for now
      |                              ^
/Users/zacharyzhang/Documents/GitHub/Earthcall/src/Integration/../Singularity/Core/Engine.hpp:83:43: warning: unused parameter 'val' [-Wunused-parameter]
   83 |     void setCurrentColor(int index, float val) {} // dummy for now
      |                                           ^
/Users/zacharyzhang/Documents/GitHub/Earthcall/src/Integration/../Singularity/Core/Engine.hpp:139:37: warning: unused parameter 'x' [-Wunused-parameter]
  139 |     void setRotateLastCursor(double x, double y) {}
      |                                     ^
/Users/zacharyzhang/Documents/GitHub/Earthcall/src/Integration/../Singularity/Core/Engine.hpp:139:47: warning: unused parameter 'y' [-Wunused-parameter]
  139 |     void setRotateLastCursor(double x, double y) {}
      |                                               ^
/Users/zacharyzhang/Documents/GitHub/Earthcall/src/Integration/RealWebView.cpp:76:36: warning: 'javaScriptEnabled' is deprecated: first deprecated in macOS 11.0 - Use WKWebpagePreferences.allowsContentJavaScript to disable content JavaScript on a per-navigation basis [-Wdeprecated-declarations]
   76 |             _webConfig.preferences.javaScriptEnabled = YES;
      |                                    ^
/Library/Developer/CommandLineTools/SDKs/MacOSX.sdk/System/Library/Frameworks/WebKit.framework/Headers/WKPreferences.h:115:28: note: 'javaScriptEnabled' has been explicitly marked deprecated here
  115 | @property (nonatomic) BOOL javaScriptEnabled API_DEPRECATED("Use WKWebpagePreferences.allowsContentJavaScript to disable content JavaScript on a per-navigation basis", macos(10.10, 11.0), ios(8.0, 14.0));
      |                            ^
/Users/zacharyzhang/Documents/GitHub/Earthcall/src/Integration/RealWebView.cpp:100:9: warning: '__weak' only applies to Objective-C object or block pointer types; type here is 'RealWebView *' [-Wignored-attributes]
  100 |         __weak RealWebView* weakSelf = this;
      |         ^
/Users/zacharyzhang/Documents/GitHub/Earthcall/src/Integration/RealWebView.cpp:420:70: warning: unused parameter 'result' [-Wunused-parameter]
  420 |         [_webView evaluateJavaScript:nsScript completionHandler:^(id result, NSError* error) {
      |                                                                      ^
22 warnings and 4 errors generated.
make[3]: *** [CMakeFiles/earthcall_core.dir/src/Singularity/Core/EngineInit.cpp.o] Error 1
16 warnings generated.
make[2]: *** [CMakeFiles/earthcall_core.dir/all] Error 2
make[1]: *** [CMakeFiles/earthcall.dir/rule] Error 2
make: *** [earthcall] Error 2
