[  8%] Built target glfw
[  8%] Building CXX object CMakeFiles/earthcall_core.dir/src/OurVerse/CursorTools.cpp.o
[  8%] Building CXX object CMakeFiles/earthcall_core.dir/src/Person/Person.cpp.o
[ 10%] Building CXX object CMakeFiles/earthcall_core.dir/src/Person/PersonDatabase.cpp.o
[ 10%] Building CXX object CMakeFiles/earthcall_core.dir/src/Person/Body/Head/Head.cpp.o
[ 10%] Building CXX object CMakeFiles/earthcall_core.dir/src/OurVerse/Tool.cpp.o
[ 10%] Building CXX object CMakeFiles/earthcall_core.dir/src/Person/Relationship/Relationship.cpp.o
[ 10%] Building CXX object CMakeFiles/earthcall_core.dir/src/Person/Soul/Soul.cpp.o
[ 10%] Building CXX object CMakeFiles/earthcall_core.dir/src/Person/Relationship/Community/Community.cpp.o
[ 10%] Building CXX object CMakeFiles/earthcall_core.dir/src/Perspective/AvatarHandler.cpp.o
[ 13%] Building CXX object CMakeFiles/earthcall_core.dir/src/Perspective/BasicPerspective/Perspective.cpp.o
[ 13%] Building CXX object CMakeFiles/earthcall_core.dir/src/Perspective/PersonPerspective.cpp.o
[ 13%] Building CXX object CMakeFiles/earthcall_core.dir/src/Perspective/PerspectiveManager.cpp.o
[ 13%] Building CXX object CMakeFiles/earthcall_core.dir/src/Relation/Relation.cpp.o
In file included from /Users/zacharyzhang/Documents/GitHub/Earthcall/src/OurVerse/Tool.cpp:1:
In file included from /Users/zacharyzhang/Documents/GitHub/Earthcall/src/OurVerse/Tool.hpp:5:
In file included from /Users/zacharyzhang/Documents/GitHub/Earthcall/src/ConstructedBeing/Object/Object.hpp:35:
/Users/zacharyzhang/Documents/GitHub/Earthcall/src/ConstructedBeing/Object/Object/PolyhedronData.hpp:12:1: warning: 'PolyhedronData' defined as a struct here but previously declared as a class; this is valid, but may result in linker errors under the Microsoft C++ ABI [-Wmismatched-tags]
   12 | struct PolyhedronData {
      | ^
/Users/zacharyzhang/Documents/GitHub/Earthcall/src/ConstructedBeing/Object/Object/ObjectTypes.hpp:24:1: note: did you mean struct here?
   24 | class PolyhedronData;
      | ^~~~~
      | struct
In file included from /Users/zacharyzhang/Documents/GitHub/Earthcall/src/Person/Body/Head/Head.cpp:3:
In file included from /Users/zacharyzhang/Documents/GitHub/Earthcall/src/Person/Body/Head/Head.hpp:2:
In file included from /Users/zacharyzhang/Documents/GitHub/Earthcall/src/Person/Body/Head/../BodyPart/BodyPart.hpp:6:
In file included from /Users/zacharyzhang/Documents/GitHub/Earthcall/src/ConstructedBeing/Object/Object.hpp:35:
/Users/zacharyzhang/Documents/GitHub/Earthcall/src/ConstructedBeing/Object/Object/PolyhedronData.hpp:12:1: warning: 'PolyhedronData' defined as a struct here but previously declared as a class; this is valid, but may result in linker errors under the Microsoft C++ ABI [-Wmismatched-tags]
   12 | struct PolyhedronData {
      | ^
/Users/zacharyzhang/Documents/GitHub/Earthcall/src/ConstructedBeing/Object/Object/ObjectTypes.hpp:24:1: note: did you mean struct here?
   24 | class PolyhedronData;
      | ^~~~~
      | struct
In file included from /Users/zacharyzhang/Documents/GitHub/Earthcall/src/Person/PersonDatabase.cpp:1:
In file included from /Users/zacharyzhang/Documents/GitHub/Earthcall/src/Person/PersonDatabase.hpp:4:
In file included from /Users/zacharyzhang/Documents/GitHub/Earthcall/src/Person/Person.hpp:6:
In file included from /Users/zacharyzhang/Documents/GitHub/Earthcall/src/Person/Body/Body.hpp:5:
In file included from /Users/zacharyzhang/Documents/GitHub/Earthcall/src/ConstructedBeing/Object/Object.hpp:35:
/Users/zacharyzhang/Documents/GitHub/Earthcall/src/ConstructedBeing/Object/Object/PolyhedronData.hpp:12:1: warning: 'PolyhedronData' defined as a struct here but previously declared as a class; this is valid, but may result in linker errors under the Microsoft C++ ABI [-Wmismatched-tags]
   12 | struct PolyhedronData {
      | ^
/Users/zacharyzhang/Documents/GitHub/Earthcall/src/ConstructedBeing/Object/Object/ObjectTypes.hpp:24:1: note: did you mean struct here?
   24 | class PolyhedronData;
      | ^~~~~
      | struct
In file included from /Users/zacharyzhang/Documents/GitHub/Earthcall/src/Person/Body/Head/Head.cpp:3:
In file included from /Users/zacharyzhang/Documents/GitHub/Earthcall/src/Person/Body/Head/Head.hpp:2:
In file included from /Users/zacharyzhang/Documents/GitHub/Earthcall/src/Person/Body/Head/../BodyPart/BodyPart.hpp:6:
In file included from /Users/zacharyzhang/Documents/GitHub/Earthcall/src/ConstructedBeing/Object/Object.hpp:36:
In file included from /Users/zacharyzhang/Documents/GitHub/Earthcall/src/ConstructedBeing/Object/Object/FaceTexture.hpp:3:
In file included from /Users/zacharyzhang/Documents/GitHub/Earthcall/src/Rendering/Renderer.hpp:4In file included from /Users/zacharyzhang/Documents/GitHub/Earthcall/src/OurVerse/Tool.cpp:1:
In file included from /Users/zacharyzhang/Documents/GitHub/Earthcall/src/OurVerse/Tool.hpp:5:
In file included from :
/Users/zacharyzhang/Documents/GitHub/Earthcall/src/ConstructedBeing/Object/Geometry/SmoothSurface.hpp:23/Users/zacharyzhang/Documents/GitHub/Earthcall/src/ConstructedBeing/Object/Object.hpp:36:
In file included from /Users/zacharyzhang/Documents/GitHub/Earthcall/src/ConstructedBeing/Object/Object/FaceTexture.hpp:3:
In file included from /Users/zacharyzhang/Documents/GitHub/Earthcall/src/Rendering/Renderer.hpp:4In file included from /Users/zacharyzhang/Documents/GitHub/Earthcall/src/Person/Relationship/Community/Community.cpp::
/Users/zacharyzhang/Documents/GitHub/Earthcall/src/ConstructedBeing/Object/Geometry/SmoothSurface.hpp:23:1:2:
In file included from In file included from /Users/zacharyzhang/Documents/GitHub/Earthcall/src/OurVerse/CursorTools.cpp1:5:
In file included from /Users/zacharyzhang/Documents/GitHub/Earthcall/src/ZonesOfEarth/ZoneManager.hpp:5:
In file included from /Users/zacharyzhang/Documents/GitHub/Earthcall/src/ZonesOfEarth/Zone/Zone.hpp:5:
In file included from /Users/zacharyzhang/Documents/GitHub/Earthcall/src/ZonesOfEarth/Zone/../World/World.hpp:5:
In file included from /Users/zacharyzhang/Documents/GitHub/Earthcall/src/ConstructedBeing/Object/Object.hpp: warning: 'TessMesh' defined as a struct here but previously declared as a class; this is valid, but may result in linker errors under the Microsoft C++ ABI [-Wmismatched-tags]
   23 | struct Tes:35:
/Users/zacharyzhang/Documents/GitHub/Earthcall/src/ConstructedBeing/Object/Object/PolyhedronData.hpp:12:1:/Users/zacharyzhang/Documents/GitHub/Earthcall/src/Person/Person.hpp:6:
In file included from /Users/zacharyzhang/Documents/GitHub/Earthcall/src/Person/Body/Body.hpp:5:
In file included from /Users/zacharyzhang/Documents/GitHub/Earthcall/src/ConstructedBeing/Object/Object.hpp:35:
/Users/zacharyzhang/Documents/GitHub/Earthcall/src/ConstructedBeing/Object/Object/PolyhedronData.hpp:12:1: warning: 'PolyhedronData' defined as a struct here but previously declared as a class; this is valid, but may result in linker errors under the Microsoft C++ ABI [-Wmismatched-tags]
   12 | struct PolyhedronData {
      | ^
/Users/zacharyzhang/Documents/GitHub/Earthcall/src/ConstructedBeing/Object/Object/ObjectTypes.hpp:24:1: note: did you mean struct here?
   24 | class PolyhedronData;
      | ^~~~~
      | struct
sMesh {
      | ^
 warning: 'PolyhedronData' defined as a struct here but previously declared as a class; this is valid, but may result in linker errors under the Microsoft C++ ABI [-Wmismatched-tags]
   12 | struct PolyhedronData {
      | ^
/Users/zacharyzhang/Documents/GitHub/Earthcall/src/ConstructedBeing/Object/Object/ObjectTypes.hpp:24:1: note: did you mean struct here?
   24 | class PolyhedronData;
      | ^~~~~
: warning: 'TessMesh' defined as a struct here but previously declared as a class; this is valid, but may result in linker errors under the Microsoft C++ ABI [-Wmismatched-tags]
   23 | st      | struct
ruct TessMesh {
      | ^
/Users/zacharyzhang/Documents/GitHub/Earthcall/src/ConstructedBeing/Object/Object/ObjectTypes.hpp:20:5: note: did you mean struct here?
   20 |    /Users/zacharyzhang/Documents/GitHub/Earthcall/src/ConstructedBeing/Object/Object/ObjectTypes.hpp:20:5: note: did you mean struct here?
   20 |     class TessMesh;
      |     ^~~~~
      |     struct
 class TessMesh;
      |     ^~~~~
      |     struct
In file included from /Users/zacharyzhang/Documents/GitHub/Earthcall/src/Person/Body/Head/Head.cpp:3:
In file included from /Users/zacharyzhang/Documents/GitHub/Earthcall/src/Person/Body/Head/Head.hpp:2:
In file included from /Users/zacharyzhang/Documents/GitHub/Earthcall/src/Person/Body/Head/../BodyPart/BodyPart.hpp:6:
In file included from /Users/zacharyzhang/Documents/GitHub/Earthcall/src/ConstructedBeing/Object/Object.hpp:36:
In file included from /Users/zacharyzhang/Documents/GitHub/Earthcall/src/ConstructedBeing/Object/Object/FaceTexture.hpp:3:
In file included from /Users/zacharyzhang/Documents/GitHub/Earthcall/src/Rendering/Renderer.hpp:4:
/Users/zacharyzhang/Documents/GitHub/Earthcall/src/ConstructedBeing/Object/Geometry/SmoothSurface.hpp:27:1: warning: 'SmoothSurfaceData' defined as a struct here but previously declared as a class; this is valid, but may result in linker errors under the Microsoft C++ ABI [-Wmismatched-tags]
   27 | struct SmoothSurfaceData {
      | ^
/Users/zacharyzhang/Documents/GitHub/Earthcall/src/ConstructedBeing/Object/Object/ObjectTypes.hpp:17:5: note: did you mean struct here?
   17 |     class SmoothSurfaceData;
      |     ^~~~~
      |     struct
In file included from /Users/zacharyzhang/Documents/GitHub/Earthcall/src/Person/Body/Head/Head.cpp:3:
In file included from /Users/zacharyzhang/Documents/GitHub/Earthcall/src/Person/Body/Head/Head.hpp:2:
In file included from /Users/zacharyzhang/Documents/GitHub/Earthcall/src/Person/Body/Head/../BodyPart/BodyPart.hpp:6:
In file included from /Users/zacharyzhang/Documents/GitHub/Earthcall/src/ConstructedBeing/Object/Object.hpp:36:
In file included from /Users/zacharyzhang/Documents/GitHub/Earthcall/src/ConstructedBeing/Object/Object/FaceTexture.hpp:3:
/Users/zacharyzhang/Documents/GitHub/Earthcall/src/Rendering/Renderer.hpp:10:18: warning: struct 'SdfNode' was previously declared as a class; this is valid, but may result in linker errors under the Microsoft C++ ABI [-Wmismatched-tags]
   10 | namespace geom { struct SdfNode; class FieldNode; }
      |                  ^
/Users/zacharyzhang/Documents/GitHub/Earthcall/src/ConstructedBeing/Object/Object/ObjectTypes.hpp:19:11: note: previous use is here
   19 |     class In file included from /Users/zacharyzhang/Documents/GitHub/Earthcall/src/OurVerse/Tool.cpp:1:
In file included from /Users/zacharyzhang/Documents/GitHub/Earthcall/src/OurVerse/Tool.hpp:5:
In file included from /Users/zacharyzhang/Documents/GitHub/Earthcall/src/ConstructedBeing/Object/Object.hpp:SdfNode;
      | 36:
In file included from /Users/zacharyzhang/Documents/GitHub/Earthcall/src/ConstructedBeing/Object/Object/FaceTexture.hpp:3:
In file included from /Users/zacharyzhang/Documents/GitHub/Earthcall/src/Rendering/Renderer.hpp:4:
/Users/zacharyzhang/Documents/GitHub/Earthcall/src/ConstructedBeing/Object/Geometry/SmoothSurface.hpp:27:1: warning: 'SmoothSurfaceData' defined as a struct here but previously declared as a class; this is valid, but may result in linker errors under the Microsoft C++ ABI [-Wmismatched-tags]          ^

   27 | struct SmoothSurfaceData {
      | ^
/Users/zacharyzhang/Documents/GitHub/Earthcall/src/ConstructedBeing/Object/Object/ObjectTypes.hpp:17:5: note: did you mean struct here?
   17 |     class SmoothSurfaceData;
      |     ^~~~~
      |     struct
In file included from /Users/zacharyzhang/Documents/GitHub/Earthcall/src/OurVerse/Tool.cpp:1:
In file included from /Users/zacharyzhang/Documents/GitHub/Earthcall/src/OurVerse/Tool.hpp:5:
In file included from /Users/zacharyzhang/Documents/GitHub/Earthcall/src/ConstructedBeing/Object/Object.hpp:36:
In file included from /Users/zacharyzhang/Documents/GitHub/Earthcall/src/ConstructedBeing/Object/Object/FaceTexture.hpp:3:
/Users/zacharyzhang/Documents/GitHub/Earthcall/src/Rendering/Renderer.hpp:10:18: warning: struct 'SdfNode' was previously declared as a class; this is valid, but may result in linker errors under the Microsoft C++ ABI [-Wmismatched-tags]
   10 | namespace geom { struct SdfNode; class FIn file included from /Users/zacharyzhang/Documents/GitHub/Earthcall/src/Person/PersonDatabase.cpp:1:
In file included from /Users/zacharyzhang/Documents/GitHub/Earthcall/src/Person/PersonDatabase.hpp:4:
In file included from /Users/zacharyzhang/Documents/GitHub/Earthcall/src/Person/Person.hppieldNode; }
      |                  ^
/Users/zacharyzhang/Documents/GitHub/Earthcall/src/ConstructedBeing/Object/Object/ObjectTypes.hpp:19:11: note: previous use is here
   19 |     clas:6:
In file included from /Users/zacharyzhang/Documents/GitHub/Earthcall/src/Person/Body/Body.hpp:5:
In file included from /Users/zacharyzhang/Documents/GitHub/Earthcall/src/ConstructedBeing/Object/Object.hpp:36:
In file included from /Users/zacharyzhang/Documents/GitHub/Earthcall/src/ConstructedBeing/Object/Object/FaceTexture.hpp:3:
In file included from /Users/zacharyzhang/Documents/GitHub/Earthcall/src/Rendering/Renderer.hpp:4:
/Users/zacharyzhang/Documents/GitHub/Earthcall/src/ConstructedBeing/Object/Geometry/SmoothSurface.hpp:23:1s SdfNode;
      |           ^
: warning: 'TessMesh' defined as a struct here but previously declared as a class; this is valid, but may result in linker errors under the Microsoft C++ ABI [-Wmismatched-tags]
   23 | struct TessMesh {
      | ^
/Users/zacharyzhang/Documents/GitHub/Earthcall/src/ConstructedBeing/Object/Object/ObjectTypes.hpp:20:5: note: did you mean struct here?
   20 |     class TessMesh;
      |     ^~~~~
      |     struct
In file included from /Users/zacharyzhang/Documents/GitHub/Earthcall/src/Person/Person.cpp:1:
In file included from /Users/zacharyzhang/Documents/GitHub/Earthcall/src/Person/Person.hpp:6:
In file included from /Users/zacharyzhang/Documents/GitHub/Earthcall/src/Person/Body/Body.hpp:5:
In file included from /Users/zacharyzhang/Documents/GitHub/Earthcall/src/ConstructedBeing/Object/Object.hpp:35:
/Users/zacharyzhang/Documents/GitHub/Earthcall/src/ConstructedBeing/Object/Object/PolyhedronData.hpp:12:1: warning: 'PolyhedronData' defined as a struct here but previously declared as a class; this is valid, but may result in linker errors under the Microsoft C++ ABI [-Wmismatched-tags]
   12 | struct PolyhedronData {
      | ^
/Users/zacharyzhang/Documents/GitHub/Earthcall/src/ConstructedBeing/Object/Object/ObjectTypes.hpp:24:1: note: did you mean struct here?
   24 | class PolyhedronData;
      | ^~~~~
      | struct
In file included from /Users/zacharyzhang/Documents/GitHub/Earthcall/src/Person/PersonDatabase.cpp:1:
In file included from /Users/zacharyzhang/Documents/GitHub/Earthcall/src/Person/PersonDatabase.hpp:4:
In file included from /Users/zacharyzhang/Documents/GitHub/Earthcall/src/Person/Person.hpp:6:
In file included from /Users/zacharyzhang/Documents/GitHub/Earthcall/src/Person/Body/Body.hpp:5:
In file included from /Users/zacharyzhang/Documents/GitHub/Earthcall/src/ConstructedBeing/Object/Object.hpp:36:
In file included from /Users/zacharyzhang/Documents/GitHub/Earthcall/src/ConstructedBeing/Object/Object/FaceTexture.hpp:3:
In file included from /Users/zacharyzhang/Documents/GitHub/Earthcall/src/Rendering/Renderer.hpp:4:
/Users/zacharyzhang/Documents/GitHub/Earthcall/src/ConstructedBeing/Object/Geometry/SmoothSurface.hpp:27:1: warning: 'SmoothSurfaceData' defined as a struct here but previously declared as a class; this is valid, but may result in linker errors under the Microsoft C++ ABI [-Wmismatched-tags]
   27 | struct SmoothSurfaceData {
      | ^
/Users/zacharyzhang/Documents/GitHub/Earthcall/src/ConstructedBeing/Object/Object/ObjectTypes.hpp:17:5: note: did you mean struct here?
   17 |     class SmoothSurfaceData;
      |     ^~~~~
      |     struct
In file included from /Users/zacharyzhang/Documents/GitHub/Earthcall/src/Person/PersonDatabase.cpp:1:
In file included from /Users/zacharyzhang/Documents/GitHub/Earthcall/src/Person/PersonDatabase.hpp:4:
In file included from /Users/zacharyzhang/Documents/GitHub/Earthcall/src/Person/Person.hpp:6:
In file included from /Users/zacharyzhang/Documents/GitHub/Earthcall/src/Person/Body/Body.hpp:5:
In file included from /Users/zacharyzhang/Documents/GitHub/Earthcall/src/ConstructedBeing/Object/Object.hpp:36:
In file included from /Users/zacharyzhang/Documents/GitHub/Earthcall/src/ConstructedBeing/Object/Object/FaceTexture.hpp:3:
/Users/zacharyzhang/Documents/GitHub/Earthcall/src/Rendering/Renderer.hpp:10:18: warning: struct 'SdfNode' was previously declared as a class; this is valid, but may result in linker errors under the Microsoft C++ ABI [-Wmismatched-tags]
   10 | namespace geom { struct SdfNode; class FieldNode; }
      |                  ^
/Users/zacharyzhang/Documents/GitHub/Earthcall/src/ConstructedBeing/Object/Object/ObjectTypes.hpp:19:11: note: previous use is here
   19 |     cIn file included from /Users/zacharyzhang/Documents/GitHub/Earthcall/src/Person/Body/Head/Head.cpp:3:
lass SdfNodeIn file included from /Users/zacharyzhang/Documents/GitHub/Earthcall/src/Person/Body/Head/Head.hpp:2:
In file included from /Users/zacharyzhang/Documents/GitHub/Earthcall/src/Person/Body/Head/../BodyPart/BodyPart.hpp:6:
In file included from /Users/zacharyzhang/Documents/GitHub/Earthcall/src/ConstructedBeing/Object/Object.hpp:39:
/Users/zacharyzhang/Documents/GitHub/Earthcall/src/ConstructedBeing/Object/Geometry/ComplexShape.hpp:70:1: warning: 'ComplexShapeData' defined as a struct here but previously declared as a class; this is valid, but may result in linker errors under the Microsoft C++ ABI [-Wmismatched-tags]
   70 | struct ComplexShapeData {
      | ^
;
      |           ^
/Users/zacharyzhang/Documents/GitHub/Earthcall/src/ConstructedBeing/Object/Object/ObjectTypes.hpp:18:5: note: did you mean struct here?
   18 |     class ComplexShapeData;
      |     ^~~~~
      |     struct
In file included from /Users/zacharyzhang/Documents/GitHub/Earthcall/src/Person/Body/Head/Head.cpp:3:
In file included from /Users/zacharyzhang/Documents/GitHub/Earthcall/src/Person/Body/Head/Head.hpp:2:
In file included from /Users/zacharyzhang/Documents/GitHub/Earthcall/src/Person/Body/Head/../BodyPart/BodyPart.hpp:6:
In file included from /Users/zacharyzhang/Documents/GitHub/Earthcall/src/ConstructedBeing/Object/Object.hpp:40:
/Users/zacharyzhang/Documents/GitHub/Earthcall/src/ConstructedBeing/Object/Geometry/Sdf.hpp:46:1: warning: 'SdfNode' defined as a struct here but previously declared as a class; this is valid, but may result in linker errors under the Microsoft C++ ABI [-Wmismatched-tags]
   46 | struct SdfNode {
      | ^
/Users/zacharyzhang/Documents/GitHub/Earthcall/src/ConstructedBeing/Object/Object/ObjectTypes.hpp:19:5: note: did you mean struct here?
   19 |     class SdfNode;
      |     ^~~~~
      |     struct
In file included from /Users/zacharyzhang/Documents/GitHub/Earthcall/src/OurVerse/Tool.cpp:1:
In file included from /Users/zacharyzhang/Documents/GitHub/Earthcall/src/OurVerse/Tool.hpp:5:
In file included from /Users/zacharyzhang/Documents/GitHub/Earthcall/src/ConstructedBeing/Object/Object.hpp:39:
/Users/zacharyzhang/Documents/GitHub/Earthcall/src/ConstructedBeing/Object/Geometry/ComplexShape.hpp:70:1: warning: 'ComplexShapeData' defined as a struct here but previously declared as a class; this is valid, but may result in linker errors under the Microsoft C++ ABI [-Wmismatched-tags]
   70 | struct ComplexShapeData {
      | ^
/Users/zacharyzhang/Documents/GitHub/Earthcall/src/ConstructedBeing/Object/Object/ObjectTypes.hpp:18:5: note: did you mean struct here?
   18 |     class ComplexShapeData;
      |     ^~~~~
      |     struct
In file included from /Users/zacharyzhang/Documents/GitHub/Earthcall/src/Person/PersonDatabase.cpp:1:
In file included from /Users/zacharyzhang/Documents/GitHub/Earthcall/src/Person/PersonDatabase.hpp:4:
In file included from /Users/zacharyzhang/Documents/GitHub/Earthcall/src/Person/Person.hpp:6:
In file included from /Users/zacharyzhang/Documents/GitHub/Earthcall/src/Person/Body/Body.hpp:5:
In file included from /Users/zacharyzhang/Documents/GitHub/Earthcall/src/ConstructedBeing/Object/Object.hpp:39:
/Users/zacharyzhang/Documents/GitHub/Earthcall/src/ConstructedBeing/Object/Geometry/ComplexShape.hpp:70:1: warning: 'ComplexShapeData' defined as a struct here but previously declared as a class; this is valid, but may result in linker errors under the Microsoft C++ ABI [-Wmismatched-tags]
   70 | struct ComplexShapeData {
      | ^
/Users/zacharyzhang/Documents/GitHub/Earthcall/src/ConstructedBeing/Object/Object/ObjectTypes.hpp:18:5: note: did you mean struct here?
   18 |     class ComplexShapeData;
      |     ^~~~~
      |     struct
In file included from /Users/zacharyzhang/Documents/GitHub/Earthcall/src/OurVerse/CursorTools.cpp:5:
In file included from /Users/zacharyzhang/Documents/GitHub/Earthcall/src/ZonesOfEarth/ZoneManager.hpp:5:
In file included from /Users/zacharyzhang/Documents/GitHub/Earthcall/src/ZonesOfEarth/Zone/Zone.hpp:5:
In file included from /Users/zacharyzhang/Documents/GitHub/Earthcall/src/ZonesOfEarth/Zone/../World/World.hpp:5:
In file included from /Users/zacharyzhang/Documents/GitHub/Earthcall/src/ConstructedBeing/Object/Object.hpp:36:
In file included from /Users/zacharyzhang/Documents/GitHub/Earthcall/src/ConstructedBeing/Object/Object/FaceTexture.hpp:3:
In file included from /Users/zacharyzhang/Documents/GitHub/Earthcall/src/Rendering/Renderer.hpp:4:
/Users/zacharyzhang/Documents/GitHub/Earthcall/src/ConstructedBeing/Object/Geometry/SmoothSurface.hpp:23:1: warning: 'TessMesh' defined as a struct here but previously declared as a class; this is valid, but may result in linker errors under the Microsoft C++ ABI [-Wmismatched-tags]
   23 | struct TessMesh {
      | ^
/Users/zacharyzhang/Documents/GitHub/Earthcall/src/ConstructedBeing/Object/Object/ObjectTypes.hpp:20:5: note: did you mean struct here?
   20 |     class TessMesh;
      |     ^~~~~
      |     struct
In file included from /Users/zacharyzhang/Documents/GitHub/Earthcall/src/OurVerse/CursorTools.cpp:5:
In file included from /Users/zacharyzhang/Documents/GitHub/Earthcall/src/ZonesOfEarth/ZoneManager.hpp:5:
In file included from /Users/zacharyzhang/Documents/GitHub/Earthcall/src/ZonesOfEarth/Zone/Zone.hpp:5:
In file included from /Users/zacharyzhang/Documents/GitHub/Earthcall/src/ZonesOfEarth/Zone/../World/World.hpp:5:
In file included from /Users/zacharyzhang/Documents/GitHub/Earthcall/src/ConstructedBeing/Object/Object.hpp:36:
In file included from /Users/zacharyzhang/Documents/GitHub/Earthcall/src/ConstructedBeing/Object/Object/FaceTexture.hpp:3:
In file included from /Users/zacharyzhang/Documents/GitHub/Earthcall/src/Rendering/Renderer.hpp:4:
/Users/zacharyzhang/Documents/GitHub/Earthcall/src/ConstructedBeing/Object/Geometry/SmoothSurface.hpp:27:1: warning: 'SmoothSurfaceData' defined as a struct here but previously declared as a class; this is valid, but may result in linker errors under the Microsoft C++ ABI [-Wmismatched-tags]
   27 | struct SmoothSurfaceData {
      | ^
/Users/zacharyzhang/Documents/GitHub/Earthcall/src/ConstructedBeing/Object/Object/ObjectTypes.hpp:17:5: note: did you mean struct here?
   17 |     class SmoothSurfaceData;
      |     ^~~~~
      |     struct
In file included from /Users/zacharyzhang/Documents/GitHub/Earthcall/src/OurVerse/CursorTools.cpp:5:
In file included from /Users/zacharyzhang/Documents/GitHub/Earthcall/src/ZonesOfEarth/ZoneManager.hpp:5:
In file included from /Users/zacharyzhang/Documents/GitHub/Earthcall/src/ZonesOfEarth/Zone/Zone.hpp:5:
In file included from /Users/zacharyzhang/Documents/GitHub/Earthcall/src/ZonesOfEarth/Zone/../World/World.hpp:5:
In file included from /Users/zacharyzhang/Documents/GitHub/Earthcall/src/ConstructedBeing/Object/Object.hpp:36:
In file included from /Users/zacharyzhang/Documents/GitHub/Earthcall/src/ConstructedBeing/Object/Object/FaceTexture.hpp:3:
/Users/zacharyzhang/Documents/GitHub/Earthcall/src/Rendering/Renderer.hpp:10:18: warning: struct 'SdfNode' was previously declared as a class; this is valid, but may result in linker errors under the Microsoft C++ ABI [-Wmismatched-tags]
   10 | namespace geom { struct SdfNode; class FieldNode; }
      |                  ^
/Users/zacharyzhang/Documents/GitHub/Earthcall/src/ConstructedBeing/Object/Object/ObjectTypes.hpp:19:11: note: previous use is here
   19 |     class SdfNode;
      |           ^
In file included from /Users/zacharyzhang/Documents/GitHub/Earthcall/src/Person/PersonDatabase.cpp:1:
In file included from /Users/zacharyzhang/Documents/GitHub/Earthcall/src/Person/PersonDatabase.hpp:4:
In file included from /Users/zacharyzhang/Documents/GitHub/Earthcall/src/Person/Person.hpp:6:
In file included from /Users/zacharyzhang/Documents/GitHub/Earthcall/src/Person/Body/Body.hpp:5:
In file included from /Users/zacharyzhang/Documents/GitHub/Earthcall/src/ConstructedBeing/Object/Object.hpp:40:
/Users/zacharyzhang/Documents/GitHub/Earthcall/src/ConstructedBeing/Object/Geometry/Sdf.hpp:46:1: warning: 'SdfNode' defined as a struct here but previously declared as a class; this is valid, but may result in linker errors under the Microsoft C++ ABI [-Wmismatched-tags]
   46 | struct SdfNode {
      | ^
/Users/zacharyzhang/Documents/GitHub/Earthcall/src/ConstructedBeing/Object/Object/ObjectTypes.hpp:19:5: note: did you mean struct here?
   19 |     class SdfNode;
      |     ^~~~~
      |     struct
In file included from /Users/zacharyzhang/Documents/GitHub/Earthcall/src/OurVerse/Tool.cpp:1:
In file included from /Users/zacharyzhang/Documents/GitHub/Earthcall/src/OurVerse/Tool.hpp:5:
In file included from /Users/zacharyzhang/Documents/GitHub/Earthcall/src/ConstructedBeing/Object/Object.hpp:40:
/Users/zacharyzhang/Documents/GitHub/Earthcall/src/ConstructedBeing/Object/Geometry/Sdf.hpp:46:1: warning: 'SdfNode' defined as a struct here but previously declared as a class; this is valid, but may result in linker errors under the Microsoft C++ ABI [-Wmismatched-tags]
   46 | struct SdfNode {
      | ^
/Users/zacharyzhang/Documents/GitHub/Earthcall/src/ConstructedBeing/Object/Object/ObjectTypes.hpp:19:5: note: did you mean struct here?
   19 |     class SdfNode;
      |     ^~~~~
      |     struct
In file included from /Users/zacharyzhang/Documents/GitHub/Earthcall/src/Person/Relationship/Community/Community.cpp:2:
In file included from /Users/zacharyzhang/Documents/GitHub/Earthcall/src/Person/Person.hpp:6:
In file included from /Users/zacharyzhang/Documents/GitHub/Earthcall/src/Person/Body/Body.hpp:5:
In file included from /Users/zacharyzhang/Documents/GitHub/Earthcall/src/ConstructedBeing/Object/Object.hpp:36:
In file included from /Users/zacharyzhang/Documents/GitHub/Earthcall/src/ConstructedBeing/Object/Object/FaceTexture.hpp:3:
In file included from /Users/zacharyzhang/Documents/GitHub/Earthcall/src/Rendering/Renderer.hpp:4:
/Users/zacharyzhang/Documents/GitHub/Earthcall/src/ConstructedBeing/Object/Geometry/SmoothSurface.hpp:23:1: warning: 'TessMesh' defined as a struct here but previously declared as a class; this is valid, but may result in linker errors under the Microsoft C++ ABI [-Wmismatched-tags]
   23 | struct TessMesh {
      | ^
/Users/zacharyzhang/Documents/GitHub/Earthcall/src/ConstructedBeing/Object/Object/ObjectTypes.hpp:20:5: note: did you mean struct here?
   20 |     class TessMesh;
      |     ^~~~~
      |     struct
In file included from /Users/zacharyzhang/Documents/GitHub/Earthcall/src/Person/Body/Head/Head.cpp:3:
In file included from /Users/zacharyzhang/Documents/GitHub/Earthcall/src/Person/Body/Head/Head.hpp:2:
In file included from /Users/zacharyzhang/Documents/GitHub/Earthcall/src/Person/Body/Head/../BodyPart/BodyPart.hpp:6:
In file included from /Users/zacharyzhang/Documents/GitHub/Earthcall/src/ConstructedBeing/Object/Object.hppIn file included from /Users/zacharyzhang/Documents/GitHub/Earthcall/src/Person/Relationship/Community/Community.cpp:2:
In file included from /Users/zacharyzhang/Documents/GitHub/Earthcall/src/Person/Person.hpp:6:
In file included from /Users/zacharyzhang/Documents/GitHub/Earthcall/src/Person/Body/Body.hpp:5:
In file included from /Users/zacharyzhang/Documents/GitHub/Earthcall/src/ConstructedBeing/Object/Object.hpp:36:
In file included from :/Users/zacharyzhang/Documents/GitHub/Earthcall/src/ConstructedBeing/Object/Object/FaceTexture.hpp:3:
In file included from /Users/zacharyzhang/Documents/GitHub/Earthcall/src/Rendering/Renderer.hpp:4:
/Users/zacharyzhang/Documents/GitHub/Earthcall/src/ConstructedBeing/Object/Geometry/SmoothSurface.hpp:27:1: warning: 'SmoothSurfaceData' defined as a struct here but previously declared as a class; this is valid, but may result in linker errors under the Microsoft C++ ABI [-Wmismatched-tags]41:
/Users/zacharyzhang/Documents/GitHub/Earthcall/src/ConstructedBeing/Object/Geometry/Patch.hpp:16:1: warning: 'BezierPatch' defined as a struct here but previously declared as a class; this is valid, but may result in linker errors under the Microsoft C++ ABI [-Wmismatched-tags]
   16 | struct Bez
   27 | struct SmoothSurfaceData {
      | ^
ierPatch {
      | ^
/Users/zacharyzhang/Documents/GitHub/Earthcall/src/ConstructedBeing/Object/Object/ObjectTypes.hpp:17:5: /Users/zacharyzhang/Documents/GitHub/Earthcall/src/ConstructedBeing/Object/Object/ObjectTypes.hpp:21:note: did you mean struct here?
   17 | 5:    class note:  Smootdid you mean struct here?
hSur   21 | faceData;
      |     ^~~~~
      |     struct
    class BezierPatch;
      |     ^~~~~
      |     struct
In file included from /Users/zacharyzhang/Documents/GitHub/Earthcall/src/Person/Person.cpp:1:
In file included from /Users/zacharyzhang/Documents/GitHub/Earthcall/src/Person/Person.hpp:6:
In file included from /Users/zacharyzhang/Documents/GitHub/Earthcall/src/Person/Body/Body.hpp:5:
In file included from /Users/zacharyzhang/Documents/GitHub/Earthcall/src/ConstructedBeing/Object/Object.hpp:36:
In file included from /Users/zacharyzhang/Documents/GitHub/Earthcall/src/ConstructedBeing/Object/Object/FaceTexture.hpp:3:
In file included from /Users/zacharyzhang/Documents/GitHub/Earthcall/src/Rendering/Renderer.hpp:4:
/Users/zacharyzhang/Documents/GitHub/Earthcall/src/ConstructedBeing/Object/Geometry/SmoothSurface.hpp:23:1: warning: 'TessMesh' defined as a struct here but previously declared as a class; this is valid, but may result in linker errors under the Microsoft C++ ABI [-Wmismatched-tags]
   23 | struct TessMesh {
      | ^
/Users/zacharyzhang/Documents/GitHub/Earthcall/src/ConstructedBeing/Object/Object/ObjectTypes.hpp:20:5: note: did you mean struct here?
   20 |     class TessMesh;
      |     ^~~~~
      |     struct
In file included from /Users/zacharyzhang/Documents/GitHub/Earthcall/src/Person/Relationship/Community/Community.cpp:2:
In file included from /Users/zacharyzhang/Documents/GitHub/Earthcall/src/Person/Person.hpp:6:
In file included from /Users/zacharyzhang/Documents/GitHub/Earthcall/src/Person/Body/Body.hpp:5:
In file included from /Users/zacharyzhang/Documents/GitHub/Earthcall/src/ConstructedBeing/Object/Object.hpp:36:
In file included from /Users/zacharyzhang/Documents/GitHub/Earthcall/src/ConstructedBeing/Object/Object/FaceTexture.hpp:3:
/Users/zacharyzhang/Documents/GitHub/Earthcall/src/Rendering/Renderer.hpp:10:18: warning: struct 'SdfNode' was previously declared as a class; this is valid, but may result in linker errors under the Microsoft C++ ABI [-Wmismatched-tags]
   10 | namespace geom { struct SdfNode; class FieldNode; }
      |                  ^
/Users/zacharyzhang/Documents/GitHub/Earthcall/src/ConstructedBeing/Object/Object/ObjectTypes.hpp:19:11: note: previous use is here
   19 |     class SdfNode;
      |           ^
In file included from /Users/zacharyzhang/Documents/GitHub/Earthcall/src/Person/Person.cpp:1:
In file included from /Users/zacharyzhang/Documents/GitHub/Earthcall/src/Person/Person.hpp:6:
In file included from /Users/zacharyzhang/Documents/GitHub/Earthcall/src/Person/Body/Body.hpp:5:
In file included from /Users/zacharyzhang/Documents/GitHub/Earthcall/src/ConstructedBeing/Object/Object.hpp:36:
In file included from /Users/zacharyzhang/Documents/GitHub/Earthcall/src/ConstructedBeing/Object/Object/FaceTexture.hpp:3:
In file included from /Users/zacharyzhang/Documents/GitHub/Earthcall/src/Rendering/Renderer.hpp:4:
/Users/zacharyzhang/Documents/GitHub/Earthcall/src/ConstructedBeing/Object/Geometry/SmoothSurface.hpp:27:1: warning: 'SmoothSurfaceData' defined as a struct here but previously declared as a class; this is valid, but may result in linker errors under the Microsoft C++ ABI [-Wmismatched-tags]
   27 | struct SmoothSurfaceData {
      | ^
/Users/zacharyzhang/Documents/GitHub/Earthcall/src/ConstructedBeing/Object/Object/ObjectTypes.hpp:17:5: note: did you mean struct here?
   17 |     class SmoothSurfaceData;
      |     ^~~~~
      |     struct
In file included from /Users/zacharyzhang/Documents/GitHub/Earthcall/src/Person/Person.cpp:1:
In file included from /Users/zacharyzhang/Documents/GitHub/Earthcall/src/Person/Person.hpp:6:
In file included from /Users/zacharyzhang/Documents/GitHub/Earthcall/src/Person/Body/Body.hpp:5:
In file included from /Users/zacharyzhang/Documents/GitHub/Earthcall/src/ConstructedBeing/Object/Object.hpp:36:
In file included from /Users/zacharyzhang/Documents/GitHub/Earthcall/src/ConstructedBeing/Object/Object/FaceTexture.hpp:3:
/Users/zacharyzhang/Documents/GitHub/Earthcall/src/Rendering/Renderer.hpp:10:18: warning: struct 'SdfNode' was previously declared as a class; this is valid, but may result in linker errors under the Microsoft C++ ABI [-Wmismatched-tags]
   10 | namespace geom { struct SdfNode; class FieldNode; }
      |                  ^
/Users/zacharyzhang/Documents/GitHub/Earthcall/src/ConstructedBeing/Object/Object/ObjectTypes.hpp:19:11: note: previous use is here
   19 |     class SdfNode;
      |           ^
In file included from /Users/zacharyzhang/Documents/GitHub/Earthcall/src/OurVerse/CursorTools.cpp:5:
In file included from /Users/zacharyzhang/Documents/GitHub/Earthcall/src/ZonesOfEarth/ZoneManager.hpp:5:
In file included from /Users/zacharyzhang/Documents/GitHub/Earthcall/src/ZonesOfEarth/Zone/Zone.hpp:5:
In file included from /Users/zacharyzhang/Documents/GitHub/Earthcall/src/ZonesOfEarth/Zone/../World/World.hpp:5:
In file included from /Users/zacharyzhang/Documents/GitHub/Earthcall/src/ConstructedBeing/Object/Object.hpp:39:
/Users/zacharyzhang/Documents/GitHub/Earthcall/src/ConstructedBeing/Object/Geometry/ComplexShape.hpp:70:1: warning: 'ComplexShapeData' defined as a struct here but previously declared as a class; this is valid, but may result in linker errors under the Microsoft C++ ABI [-Wmismatched-tags]
   70 | struct ComplexShapeData {
      | ^
/Users/zacharyzhang/Documents/GitHub/Earthcall/src/ConstructedBeing/Object/Object/ObjectTypes.hpp:18:In file included from /Users/zacharyzhang/Documents/GitHub/Earthcall/src/Person/PersonDatabase.cpp:1:
In file included from /Users/zacharyzhang/Documents/GitHub/Earthcall/src/Person/PersonDatabase.hpp:4:
In file included from /Users/zacharyzhang/Documents/GitHub/Earthcall/src/Person/Person.hpp:6:
In file included from /Users/zacharyzhang/Documents/GitHub/Earthcall/src/Person/Body/Body.hpp:5:
In file included from /Users/zacharyzhang/Documents/GitHub/Earthcall/src/ConstructedBeing/Object/Object.hpp:41:
/Users/zacharyzhang/Documents/GitHub/Earthcall/src/ConstructedBeing/Object/Geometry/Patch.hpp:16:1: warning: 'BezierPatch' defined as a struct here but previously declared as a class; this is valid, but may result in linker errors under the Microsoft C++ ABI [-Wmismatched-tags]
   16 | struct BezierPatch {
      | ^
/Users/zacharyzhang/Documents/GitHub/Earthcall/src/ConstructedBeing/Object/Object/ObjectTypes.hpp:21:5: note: did you mean struct here?
   21 |     class BezierPatch;
      |     ^~~~~
      |     struct
5: note: did you mean struct here?
   18 |     class ComplexShapeData;
      |     ^~~~~
      |     struct
In file included from /Users/zacharyzhang/Documents/GitHub/Earthcall/src/OurVerse/CursorTools.cpp:5:
In file included from /Users/zacharyzhang/Documents/GitHub/Earthcall/src/ZonesOfEarth/ZoneManager.hpp:5:
In file included from /Users/zacharyzhang/Documents/GitHub/Earthcall/src/ZonesOfEarth/Zone/Zone.hpp:5:
In file included from /Users/zacharyzhang/Documents/GitHub/Earthcall/src/ZonesOfEarth/Zone/../World/World.hpp:5:
In file included from /Users/zacharyzhang/Documents/GitHub/Earthcall/src/ConstructedBeing/Object/Object.hpp:40:
/Users/zacharyzhang/Documents/GitHub/Earthcall/src/ConstructedBeing/Object/Geometry/Sdf.hpp:46:1: warning: 'SdfNode' defined as a struct here but previously declared as a class; this is valid, but may result in linker errors under the Microsoft C++ ABI [-Wmismatched-tags]
   46 | struct SdfNode {
      | ^
/Users/zacharyzhang/Documents/GitHub/Earthcall/src/ConstructedBeing/Object/Object/ObjectTypes.hpp:19:5: note: did you mean struct here?
   19 |     class SdfNode;
      |     ^~~~~
      |     struct
In file included from /Users/zacharyzhang/Documents/GitHub/Earthcall/src/Person/Person.cpp:1:
In file included from /Users/zacharyzhang/Documents/GitHub/Earthcall/src/Person/Person.hpp:6:
In file included from /Users/zacharyzhang/Documents/GitHub/Earthcall/src/Person/Body/Body.hpp:5:
In file included from /Users/zacharyzhang/Documents/GitHub/Earthcall/src/ConstructedBeing/Object/Object.hpp:39:
/Users/zacharyzhang/Documents/GitHub/Earthcall/src/ConstructedBeing/Object/Geometry/ComplexShape.hpp:70:1: warning: 'ComplexShapeData' defined as a struct here but previously declared as a class; this is valid, but may result in linker errors under the Microsoft C++ ABI [-Wmismatched-tags]
   70 | struct ComplexShapeData {
      | ^
/Users/zacharyzhang/Documents/GitHub/Earthcall/src/ConstructedBeing/Object/Object/ObjectTypes.hpp:18:5: note: did you mean struct here?
   18 |     class ComplexShapeData;
      |     ^~~~~
      |     struct
In file included from /Users/zacharyzhang/Documents/GitHub/Earthcall/src/OurVerse/Tool.cpp:1:
In file included from /Users/zacharyzhang/Documents/GitHub/Earthcall/src/OurVerse/Tool.hpp:5:
In file included from /Users/zacharyzhang/Documents/GitHub/Earthcall/src/ConstructedBeing/Object/Object.hpp:41:
/Users/zacharyzhang/Documents/GitHub/Earthcall/src/ConstructedBeing/Object/Geometry/Patch.hpp:16:1: warning: 'BezierPatch' defined as a struct here but previously declared as a class; this is valid, but may result in linker errors under the Microsoft C++ ABI [-Wmismatched-tags]
   16 | struct BezierPatch {
      | ^
/Users/zacharyzhang/Documents/GitHub/Earthcall/src/ConstructedBeing/Object/Object/ObjectTypes.hpp:21:5: note: did you mean struct here?
   21 |     class BezierPatch;
      |     ^~~~~
      |     struct
In file included from /Users/zacharyzhang/Documents/GitHub/Earthcall/src/Person/Person.cpp:1:
In file included from /Users/zacharyzhang/Documents/GitHub/Earthcall/src/Person/Person.hpp:6:
In file included from /Users/zacharyzhang/Documents/GitHub/Earthcall/src/Person/Body/Body.hpp:5:
In file included from /Users/zacharyzhang/Documents/GitHub/Earthcall/src/ConstructedBeing/Object/Object.hpp:40:
/Users/zacharyzhang/Documents/GitHub/Earthcall/src/ConstructedBeing/Object/Geometry/Sdf.hpp:46:1: warning: 'SdfNode' defined as a struct here but previously declared as a class; this is valid, but may result in linker errors under the Microsoft C++ ABI [-Wmismatched-tags]
   46 | strIn file included from /Users/zacharyzhang/Documents/GitHub/Earthcall/src/Person/Relationship/Community/Community.cpp:2:
In file included from uct SdfNode {
      | ^
/Users/zacharyzhang/Documents/GitHub/Earthcall/src/Person/Person.hpp:6:
In file included from /Users/zacharyzhang/Documents/GitHub/Earthcall/src/Person/Body/Body.hpp:5:
In file included from /Users/zacharyzhang/Documents/GitHub/Earthcall/src/ConstructedBeing/Object/Object.hpp:39:
/Users/zacharyzhang/Documents/GitHub/Earthcall/src/ConstructedBeing/Object/Geometry/ComplexShape.hpp:70:1: warning: 'ComplexShapeData' defined as a struct here but previously declared as a class; this is valid, but may result in linker errors under the Microsoft C++ ABI [-Wmismatched-tags]
   70 | struct ComplexShapeData {
      | ^
/Users/zacharyzhang/Documents/GitHub/Earthcall/src/ConstructedBeing/Object/Object/ObjectTypes.hpp:19:5: note: did you mean struct here?
   19/Users/zacharyzhang/Documents/GitHub/Earthcall/src/ConstructedBeing/Object/Object/ObjectTypes.hpp:18:5: note: did you mean struct here?
   18 |     clas |     class SdfNode;
      |     ^~~~~
      |     struct
s ComplexShapeData;
      |     ^~~~~
      |     struct
In file included from /Users/zacharyzhang/Documents/GitHub/Earthcall/src/Person/Relationship/Community/Community.cpp:2:
In file included from /Users/zacharyzhang/Documents/GitHub/Earthcall/src/Person/Person.hpp:6:
In file included from /Users/zacharyzhang/Documents/GitHub/Earthcall/src/Person/Body/Body.hpp:5:
In file included from /Users/zacharyzhang/Documents/GitHub/Earthcall/src/ConstructedBeing/Object/Object.hpp:40:
/Users/zacharyzhang/Documents/GitHub/Earthcall/src/ConstructedBeing/Object/Geometry/Sdf.hpp:46:1: warning: 'SdfNode' defined as a struct here but previously declared as a class; this is valid, but may result in linker errors under the Microsoft C++ ABI [-Wmismatched-tags]
   46 | struct SdfNode {
      | ^
/Users/zacharyzhang/Documents/GitHub/Earthcall/src/ConstructedBeing/Object/Object/ObjectTypes.hpp:19:5: note: did you mean struct here?
   19 |     class SdfNode;
      |     ^~~~~
      |     struct
In file included from /Users/zacharyzhang/Documents/GitHub/Earthcall/src/OurVerse/CursorTools.cpp:5:
In file included from /Users/zacharyzhang/Documents/GitHub/Earthcall/src/ZonesOfEarth/ZoneManager.hpp:5:
In file included from /Users/zacharyzhang/Documents/GitHub/Earthcall/src/ZonesOfEarth/Zone/Zone.hpp:5:
In file included from /Users/zacharyzhang/Documents/GitHub/Earthcall/src/ZonesOfEarth/Zone/../World/World.hpp:5:
In file included from /Users/zacharyzhang/Documents/GitHub/Earthcall/src/ConstructedBeing/Object/Object.hpp:41:
/Users/zacharyzhang/Documents/GitHub/Earthcall/src/ConstructedBeing/Object/Geometry/Patch.hpp:16:1: warning: 'BezierPatch' defined as a struct here but previously declared as a class; this is valid, but may result in linker errors under the Microsoft C++ ABI [-Wmismatched-tags]
   16 | struct BezierPatch {
      | ^
/Users/zacharyzhang/Documents/GitHub/Earthcall/src/ConstructedBeing/Object/Object/ObjectTypes.hpp:21:5: note: did you mean struct here?
   21 |     class BezierPatch;
      |     ^~~~~
      |     struct
In file included from /Users/zacharyzhang/Documents/GitHub/Earthcall/src/Person/Relationship/Community/Community.cpp:2:
In file included from /Users/zacharyzhang/Documents/GitHub/Earthcall/src/Person/Person.hpp:6:
In file included from /Users/zacharyzhang/Documents/GitHub/Earthcall/src/Person/Body/Body.hpp:5:
In file included from /Users/zacharyzhang/Documents/GitHub/Earthcall/src/ConstructedBeing/Object/Object.hpp:41:
/Users/zacharyzhang/Documents/GitHub/Earthcall/src/ConstructedBeing/Object/Geometry/Patch.hpp:16:1: warning: 'BezierPatch' defined as a struct here but previously declared as a class; this is valid, but may result in linker errors under the Microsoft C++ ABI [-Wmismatched-tags]
   16 | struct BezierPatch {
      | ^
/Users/zacharyzhang/Documents/GitHub/Earthcall/src/ConstructedBeing/Object/Object/ObjectTypes.hpp:21:5: note: did you mean struct here?
   21 |     class BezierPatch;
      |     ^~~~~
      |     struct
In file included from /Users/zacharyzhang/Documents/GitHub/Earthcall/src/Person/Person.cpp:1:
In file included from /Users/zacharyzhang/Documents/GitHub/Earthcall/src/Person/Person.hpp:6:
In file included from /Users/zacharyzhang/Documents/GitHub/Earthcall/src/Person/Body/Body.hpp:5:
In file included from /Users/zacharyzhang/Documents/GitHub/Earthcall/src/ConstructedBeing/Object/Object.hpp:41:
/Users/zacharyzhang/Documents/GitHub/Earthcall/src/ConstructedBeing/Object/Geometry/Patch.hpp:16:1: warning: 'BezierPatch' defined as a struct here but previously declared as a class; this is valid, but may result in linker errors under the Microsoft C++ ABI [-Wmismatched-tags]
   16 | struct BezierPatch {
      | ^
/Users/zacharyzhang/Documents/GitHub/Earthcall/src/ConstructedBeing/Object/Object/ObjectTypes.hpp:21:5: note: did you mean struct here?
   21 |     class BezierPatch;
      |     ^~~~~
      |     struct
In file included from /Users/zacharyzhang/Documents/GitHub/Earthcall/src/Person/Person.cpp:11:
In file included from /Users/zacharyzhang/Documents/GitHub/Earthcall/src/Util/Serialization.hpp:29:
/Users/zacharyzhang/Documents/GitHub/Earthcall/src/Util/Frontier.hpp:32:21: warning: unused parameter 'old_data' [-Wunused-parameter]
   32 | NewT upgrade(OldT&& old_data) {
      |                     ^
/Users/zacharyzhang/Documents/GitHub/Earthcall/src/OurVerse/Tool.cpp:242:34: error: member access into incomplete type 'class MouseHandler'
  242 |     if (engine->getMouseHandler()->isCursorLocked()) {
      |                                  ^
/Users/zacharyzhang/Documents/GitHub/Earthcall/src/Singularity/Core/Engine.hpp:45:11: note: forward declaration of 'Core::MouseHandler'
   45 |     class MouseHandler* getMouseHandler();
      |           ^
/Users/zacharyzhang/Documents/GitHub/Earthcall/src/OurVerse/Tool.cpp:536:54: error: member access into incomplete type 'class MouseHandler'
  536 |         if (mouseLeftNow && !engine.getMouseHandler()->isLeftPressedLast()) {
      |                                                      ^
/Users/zacharyzhang/Documents/GitHub/Earthcall/src/Singularity/Core/Engine.hpp:45:11: note: forward declaration of 'Core::MouseHandler'
   45 |     class MouseHandler* getMouseHandler();
      |           ^
/Users/zacharyzhang/Documents/GitHub/Earthcall/src/OurVerse/Tool.cpp:542:20: error: no member named 'getAdvanced2DBrush' in 'Core::Engine'
  542 |         if (engine.getAdvanced2DBrush())
      |             ~~~~~~ ^
/Users/zacharyzhang/Documents/GitHub/Earthcall/src/OurVerse/Tool.cpp:544:58: error: member access into incomplete type 'class MouseHandler'
  544 |             if (mouseLeftNow && !engine.getMouseHandler()->isLeftPressedLast())
      |                                                          ^
/Users/zacharyzhang/Documents/GitHub/Earthcall/src/Singularity/Core/Engine.hpp:45:11: note: forward declaration of 'Core::MouseHandler'
   45 |     class MouseHandler* getMouseHandler();
      |           ^
/Users/zacharyzhang/Documents/GitHub/Earthcall/src/OurVerse/Tool.cpp:546:58: error: member access into incomplete type 'class MouseHandler'
  546 |                 zone.startStroke(engine.getMouseHandler()->getCursorX(), engine.getMouseHandler()->getCursorY());
      |                                                          ^
/Users/zacharyzhang/Documents/GitHub/Earthcall/src/Singularity/Core/Engine.hpp:45:11: note: forward declaration of 'Core::MouseHandler'
   45 |     class MouseHandler* getMouseHandler();
      |           ^
/Users/zacharyzhang/Documents/GitHub/Earthcall/src/OurVerse/Tool.cpp:546:98: error: member access into incomplete type 'class MouseHandler'
  546 |                 zone.startStroke(engine.getMouseHandler()->getCursorX(), engine.getMouseHandler()->getCursorY());
      |                                                                                                  ^
/Users/zacharyzhang/Documents/GitHub/Earthcall/src/Singularity/Core/Engine.hpp:45:11: note: forward declaration of 'Core::MouseHandler'
   45 |     class MouseHandler* getMouseHandler();
      |           ^
/Users/zacharyzhang/Documents/GitHub/Earthcall/src/OurVerse/Tool.cpp:548:62: error: member access into incomplete type 'class MouseHandler'
  548 |             else if (mouseLeftNow && engine.getMouseHandler()->isLeftPressedLast())
      |                                                              ^
/Users/zacharyzhang/Documents/GitHub/Earthcall/src/Singularity/Core/Engine.hpp:45:11: note: forward declaration of 'Core::MouseHandler'
   45 |     class MouseHandler* getMouseHandler();
      |           ^
/Users/zacharyzhang/Documents/GitHub/Earthcall/src/OurVerse/Tool.cpp:550:61: error: member access into incomplete type 'class MouseHandler'
  550 |                 zone.continueStroke(engine.getMouseHandler()->getCursorX(), engine.getMouseHandler()->getCursorY());
      |                                                             ^
/Users/zacharyzhang/Documents/GitHub/Earthcall/src/Singularity/Core/Engine.hpp:45:11: note: forward declaration of 'Core::MouseHandler'
   45 |     class MouseHandler* getMouseHandler();
      |           ^
/Users/zacharyzhang/Documents/GitHub/Earthcall/src/OurVerse/Tool.cpp:550:101: error: member access into incomplete type 'class MouseHandler'
  550 |                 zone.continueStroke(engine.getMouseHandler()->getCursorX(), engine.getMouseHandler()->getCursorY());
      |                                                                                                     ^
/Users/zacharyzhang/Documents/GitHub/Earthcall/src/Singularity/Core/Engine.hpp:45:11: note: forward declaration of 'Core::MouseHandler'
   45 |     class MouseHandler* getMouseHandler();
      |           ^
/Users/zacharyzhang/Documents/GitHub/Earthcall/src/OurVerse/Tool.cpp:552:63: error: member access into incomplete type 'class MouseHandler'
  552 |             else if (!mouseLeftNow && engine.getMouseHandler()->isLeftPressedLast())
      |                                                               ^
/Users/zacharyzhang/Documents/GitHub/Earthcall/src/Singularity/Core/Engine.hpp:45:11: note: forward declaration of 'Core::MouseHandler'
   45 |     class MouseHandler* getMouseHandler();
      |           ^
/Users/zacharyzhang/Documents/GitHub/Earthcall/src/OurVerse/Tool.cpp:560:58: error: member access into incomplete type 'class MouseHandler'
  560 |             if (mouseLeftNow && !engine.getMouseHandler()->isLeftPressedLast())
      |                                                          ^
/Users/zacharyzhang/Documents/GitHub/Earthcall/src/Singularity/Core/Engine.hpp:45:11: note: forward declaration of 'Core::MouseHandler'
   45 |     class MouseHandler* getMouseHandler();
      |           ^
/Users/zacharyzhang/Documents/GitHub/Earthcall/src/OurVerse/Tool.cpp:562:66: error: member access into incomplete type 'class MouseHandler'
  562 |                 mgr.active().startStroke(engine.getMouseHandler()->getCursorX(), engine.getMouseHandler()->getCursorY());
      |                                                                  ^
/Users/zacharyzhang/Documents/GitHub/Earthcall/src/Singularity/Core/Engine.hpp:45:11: note: forward declaration of 'Core::MouseHandler'
   45 |     class MouseHandler* getMouseHandler();
      |           ^
/Users/zacharyzhang/Documents/GitHub/Earthcall/src/OurVerse/Tool.cpp:562:106: error: member access into incomplete type 'class MouseHandler'
  562 |                 mgr.active().startStroke(engine.getMouseHandler()->getCursorX(), engine.getMouseHandler()->getCursorY());
      |                                                                                                          ^
/Users/zacharyzhang/Documents/GitHub/Earthcall/src/Singularity/Core/Engine.hpp:45:11: note: forward declaration of 'Core::MouseHandler'
   45 |     class MouseHandler* getMouseHandler();
      |           ^
/Users/zacharyzhang/Documents/GitHub/Earthcall/src/OurVerse/Tool.cpp:564:62: error: member access into incomplete type 'class MouseHandler'
  564 |             else if (mouseLeftNow && engine.getMouseHandler()->isLeftPressedLast())
      |                                                              ^
/Users/zacharyzhang/Documents/GitHub/Earthcall/src/Singularity/Core/Engine.hpp:45:11: note: forward declaration of 'Core::MouseHandler'
   45 |     class MouseHandler* getMouseHandler();
      |           ^
/Users/zacharyzhang/Documents/GitHub/Earthcall/src/OurVerse/Tool.cpp:566:69: error: member access into incomplete type 'class MouseHandler'
  566 |                 mgr.active().continueStroke(engine.getMouseHandler()->getCursorX(), engine.getMouseHandler()->getCursorY());
      |                                                                     ^
/Users/zacharyzhang/Documents/GitHub/Earthcall/src/Singularity/Core/Engine.hpp:45:11: note: forward declaration of 'Core::MouseHandler'
   45 |     class MouseHandler* getMouseHandler();
      |           ^
/Users/zacharyzhang/Documents/GitHub/Earthcall/src/OurVerse/Tool.cpp:566:109: error: member access into incomplete type 'class MouseHandler'
  566 |                 mgr.active().continueStroke(engine.getMouseHandler()->getCursorX(), engine.getMouseHandler()->getCursorY());
      |                                                                                                             ^
/Users/zacharyzhang/Documents/GitHub/Earthcall/src/Singularity/Core/Engine.hpp:45:11: note: forward declaration of 'Core::MouseHandler'
   45 |     class MouseHandler* getMouseHandler();
      |           ^
/Users/zacharyzhang/Documents/GitHub/Earthcall/src/OurVerse/Tool.cpp:568:63: error: member access into incomplete type 'class MouseHandler'
  568 |             else if (!mouseLeftNow && engine.getMouseHandler()->isLeftPressedLast())
      |                                                               ^
/Users/zacharyzhang/Documents/GitHub/Earthcall/src/Singularity/Core/Engine.hpp:45:11: note: forward declaration of 'Core::MouseHandler'
   45 |     class MouseHandler* getMouseHandler();
      |           ^
/Users/zacharyzhang/Documents/GitHub/Earthcall/src/OurVerse/Tool.cpp:580:46: error: member access into incomplete type 'class MouseHandler'
  580 |                 if (!engine.getMouseHandler()->isLeftPressedLast()) {
      |                                              ^
/Users/zacharyzhang/Documents/GitHub/Earthcall/src/Singularity/Core/Engine.hpp:45:11: note: forward declaration of 'Core::MouseHandler'
   45 |     class MouseHandler* getMouseHandler();
      |           ^
/Users/zacharyzhang/Documents/GitHub/Earthcall/src/OurVerse/Tool.cpp:584:55: error: member access into incomplete type 'class MouseHandler'
  584 |                     glm::vec2(engine.getMouseHandler()->getCursorX(), engine.getMouseHandler()->getCursorY()),
      |                                                       ^
/Users/zacharyzhang/Documents/GitHub/Earthcall/src/Singularity/Core/Engine.hpp:45:11: note: forward declaration of 'Core::MouseHandler'
   45 |     class MouseHandler* getMouseHandler();
      |           ^
fatal error: too many errors emitted, stopping now [-ferror-limit=]
7 warnings and 20 errors generated.
make[3]: *** [CMakeFiles/earthcall_core.dir/src/OurVerse/Tool.cpp.o] Error 1
make[3]: *** Waiting for unfinished jobs....
/Users/zacharyzhang/Documents/GitHub/Earthcall/src/OurVerse/CursorTools.cpp:35:50: error: member access into incomplete type 'class MouseHandler'
   35 |     const float mouseX = engine.getMouseHandler()->getCursorX();
      |                                                  ^
/Users/zacharyzhang/Documents/GitHub/Earthcall/src/Singularity/Core/Engine.hpp:45:11: note: forward declaration of 'Core::MouseHandler'
   45 |     class MouseHandler* getMouseHandler();
      |           ^
/Users/zacharyzhang/Documents/GitHub/Earthcall/src/OurVerse/CursorTools.cpp:36:50: error: member access into incomplete type 'class MouseHandler'
   36 |     const float mouseY = engine.getMouseHandler()->getCursorY();
      |                                                  ^
/Users/zacharyzhang/Documents/GitHub/Earthcall/src/Singularity/Core/Engine.hpp:45:11: note: forward declaration of 'Core::MouseHandler'
   45 |     class MouseHandler* getMouseHandler();
      |           ^
7 warnings and 2 errors generated.
7 warnings generated.
make[3]: *** [CMakeFiles/earthcall_core.dir/src/OurVerse/CursorTools.cpp.o] Error 1
7 warnings generated.
In file included from /Users/zacharyzhang/Documents/GitHub/Earthcall/src/Person/Person.cpp:18:
/Users/zacharyzhang/Documents/GitHub/Earthcall/src/ConstructedBeing/Singular/Property/PropertyRef.hpp:15:58: warning: field '_member' will be initialized after field '_singularOwner' [-Wreorder-ctor]
   15 |         : _name(std::move(propertyName)), _owner(owner), _member(member), _singularOwner(singularOwner) {
      |           ~~~~~~~~~~~~~~~~~~~~~~~~~~~~~~  ~~~~~~~~~~~~~  ^~~~~~~~~~~~~~~  ~~~~~~~~~~~~~~~~~~~~~~~~~~~~
      |           _singularOwner(singularOwner    _name(std::move(propertyName)) _owner(owner) _member(member)
/Library/Developer/CommandLineTools/SDKs/MacOSX.sdk/usr/include/c++/v1/__memory/unique_ptr.h:759:30: note: in instantiation of member function 'PropertyRef<Person, glm::vec<3, float>>::PropertyRef' requested here
  759 |   return unique_ptr<_Tp>(new _Tp(std::forward<_Args>(__args)...));
      |                              ^
/Users/zacharyzhang/Documents/GitHub/Earthcall/src/Person/Person.cpp:36:38: note: in instantiation of function template specialization 'std::make_unique<PropertyRef<Person, glm::vec<3, float>>, const char (&)[9], Person *, glm::vec<3, float> Person::*, 0>' requested here
   36 |     _propertyRegistry.push_back(std::make_unique<PropertyRef<Person, glm::vec3>>(
      |                                      ^
In file included from /Users/zacharyzhang/Documents/GitHub/Earthcall/src/Person/Person.cpp:18:
/Users/zacharyzhang/Documents/GitHub/Earthcall/src/ConstructedBeing/Singular/Property/PropertyRef.hpp:15:58: warning: field '_member' will be initialized after field '_singularOwner' [-Wreorder-ctor]
   15 |         : _name(std::move(propertyName)), _owner(owner), _member(member), _singularOwner(singularOwner) {
      |           ~~~~~~~~~~~~~~~~~~~~~~~~~~~~~~  ~~~~~~~~~~~~~  ^~~~~~~~~~~~~~~  ~~~~~~~~~~~~~~~~~~~~~~~~~~~~
      |           _singularOwner(singularOwner    _name(std::move(propertyName)) _owner(owner) _member(member)
/Library/Developer/CommandLineTools/SDKs/MacOSX.sdk/usr/include/c++/v1/__memory/unique_ptr.h:759:30: note: in instantiation of member function 'PropertyRef<Person, std::string>::PropertyRef' requested here
  759 |   return unique_ptr<_Tp>(new _Tp(std::forward<_Args>(__args)...));
      |                              ^
/Users/zacharyzhang/Documents/GitHub/Earthcall/src/Person/Person.cpp:42:38: note: in instantiation of function template specialization 'std::make_unique<PropertyRef<Person, std::string>, const char (&)[11], Person *, std::string Person::*, 0>' requested here
   42 |     _propertyRegistry.push_back(std::make_unique<PropertyRef<Person, std::string>>(
      |                                      ^
In file included from /Users/zacharyzhang/Documents/GitHub/Earthcall/src/Person/Person.cpp:18:
/Users/zacharyzhang/Documents/GitHub/Earthcall/src/ConstructedBeing/Singular/Property/PropertyRef.hpp:15:58: warning: field '_member' will be initialized after field '_singularOwner' [-Wreorder-ctor]
   15 |         : _name(std::move(propertyName)), _owner(owner), _member(member), _singularOwner(singularOwner) {
      |           ~~~~~~~~~~~~~~~~~~~~~~~~~~~~~~  ~~~~~~~~~~~~~  ^~~~~~~~~~~~~~~  ~~~~~~~~~~~~~~~~~~~~~~~~~~~~
      |           _singularOwner(singularOwner    _name(std::move(propertyName)) _owner(owner) _member(member)
/Library/Developer/CommandLineTools/SDKs/MacOSX.sdk/usr/include/c++/v1/__memory/unique_ptr.h:759:30: note: in instantiation of member function 'PropertyRef<Person, int>::PropertyRef' requested here
  759 |   return unique_ptr<_Tp>(new _Tp(std::forward<_Args>(__args)...));
      |                              ^
/Users/zacharyzhang/Documents/GitHub/Earthcall/src/Person/Person.cpp:62:38: note: in instantiation of function template specialization 'std::make_unique<PropertyRef<Person, int>, const char (&)[16], Person *, int Person::*, 0>' requested here
   62 |     _propertyRegistry.push_back(std::make_unique<PropertyRef<Person, int>>(
      |                                      ^
In file included from /Users/zacharyzhang/Documents/GitHub/Earthcall/src/Person/Person.cpp:18:
/Users/zacharyzhang/Documents/GitHub/Earthcall/src/ConstructedBeing/Singular/Property/PropertyRef.hpp:15:58: warning: field '_member' will be initialized after field '_singularOwner' [-Wreorder-ctor]
   15 |         : _name(std::move(propertyName)), _owner(owner), _member(member), _singularOwner(singularOwner) {
      |           ~~~~~~~~~~~~~~~~~~~~~~~~~~~~~~  ~~~~~~~~~~~~~  ^~~~~~~~~~~~~~~  ~~~~~~~~~~~~~~~~~~~~~~~~~~~~
      |           _singularOwner(singularOwner    _name(std::move(propertyName)) _owner(owner) _member(member)
/Library/Developer/CommandLineTools/SDKs/MacOSX.sdk/usr/include/c++/v1/__memory/unique_ptr.h:759:30: note: in instantiation of member function 'PropertyRef<Person, float>::PropertyRef' requested here
  759 |   return unique_ptr<_Tp>(new _Tp(std::forward<_Args>(__args)...));
      |                              ^
/Users/zacharyzhang/Documents/GitHub/Earthcall/src/Person/Person.cpp:68:38: note: in instantiation of function template specialization 'std::make_unique<PropertyRef<Person, float>, const char (&)[13], Person *, float Person::*, 0>' requested here
   68 |     _propertyRegistry.push_back(std::make_unique<PropertyRef<Person, float>>(
      |                                      ^
In file included from /Users/zacharyzhang/Documents/GitHub/Earthcall/src/Person/Person.cpp:18:
/Users/zacharyzhang/Documents/GitHub/Earthcall/src/ConstructedBeing/Singular/Property/PropertyRef.hpp:15:58: warning: field '_member' will be initialized after field '_singularOwner' [-Wreorder-ctor]
   15 |         : _name(std::move(propertyName)), _owner(owner), _member(member), _singularOwner(singularOwner) {
      |           ~~~~~~~~~~~~~~~~~~~~~~~~~~~~~~  ~~~~~~~~~~~~~  ^~~~~~~~~~~~~~~  ~~~~~~~~~~~~~~~~~~~~~~~~~~~~
      |           _singularOwner(singularOwner    _name(std::move(propertyName)) _owner(owner) _member(member)
/Library/Developer/CommandLineTools/SDKs/MacOSX.sdk/usr/include/c++/v1/__memory/unique_ptr.h:759:30: note: in instantiation of member function 'PropertyRef<Person, bool>::PropertyRef' requested here
  759 |   return unique_ptr<_Tp>(new _Tp(std::forward<_Args>(__args)...));
      |                              ^
/Users/zacharyzhang/Documents/GitHub/Earthcall/src/Person/Person.cpp:70:38: note: in instantiation of function template specialization 'std::make_unique<PropertyRef<Person, bool>, const char (&)[9], Person *, bool Person::*, 0>' requested here
   70 |     _propertyRegistry.push_back(std::make_unique<PropertyRef<Person, bool>>(
      |                                      ^
7 warnings generated.
In file included from /Users/zacharyzhang/Documents/GitHub/Earthcall/src/Person/Person.cpp:10:
/Users/zacharyzhang/Documents/GitHub/Earthcall/src/ConstructedBeing/Object/Formation/Menu/stb_easy_font.h:194:13: warning: unused function 'stb_easy_font_spacing' [-Wunused-function]
  194 | static void stb_easy_font_spacing(float spacing)
      |             ^~~~~~~~~~~~~~~~~~~~~
/Users/zacharyzhang/Documents/GitHub/Earthcall/src/ConstructedBeing/Object/Formation/Menu/stb_easy_font.h:230:12: warning: unused function 'stb_easy_font_width' [-Wunused-function]
  230 | static int stb_easy_font_width(char *text)
      |            ^~~~~~~~~~~~~~~~~~~
/Users/zacharyzhang/Documents/GitHub/Earthcall/src/ConstructedBeing/Object/Formation/Menu/stb_easy_font.h:248:12: warning: unused function 'stb_easy_font_height' [-Wunused-function]
  248 | static int stb_easy_font_height(char *text)
      |            ^~~~~~~~~~~~~~~~~~~~
In file included from /Users/zacharyzhang/Documents/GitHub/Earthcall/src/Relation/Relation.cpp:4:
/Users/zacharyzhang/Documents/GitHub/Earthcall/src/ConstructedBeing/Singular/Property/PropertyRef.hpp:15:58: warning: field '_member' will be initialized after field '_singularOwner' [-Wreorder-ctor]
   15 |         : _name(std::move(propertyName)), _owner(owner), _member(member), _singularOwner(singularOwner) {
      |           ~~~~~~~~~~~~~~~~~~~~~~~~~~~~~~  ~~~~~~~~~~~~~  ^~~~~~~~~~~~~~~  ~~~~~~~~~~~~~~~~~~~~~~~~~~~~
      |           _singularOwner(singularOwner    _name(std::move(propertyName)) _owner(owner) _member(member)
/Library/Developer/CommandLineTools/SDKs/MacOSX.sdk/usr/include/c++/v1/__memory/unique_ptr.h:759:30: note: in instantiation of member function 'PropertyRef<Relation, std::string>::PropertyRef' requested here
  759 |   return unique_ptr<_Tp>(new _Tp(std::forward<_Args>(__args)...));
      |                              ^
/Users/zacharyzhang/Documents/GitHub/Earthcall/src/Relation/Relation.cpp:145:38: note: in instantiation of function template specialization 'std::make_unique<PropertyRef<Relation, std::string>, const char (&)[5], Relation *, std::string Relation::*, 0>' requested here
  145 |     _propertyRegistry.push_back(std::make_unique<PropertyRef<Relation, std::string>>(
      |                                      ^
In file included from /Users/zacharyzhang/Documents/GitHub/Earthcall/src/Relation/Relation.cpp:4:
/Users/zacharyzhang/Documents/GitHub/Earthcall/src/ConstructedBeing/Singular/Property/PropertyRef.hpp:15:58: warning: field '_member' will be initialized after field '_singularOwner' [-Wreorder-ctor]
   15 |         : _name(std::move(propertyName)), _owner(owner), _member(member), _singularOwner(singularOwner) {
      |           ~~~~~~~~~~~~~~~~~~~~~~~~~~~~~~  ~~~~~~~~~~~~~  ^~~~~~~~~~~~~~~  ~~~~~~~~~~~~~~~~~~~~~~~~~~~~
      |           _singularOwner(singularOwner    _name(std::move(propertyName)) _owner(owner) _member(member)
/Library/Developer/CommandLineTools/SDKs/MacOSX.sdk/usr/include/c++/v1/__memory/unique_ptr.h:759:30: note: in instantiation of member function 'PropertyRef<Relation, bool>::PropertyRef' requested here
  759 |   return unique_ptr<_Tp>(new _Tp(std::forward<_Args>(__args)...));
      |                              ^
/Users/zacharyzhang/Documents/GitHub/Earthcall/src/Relation/Relation.cpp:147:38: note: in instantiation of function template specialization 'std::make_unique<PropertyRef<Relation, bool>, const char (&)[9], Relation *, bool Relation::*, 0>' requested here
  147 |     _propertyRegistry.push_back(std::make_unique<PropertyRef<Relation, bool>>(
      |                                      ^
2 warnings generated.
16 warnings generated.
make[2]: *** [CMakeFiles/earthcall_core.dir/all] Error 2
make[1]: *** [CMakeFiles/earthcall.dir/rule] Error 2
make: *** [earthcall] Error 2
