[  8%] Built target glfw
[  8%] Building CXX object CMakeFiles/earthcall_core.dir/src/OurVerse/Tool.cpp.o
[  8%] Building CXX object CMakeFiles/earthcall_core.dir/src/Singularity/Core/EngineInit.cpp.o
[ 10%] Building CXX object CMakeFiles/earthcall_core.dir/src/Singularity/Core/EngineRender.cpp.o
[ 10%] Building CXX object CMakeFiles/earthcall_core.dir/src/Singularity/Core/PolyhedronSettings.cpp.o
[ 10%] Building CXX object CMakeFiles/earthcall_core.dir/src/Singularity/Core/EngineUpdate.cpp.o
[ 10%] Building CXX object CMakeFiles/earthcall_core.dir/src/Singularity/Network/WebSocketServer.cpp.o
[ 13%] Building CXX object CMakeFiles/earthcall_core.dir/src/Singularity/OntoMath/CurveModel.cpp.o
[ 13%] Building CXX object CMakeFiles/earthcall_core.dir/src/Singularity/Network/WebSocketClient_wasm.cpp.o
/Users/zacharyzhang/Documents/GitHub/Earthcall/src/Singularity/Core/PolyhedronSettings.cpp:1:10: fatal error: 'ConstructedBeing/Object/Tool/PolyhedronSettings.hpp' file not found
    1 | #include "ConstructedBeing/Object/Tool/PolyhedronSettings.hpp"
      |          ^~~~~~~~~~~~~~~~~~~~~~~~~~~~~~~~~~~~~~~~~~~~~~~~~~~~~
1 error generated.
make[3]: *** [CMakeFiles/earthcall_core.dir/src/Singularity/Core/PolyhedronSettings.cpp.o] Error 1
make[3]: *** Waiting for unfinished jobs....
In file included from /Users/zacharyzhang/Documents/GitHub/Earthcall/src/Singularity/Core/EngineUpdate.cpp:3:
In file included from /Users/zacharyzhang/Documents/GitHub/Earthcall/src/Person/Person.hpp:6:
In file included from /Users/zacharyzhang/Documents/GitHub/Earthcall/src/Person/Body/Body.hpp:5:
In file included from /Users/zacharyzhang/Documents/GitHub/Earthcall/src/ConstructedBeing/Object/Object.hpp:35:
/Users/zacharyzhang/Documents/GitHub/Earthcall/src/ConstructedBeing/Object/Object/PolyhedronData.hpp:12:1: warning: 'PolyhedronData' defined as a struct here but previously declared as a class; this is valid, but may result in linker errors under the Microsoft C++ ABI [-Wmismatched-tags]
   12 | struct PolyhedronData {
      | ^
/Users/zacharyzhang/Documents/GitHub/Earthcall/src/ConstructedBeing/Object/Object/ObjectTypes.hpp:24:1: note: did you mean struct here?
   24 | class PolyhedronData;
      | ^~~~~
      | struct
In file included from /Users/zacharyzhang/Documents/GitHub/Earthcall/src/Singularity/Core/EngineInit.cpp:1:
In file included from /Users/zacharyzhang/Documents/GitHub/Earthcall/src/Person/Person.hpp:6:
In file included from /Users/zacharyzhang/Documents/GitHub/Earthcall/src/Person/Body/Body.hpp:5:
In file included from /Users/zacharyzhang/Documents/GitHub/Earthcall/src/ConstructedBeing/Object/Object.hpp:35:
/Users/zacharyzhang/Documents/GitHub/Earthcall/src/ConstructedBeing/Object/Object/PolyhedronData.hpp:12:1: warning: 'PolyhedronData' defined as a struct here but previously declared as a class; this is valid, but may result in linker errors under the Microsoft C++ ABI [-Wmismatched-tags]
   12 | struct PolyhedronData {
      | ^
/Users/zacharyzhang/Documents/GitHub/Earthcall/src/ConstructedBeing/Object/Object/ObjectTypes.hpp:24:1: note: did you mean struct here?
   24 | class PolyhedronData;
      | ^~~~~
      | struct
In file included from /Users/zacharyzhang/Documents/GitHub/Earthcall/src/Singularity/Core/EngineUpdate.cpp:3:
In file included from /Users/zacharyzhang/Documents/GitHub/Earthcall/src/Person/Person.hpp:6:
In file included from /Users/zacharyzhang/Documents/GitHub/Earthcall/src/Person/Body/Body.hpp:5:
In file included from /Users/zacharyzhang/Documents/GitHub/Earthcall/src/ConstructedBeing/Object/Object.hpp:36:
In file included from /Users/zacharyzhang/Documents/GitHub/Earthcall/src/ConstructedBeing/Object/Object/FaceTexture.hpp:3:
In file included from /Users/zacharyzhang/Documents/GitHub/Earthcall/src/Rendering/Renderer.hpp:4:
/Users/zacharyzhang/Documents/GitHub/Earthcall/src/ConstructedBeing/Object/Geometry/SmoothSurface.hpp:23:1: warning: 'TessMesh' defined as a struct here but previously declared as a class; this is valid, but may result in linker errors under the Microsoft C++ ABI [-Wmismatched-tags]
   23 | struct TessMesh {
      | ^
/Users/zacharyzhang/Documents/GitHub/Earthcall/src/ConstructedBeing/Object/Object/ObjectTypes.hpp:20:5: note: did you mean struct here?
   20 |     class TessMesh;
      |     ^~~~~
      |     struct
In file included from /Users/zacharyzhang/Documents/GitHub/Earthcall/src/Singularity/Core/EngineUpdate.cpp:3:
In file included from /Users/zacharyzhang/Documents/GitHub/Earthcall/src/Person/Person.hpp:6:
In file included from /Users/zacharyzhang/Documents/GitHub/Earthcall/src/Person/Body/Body.hpp:5:
In file included from /Users/zacharyzhang/Documents/GitHub/Earthcall/src/ConstructedBeing/Object/Object.hpp:36:
In file included from /Users/zacharyzhang/Documents/GitHub/Earthcall/src/ConstructedBeing/Object/Object/FaceTexture.hpp:3:
In file included from /Users/zacharyzhang/Documents/GitHub/Earthcall/src/Rendering/Renderer.hpp:4:
/Users/zacharyzhang/Documents/GitHub/Earthcall/src/ConstructedBeing/Object/Geometry/SmoothSurface.hpp:27:1: warning: 'SmoothSurfaceData' defined as a struct here but previously declared as a class; this is valid, but may result in linker errors under the Microsoft C++ ABI [-Wmismatched-tags]
   27 | struct SmoothSurfaceData {
      | ^
/Users/zacharyzhang/Documents/GitHub/Earthcall/src/ConstructedBeing/Object/Object/ObjectTypes.hpp:17:5: note: did you mean struct here?
   17 |     class SmoothSurfaceData;
      |     ^~~~~
      |     struct
In file included from /Users/zacharyzhang/Documents/GitHub/Earthcall/src/Singularity/Core/EngineUpdate.cpp:3:
In file included from /Users/zacharyzhang/Documents/GitHub/Earthcall/src/Person/Person.hpp:6:
In file included from /Users/zacharyzhang/Documents/GitHub/Earthcall/src/Person/Body/Body.hpp:5:
In file included from /Users/zacharyzhang/Documents/GitHub/Earthcall/src/ConstructedBeing/Object/Object.hpp:36:
In file included from /Users/zacharyzhang/Documents/GitHub/Earthcall/src/ConstructedBeing/Object/Object/FaceTexture.hpp:3:
/Users/zacharyzhang/Documents/GitHub/Earthcall/src/Rendering/Renderer.hpp:10:18: warning: struct 'SdfNode' was previously declared as a class; this is valid, but may result in linker errors under the Microsoft C++ ABI [-Wmismatched-tags]
   10 | namespace geom { struct SdfNode; class FieldNode; }
      |                  ^
/Users/zacharyzhang/Documents/GitHub/Earthcall/src/ConstructedBeing/Object/Object/ObjectTypes.hpp:19:11: note: previous use is here
   19 |     class SdfNode;
      |           ^
In file included from /Users/zacharyzhang/Documents/GitHub/Earthcall/src/Singularity/Core/EngineInit.cpp:1:
In file included from /Users/zacharyzhang/Documents/GitHub/Earthcall/src/Person/Person.hpp:6:
In file included from /Users/zacharyzhang/Documents/GitHub/Earthcall/src/Person/Body/Body.hpp:5:
In file included from /Users/zacharyzhang/Documents/GitHub/Earthcall/src/ConstructedBeing/Object/Object.hpp:36:
In file included from /Users/zacharyzhang/Documents/GitHub/Earthcall/src/ConstructedBeing/Object/Object/FaceTexture.hpp:3:
In file included from /Users/zacharyzhang/Documents/GitHub/Earthcall/src/Rendering/Renderer.hpp:4:
/Users/zacharyzhang/Documents/GitHub/Earthcall/src/ConstructedBeing/Object/Geometry/SmoothSurface.hpp:23:1: warning: 'TessMesh' defined as a struct here but previously declared as a class; this is valid, but may result in linker errors under the Microsoft C++ ABI [-Wmismatched-tags]
   23 | struct TessMesh {
      | ^
/Users/zacharyzhang/Documents/GitHub/Earthcall/src/ConstructedBeing/Object/Object/ObjectTypes.hpp:20:5: note: did you mean struct here?
   20 |     class TessMesh;
      |     ^~~~~
      |     struct
In file included from /Users/zacharyzhang/Documents/GitHub/Earthcall/src/Singularity/Core/EngineInit.cpp:1:
In file included from /Users/zacharyzhang/Documents/GitHub/Earthcall/src/Person/Person.hpp:6:
In file included from /Users/zacharyzhang/Documents/GitHub/Earthcall/src/Person/Body/Body.hpp:5:
In file included from /Users/zacharyzhang/Documents/GitHub/Earthcall/src/ConstructedBeing/Object/Object.hpp:36:
In file included from /Users/zacharyzhang/Documents/GitHub/Earthcall/src/ConstructedBeing/Object/Object/FaceTexture.hpp:3:
In file included from /Users/zacharyzhang/Documents/GitHub/Earthcall/src/Rendering/Renderer.hpp:4:
/Users/zacharyzhang/Documents/GitHub/Earthcall/src/ConstructedBeing/Object/Geometry/SmoothSurface.hpp:27:1: warning: 'SmoothSurfaceData' defined as a struct here but previously declared as a class; this is valid, but may result in linker errors under the Microsoft C++ ABI [-Wmismatched-tags]
   27 | struct SmoothSurfaceData {
      | ^
/Users/zacharyzhang/Documents/GitHub/Earthcall/src/ConstructedBeing/Object/Object/ObjectTypes.hpp:17:5: note: did you mean struct here?
   17 |     class SmoothSurfaceData;
      |     ^~~~~
      |     struct
In file included from /Users/zacharyzhang/Documents/GitHub/Earthcall/src/Singularity/Core/EngineInit.cpp:1:
In file included from /Users/zacharyzhang/Documents/GitHub/Earthcall/src/Person/Person.hpp:6:
In file included from /Users/zacharyzhang/Documents/GitHub/Earthcall/src/Person/Body/Body.hpp:5:
In file included from /Users/zacharyzhang/Documents/GitHub/Earthcall/src/ConstructedBeing/Object/Object.hpp:36:
In file included from /Users/zacharyzhang/Documents/GitHub/Earthcall/src/ConstructedBeing/Object/Object/FaceTexture.hpp:3:
/Users/zacharyzhang/Documents/GitHub/Earthcall/src/Rendering/Renderer.hpp:10:18: warning: struct 'SdfNode' was previously declared as a class; this is valid, but may result in linker errors under the Microsoft C++ ABI [-Wmismatched-tags]
   10 | namespace geom { struct SdfNode; class FieldNode; }
      |                  ^
/Users/zacharyzhang/Documents/GitHub/Earthcall/src/ConstructedBeing/Object/Object/ObjectTypes.hpp:19:11: note: previous use is here
   19 |     class SdfNode;
      |           ^
In file included from /Users/zacharyzhang/Documents/GitHub/Earthcall/src/Singularity/Core/EngineUpdate.cpp:3:
In file included from /Users/zacharyzhang/Documents/GitHub/Earthcall/src/Person/Person.hpp:6:
In file included from /Users/zacharyzhang/Documents/GitHub/Earthcall/src/Person/Body/Body.hpp:5:
In file included from /Users/zacharyzhang/Documents/GitHub/Earthcall/src/ConstructedBeing/Object/Object.hpp:39:
/Users/zacharyzhang/Documents/GitHub/Earthcall/src/ConstructedBeing/Object/Geometry/ComplexShape.hpp:70:1: warning: 'ComplexShapeData' defined as a struct here but previously declared as a class; this is valid, but may result in linker errors under the Microsoft C++ ABI [-Wmismatched-tags]
   70 | struct ComplexShapeData {
      | ^
/Users/zacharyzhang/Documents/GitHub/Earthcall/src/ConstructedBeing/Object/Object/ObjectTypes.hpp:18:5: note: did you mean struct here?
   18 |     class ComplexShapeData;
      |     ^~~~~
      |     struct
In file included from /Users/zacharyzhang/Documents/GitHub/Earthcall/src/OurVerse/Tool.cpp:1:
In file included from /Users/zacharyzhang/Documents/GitHub/Earthcall/src/OurVerse/Tool.hpp:5:
In file included from /Users/zacharyzhang/Documents/GitHub/Earthcall/src/ConstructedBeing/Object/Object.hpp:35:
/Users/zacharyzhang/Documents/GitHub/Earthcall/src/ConstructedBeing/Object/Object/PolyhedronData.hpp:12:1: warning: 'PolyhedronData' defined as a struct here but previously declared as a class; this is valid, but may result in linker errors under the Microsoft C++ ABI [-Wmismatched-tags]
   12 | struct PolyhedronData {
      | ^
/Users/zacharyzhang/Documents/GitHub/Earthcall/src/ConstructedBeing/Object/Object/ObjectTypes.hpp:24:1: note: did you mean struct here?
   24 | class PolyhedronData;
      | ^~~~~
      | struct
In file included from /Users/zacharyzhang/Documents/GitHub/Earthcall/src/Singularity/Core/EngineUpdate.cpp:3:
In file included from /Users/zacharyzhang/Documents/GitHub/Earthcall/src/Person/Person.hpp:6:
In file included from /Users/zacharyzhang/Documents/GitHub/Earthcall/src/Person/Body/Body.hpp:5:
In file included from /Users/zacharyzhang/Documents/GitHub/Earthcall/src/ConstructedBeing/Object/Object.hpp:40:
/Users/zacharyzhang/Documents/GitHub/Earthcall/src/ConstructedBeing/Object/Geometry/Sdf.hpp:46:1: warning: 'SdfNode' defined as a struct here but previously declared as a class; this is valid, but may result in linker errors under the Microsoft C++ ABI [-Wmismatched-tags]
   46 | struct SdfNode {
      | ^
In file included from /Users/zacharyzhang/Documents/GitHub/Earthcall/src/Singularity/Core/EngineRender.cpp:/Users/zacharyzhang/Documents/GitHub/Earthcall/src/ConstructedBeing/Object/Object/ObjectTypes.hpp:19:51: :
In file included from In file included from /Users/zacharyzhang/Documents/GitHub/Earthcall/src/Person/Person.hpp:note: did you mean struct here?
6/Users/zacharyzhang/Documents/GitHub/Earthcall/src/Singularity/Core/EngineInit.cpp:   :
19 | In file included from /Users/zacharyzhang/Documents/GitHub/Earthcall/src/Person/Body/Body.hpp:5:
1:
In file included from /Users/zacharyzhang/Documents/GitHub/Earthcall/src/Person/Person.hpp:6    :
In file included from /Users/zacharyzhang/Documents/GitHub/Earthcall/src/Person/Body/Body.hpp:5cIn file included from l/Users/zacharyzhang/Documents/GitHub/Earthcall/src/ConstructedBeing/Object/Object.hppass:
 In file included from /Users/zacharyzhang/Documents/GitHub/Earthcall/src/ConstructedBeing/Object/Object.hpp:39SdfN:
/Users/zacharyzhang/Documents/GitHub/Earthcall/src/ConstructedBeing/Object/Geometry/ComplexShape.hpp:35:
o:70:de;
      |     ^~~~~
      |     struct
/Users/zacharyzhang/Documents/GitHub/Earthcall/src/ConstructedBeing/Object/Object/PolyhedronData.hpp:12:1: warning: 'PolyhedronData' defined as a struct here but previously declared as a class; this is valid, but may result in linker errors under the Microsoft C++ ABI [-Wmismatched-tags]
1: warning: 'ComplexShapeData' defined as a struct here but previously declared as a class; this is valid, but may result in linker errors under the Microsoft C++ ABI [-Wmismatched-tags]
   12 | struct PolyhedronData {
      | ^
   70 | struct ComplexShapeData {
      | ^
/Users/zacharyzhang/Documents/GitHub/Earthcall/src/ConstructedBeing/Object/Object/ObjectTypes.hpp:24:1/Users/zacharyzhang/Documents/GitHub/Earthcall/src/ConstructedBeing/Object/Object/ObjectTypes.hpp:18:5: note: did you mean struct here?
   18 |     class ComplexShapeData: note: did you mean struct here?
;   24
      |  |     ^~~~~
      | class PolyhedronData;
      | ^~~~~
      | struct
    struct
In file included from /Users/zacharyzhang/Documents/GitHub/Earthcall/src/Singularity/Core/EngineInit.cpp:1:
In file included from /Users/zacharyzhang/Documents/GitHub/Earthcall/src/Person/Person.hpp:6:
In file included from /Users/zacharyzhang/Documents/GitHub/Earthcall/src/Person/Body/Body.hpp:5:
In file included from /Users/zacharyzhang/Documents/GitHub/Earthcall/src/ConstructedBeing/Object/Object.hpp:40:
/Users/zacharyzhang/Documents/GitHub/Earthcall/src/ConstructedBeing/Object/Geometry/Sdf.hpp:46:1: warning: 'SdfNode' defined as a struct here but previously declared as a class; this is valid, but may result in linker errors under the Microsoft C++ ABI [-Wmismatched-tags]
   46 | struct SdfNode {
      | ^
/Users/zacharyzhang/Documents/GitHub/Earthcall/src/ConstructedBeing/Object/Object/ObjectTypes.hpp:19:5: note: did you mean struct here?
   19 |     class SdfNode;
      |     ^~~~~
      |     struct
In file included from /Users/zacharyzhang/Documents/GitHub/Earthcall/src/Singularity/Network/WebSocketServer.cpp:7:
In file included from /Users/zacharyzhang/Documents/GitHub/Earthcall/build_ag/_deps/websocketpp-src/websocketpp/config/asio_no_tls.hpp:32:
In file included from /Users/zacharyzhang/Documents/GitHub/Earthcall/build_ag/_deps/websocketpp-src/websocketpp/transport/asio/endpoint.hpp:32:
In file included from /Users/zacharyzhang/Documents/GitHub/Earthcall/build_ag/_deps/websocketpp-src/websocketpp/transport/asio/connection.hpp:31:
In file included from /Users/zacharyzhang/Documents/GitHub/Earthcall/build_ag/_deps/websocketpp-src/websocketpp/transport/asio/base.hpp:31:
In file included from /Users/zacharyzhang/Documents/GitHub/Earthcall/build_ag/_deps/websocketpp-src/websocketpp/common/asio.hpp:52:
In file included from /Users/zacharyzhang/Documents/GitHub/Earthcall/build_ag/_deps/asio-src/asio/include/asio.hpp:30:
In file included from /Users/zacharyzhang/Documents/GitHub/Earthcall/build_ag/_deps/asio-src/asio/include/asio/basic_datagram_socket.hpp:20:
In file included from /Users/zacharyzhang/Documents/GitHub/Earthcall/build_ag/_deps/asio-src/asio/include/asio/basic_socket.hpp:38:
In file included from /Users/zacharyzhang/Documents/GitHub/Earthcall/build_ag/_deps/asio-src/asio/include/asio/detail/reactive_socket_service.hpp:23:
/Users/zacharyzhang/Documents/GitHub/Earthcall/build_ag/_deps/asio-src/asio/include/asio/buffer.hpp:2884:37: warning: identifier '_buf' preceded by whitespace in a literal operator declaration is deprecated [-Wdeprecated-literal-operator]
 2884 | inline ASIO_CONST_BUFFER operator"" _buf(const char* data, std::size_t n)
      |                          ~~~~~~~~~~~^~~~
      |                          operator""_buf
/Users/zacharyzhang/Documents/GitHub/Earthcall/build_ag/_deps/asio-src/asio/include/asio/buffer.hpp:2892:37: warning: identifier '_buf' preceded by whitespace in a literal operator declaration is deprecated [-Wdeprecated-literal-operator]
 2892 | inline ASIO_CONST_BUFFER operator"" _buf()
      |                          ~~~~~~~~~~~^~~~
      |                          operator""_buf
In file included from /Users/zacharyzhang/Documents/GitHub/Earthcall/src/Singularity/Core/EngineUpdate.cpp:3:
In file included from /Users/zacharyzhang/Documents/GitHub/Earthcall/src/Person/Person.hpp:6:
In file included from /Users/zacharyzhang/Documents/GitHub/Earthcall/src/Person/Body/Body.hpp:5:
In file included from /Users/zacharyzhang/Documents/GitHub/Earthcall/src/ConstructedBeing/Object/Object.hpp:41:
/Users/zacharyzhang/Documents/GitHub/Earthcall/src/ConstructedBeing/Object/Geometry/Patch.hpp:16:1: warning: 'BezierPatch' defined as a struct here but previously declared as a class; this is valid, but may result in linker errors under the Microsoft C++ ABI [-Wmismatched-tags]
   16 | struct BezierPatch {
      | ^
/Users/zacharyzhang/Documents/GitHub/Earthcall/src/ConstructedBeing/Object/Object/ObjectTypes.hpp:21:5: note: did you mean struct here?
   21 |     class BezierPatch;
      |     ^~~~~
      |     struct
In file included from /Users/zacharyzhang/Documents/GitHub/Earthcall/src/OurVerse/Tool.cpp:1:
In file included from /Users/zacharyzhang/Documents/GitHub/Earthcall/src/OurVerse/Tool.hpp:5:
In file included from /Users/zacharyzhang/Documents/GitHub/Earthcall/src/ConstructedBeing/Object/Object.hpp:36:
In file included from /Users/zacharyzhang/Documents/GitHub/Earthcall/src/ConstructedBeing/Object/Object/FaceTexture.hpp:3:
In file included from /Users/zacharyzhang/Documents/GitHub/Earthcall/src/Rendering/Renderer.hpp:4:
/Users/zacharyzhang/Documents/GitHub/Earthcall/src/ConstructedBeing/Object/Geometry/SmoothSurface.hpp:23:1: warning: 'TessMesh' defined as a struct here but previously declared as a class; this is valid, but may result in linker errors under the Microsoft C++ ABI [-Wmismatched-tags]
   23 | struct TessMesIn file included from /Users/zacharyzhang/Documents/GitHub/Earthcall/src/Singularity/Core/EngineInit.cpp:1h {
      | ^
:
In file included from /Users/zacharyzhang/Documents/GitHub/Earthcall/src/Person/Person.hpp:6:
In file included from /Users/zacharyzhang/Documents/GitHub/Earthcall/src/Person/Body/Body.hpp:5:
In file included from /Users/zacharyzhang/Documents/GitHub/Earthcall/src/ConstructedBeing/Object/Object.hpp:41:
/Users/zacharyzhang/Documents/GitHub/Earthcall/src/ConstructedBeing/Object/Geometry/Patch.hpp:16:1:/Users/zacharyzhang/Documents/GitHub/Earthcall/src/ConstructedBeing/Object/Object/ObjectTypes.hpp:20:5: note: did you mean struct here?
 warning: 'BezierPatch' defined as a struct here but previously declared as a class; this is valid, but may result in linker errors under the Microsoft C++ ABI [-Wmismatched-tags]   20 |  
   16 | st   clruct BezierPatch {
      | ^
ass TessMesh;
      |     ^~~~~
      |     struct
/Users/zacharyzhang/Documents/GitHub/Earthcall/src/ConstructedBeing/Object/Object/ObjectTypes.hpp:21:5: note: did you mean struct here?
   21 |     class BezierPatch;
      |     ^~~~~
      |     struct
In file included from /Users/zacharyzhang/Documents/GitHub/Earthcall/src/OurVerse/Tool.cpp:1:
In file included from /Users/zacharyzhang/Documents/GitHub/Earthcall/src/OurVerse/Tool.hpp:5:
In file included from /Users/zacharyzhang/Documents/GitHub/Earthcall/src/ConstructedBeing/Object/Object.hpp:36:
In file included from /Users/zacharyzhang/Documents/GitHub/Earthcall/src/ConstructedBeing/Object/Object/FaceTexture.hpp:3:
In file included from /Users/zacharyzhang/Documents/GitHub/Earthcall/src/Rendering/Renderer.hpp:4:
/Users/zacharyzhang/Documents/GitHub/Earthcall/src/ConstructedBeing/Object/Geometry/SmoothSurface.hpp:27:1: warning: 'SmoothSurfaceData' defined as a struct here but previously declared as a class; this is valid, but may result in linker errors under the Microsoft C++ ABI [-Wmismatched-tags]
   27 | struct SmoothSurfaceData {
      | ^
/Users/zacharyzhang/Documents/GitHub/Earthcall/src/ConstructedBeing/Object/Object/ObjectTypes.hpp:17:5: note: did you mean struct here?
   17 |     class SmoothSurfaceData;
      |     ^~~~~
      |     struct
In file included from /Users/zacharyzhang/Documents/GitHub/Earthcall/src/OurVerse/Tool.cpp:1:
In file included from /Users/zacharyzhang/Documents/GitHub/Earthcall/src/OurVerse/Tool.hpp:5:
In file included from /Users/zacharyzhang/Documents/GitHub/Earthcall/src/ConstructedBeing/Object/Object.hpp:36:
In file included from /Users/zacharyzhang/Documents/GitHub/Earthcall/src/ConstructedBeing/Object/Object/FaceTexture.hpp:3:
/Users/zacharyzhang/Documents/GitHub/Earthcall/src/Rendering/Renderer.hpp:10:18: warning: struct 'SdfNode' was previously declared as a class; this is valid, but may result in linker errors under the Microsoft C++ ABI [-Wmismatched-tags]
   10 | namespace geom { struct SdfNode; class FieldNode; }
      |                  ^
/Users/zacharyzhang/Documents/GitHub/Earthcall/src/ConstructedBeing/Object/Object/ObjectTypes.hpp:19:11: note: previous use is here
   19 |     class SdfNode;
      |           ^
In file included from /Users/zacharyzhang/Documents/GitHub/Earthcall/src/Singularity/Core/EngineRender.cpp:1:
In file included from /Users/zacharyzhang/Documents/GitHub/Earthcall/src/Person/Person.hpp:6:
In file included from /Users/zacharyzhang/Documents/GitHub/Earthcall/src/Person/Body/Body.hpp:5:
In file included from /Users/zacharyzhang/Documents/GitHub/Earthcall/src/ConstructedBeing/Object/Object.hpp:36:
In file included from /Users/zacharyzhang/Documents/GitHub/Earthcall/src/ConstructedBeing/Object/Object/FaceTexture.hpp:3:
In file included from /Users/zacharyzhang/Documents/GitHub/Earthcall/src/Rendering/Renderer.hpp:4:
/Users/zacharyzhang/Documents/GitHub/Earthcall/src/ConstructedBeing/Object/Geometry/SmoothSurface.hpp:23:1: warning: 'TessMesh' defined as a struct here but previously declared as a class; this is valid, but may result in linker errors under the Microsoft C++ ABI [-Wmismatched-tags]
   23 | struct TessMesh {
      | ^
/Users/zacharyzhang/Documents/GitHub/Earthcall/src/ConstructedBeing/Object/Object/ObjectTypes.hpp:20:5: note: did you mean struct here?
   20 |     class TessMesh;
      |     ^~~~~
      |     struct
In file included from /Users/zacharyzhang/Documents/GitHub/Earthcall/src/Singularity/Core/EngineRender.cpp:1:
In file included from /Users/zacharyzhang/Documents/GitHub/Earthcall/src/Person/Person.hpp:6:
In file included from /Users/zacharyzhang/Documents/GitHub/Earthcall/src/Person/Body/Body.hpp:5:
In file included from /Users/zacharyzhang/Documents/GitHub/Earthcall/src/ConstructedBeing/Object/Object.hpp:36:
In file included from /Users/zacharyzhang/Documents/GitHub/Earthcall/src/ConstructedBeing/Object/Object/FaceTexture.hpp:3:
In file included from /Users/zacharyzhang/Documents/GitHub/Earthcall/src/Rendering/Renderer.hpp:4:
/Users/zacharyzhang/Documents/GitHub/Earthcall/src/ConstructedBeing/Object/Geometry/SmoothSurface.hpp:27:1: warning: 'SmoothSurfaceData' defined as a struct here but previously declared as a class; this is valid, but may result in linker errors under the Microsoft C++ ABI [-Wmismatched-tags]
   27 | struct SmoothSurfaceData {
      | ^
/Users/zacharyzhang/Documents/GitHub/Earthcall/src/ConstructedBeing/Object/Object/ObjectTypes.hpp:17:5: note: did you mean struct here?
   17 |     class SmoothSurfaceData;
      |     ^~~~~
      |     struct
In file included from /Users/zacharyzhang/Documents/GitHub/Earthcall/src/Singularity/Core/EngineRender.cpp:1:
In file included from /Users/zacharyzhang/Documents/GitHub/Earthcall/src/Person/Person.hpp:6:
In file included from /Users/zacharyzhang/Documents/GitHub/Earthcall/src/Person/Body/Body.hpp:5:
In file included from /Users/zacharyzhang/Documents/GitHub/Earthcall/src/ConstructedBeing/Object/Object.hpp:36:
In file included from /Users/zacharyzhang/Documents/GitHub/Earthcall/src/ConstructedBeing/Object/Object/FaceTexture.hpp:3:
/Users/zacharyzhang/Documents/GitHub/Earthcall/src/Rendering/Renderer.hpp:10:18: warning: struct 'SdfNode' was previously declared as a class; this is valid, but may result in linker errors under the Microsoft C++ ABI [-Wmismatched-tags]
   10 | namespace geom { struct SdfNode; class FieldNode; }
      |                  ^
/Users/zacharyzhang/Documents/GitHub/Earthcall/src/ConstructedBeing/Object/Object/ObjectTypes.hpp:19:11: note: previous use is here
   19 |     class SdfNode;
      |           ^
In file included from /Users/zacharyzhang/Documents/GitHub/Earthcall/src/OurVerse/Tool.cpp:1:
In file included from /Users/zacharyzhang/Documents/GitHub/Earthcall/src/OurVerse/Tool.hpp:5:
In file included from /Users/zacharyzhang/Documents/GitHub/Earthcall/src/ConstructedBeing/Object/Object.hpp:39:
/Users/zacharyzhang/Documents/GitHub/Earthcall/src/ConstructedBeing/Object/Geometry/ComplexShape.hpp:70:1: warning: 'ComplexShapeData' defined as a struct here but previously declared as a class; this is valid, but may result in linker errors under the Microsoft C++ ABI [-Wmismatched-tags]
   70 | struct ComplexShapeData {
      | ^
/Users/zacharyzhang/Documents/GitHub/Earthcall/src/ConstructedBeing/Object/Object/ObjectTypes.hpp:18:5: note: did you mean struct here?
   18 |     class ComplexShapeData;
      |     ^~~~~
      |     struct
In file included from /Users/zacharyzhang/Documents/GitHub/Earthcall/src/Singularity/Core/EngineRender.cpp:1:
In file included from /Users/zacharyzhang/Documents/GitHub/Earthcall/src/Person/Person.hpp:6:
In file included from /Users/zacharyzhang/Documents/GitHub/Earthcall/src/Person/Body/Body.hpp:5:
In file included from /Users/zacharyzhang/Documents/GitHub/Earthcall/src/ConstructedBeing/Object/Object.hpp:39:
/Users/zacharyzhang/Documents/GitHub/Earthcall/src/ConstructedBeing/Object/Geometry/ComplexShape.hpp:70:1: warning: 'ComplexShapeData' defined as a struct here but previously declared as a class; this is valid, but may result in linker errors under the Microsoft C++ ABI [-Wmismatched-tags]
   70 | struct ComplexShapeData {
      | ^
/Users/zacharyzhang/Documents/GitHub/Earthcall/src/ConstructedBeing/Object/Object/ObjectTypes.hpp:18:5: note: did you mean struct here?
   18 |     class ComplexShapeData;
      |     ^~~~~
      |     struct
In file included from /Users/zacharyzhang/Documents/GitHub/Earthcall/src/Singularity/Core/EngineRender.cpp:1:
In file included from /Users/zacharyzhang/Documents/GitHub/Earthcall/src/Person/Person.hpp:6:
In file included from /Users/zacharyzhang/Documents/GitHub/Earthcall/src/Person/Body/Body.hpp:5:
In file included from /Users/zacharyzhang/Documents/GitHub/Earthcall/src/ConstructedBeing/Object/Object.hpp:40:
/Users/zacharyzhang/Documents/GitHub/Earthcall/src/ConstructedBeing/Object/Geometry/Sdf.hpp:46:1In file included from /Users/zacharyzhang/Documents/GitHub/Earthcall/src/OurVerse/Tool.cpp:: warning: 1:
'SdfNode' defined as a struct here but previously declared as a class; this is valid, but may result in linker errors under the Microsoft C++ ABI [-Wmismatched-tags]
In file included from /Users/zacharyzhang/Documents/GitHub/Earthcall/src/OurVerse/Tool.hpp:5:
   46 | stIn file included from /Users/zacharyzhang/Documents/GitHub/Earthcall/src/ConstructedBeing/Object/Object.hpp:40:
/Users/zacharyzhang/Documents/GitHub/Earthcall/src/ConstructedBeing/Object/Geometry/Sdf.hpp:46:1: warning: 'SdfNode' defined as a struct here but previously declared as a class; this is valid, but may result in linker errors under the Microsoft C++ ABI [-Wmismatched-tags]
   46 | struructct SdfNode {
      | ^ Sdf
Node {
      | ^
/Users/zacharyzhang/Documents/GitHub/Earthcall/src/ConstructedBeing/Object/Object/ObjectTypes.hpp:19:5: note: did you mean struct here?
/Users/zacharyzhang/Documents/GitHub/Earthcall/src/ConstructedBeing/Object/Object/ObjectTypes.hpp:19:5: note: did you mean struct here?
   19   19 |     cl |     assclass  SdfNodeSdf;
      |     ^~~~~
      Node;
      |     ^~~~~
      |     struct
|     struct
In file included from /Users/zacharyzhang/Documents/GitHub/Earthcall/src/OurVerse/Tool.cpp:1:
In file included from /Users/zacharyzhang/Documents/GitHub/Earthcall/src/OurVerse/Tool.hpp:5:
In file included from /Users/zacharyzhang/Documents/GitHub/Earthcall/src/ConstructedBeing/Object/Object.hpp:41:
/Users/zacharyzhang/Documents/GitHub/Earthcall/src/ConstructedBeing/Object/Geometry/Patch.hpp:16:1: warning: 'BezierPatch' defined as a struct here but previously declared as a class; this is valid, but may result in linker errors under the Microsoft C++ ABI [-Wmismatched-tags]
   16 | struct BezierPatch {
      | ^
/Users/zacharyzhang/Documents/GitHub/Earthcall/src/ConstructedBeing/Object/Object/ObjectTypes.hpp:21:5: note: did you mean struct here?
   21 |     class BezierPatch;
      |     ^~~~~
      |     struct
In file included from /Users/zacharyzhang/Documents/GitHub/Earthcall/src/Singularity/Core/EngineRender.cpp:1:
In file included from /Users/zacharyzhang/Documents/GitHub/Earthcall/src/Person/Person.hpp:6:
In file included from /Users/zacharyzhang/Documents/GitHub/Earthcall/src/Person/Body/Body.hpp:5:
In file included from /Users/zacharyzhang/Documents/GitHub/Earthcall/src/ConstructedBeing/Object/Object.hpp:41:
/Users/zacharyzhang/Documents/GitHub/Earthcall/src/ConstructedBeing/Object/Geometry/Patch.hpp:16:1: warning: 'BezierPatch' defined as a struct here but previously declared as a class; this is valid, but may result in linker errors under the Microsoft C++ ABI [-Wmismatched-tags]
   16 | struct BezierPatch {
      | ^
/Users/zacharyzhang/Documents/GitHub/Earthcall/src/ConstructedBeing/Object/Object/ObjectTypes.hpp:21:5: note: did you mean struct here?
   21 |     class BezierPatch;
      |     ^~~~~
      |     struct
In file included from /Users/zacharyzhang/Documents/GitHub/Earthcall/src/Singularity/Core/EngineUpdate.cpp:8:
/Users/zacharyzhang/Documents/GitHub/Earthcall/src/Singularity/Core/Engine.hpp:69:49: warning: unused parameter 'type' [-Wunused-parameter]
   69 |     template<typename T> void begin2DToolDrag(T type, glm::vec2 pos) { _is2DToolDragging = true; _dragStart = pos; _dragCurrent = pos; }
      |                                                 ^
/Users/zacharyzhang/Documents/GitHub/Earthcall/src/Singularity/Core/Engine.hpp:71:50: warning: unused parameter 'type' [-Wunused-parameter]
   71 |     template<typename T> bool is2DToolDragging(T type) const { return _is2DToolDragging; }
      |                                                  ^
/Users/zacharyzhang/Documents/GitHub/Earthcall/src/Singularity/Core/Engine.hpp:82:30: warning: unused parameter 'index' [-Wunused-parameter]
   82 |     void setCurrentColor(int index, float val) {} // dummy for now
      |                              ^
/Users/zacharyzhang/Documents/GitHub/Earthcall/src/Singularity/Core/Engine.hpp:82:43: warning: unused parameter 'val' [-Wunused-parameter]
   82 |     void setCurrentColor(int index, float val) {} // dummy for now
      |                                           ^
/Users/zacharyzhang/Documents/GitHub/Earthcall/src/Singularity/Core/Engine.hpp:137:37: warning: unused parameter 'x' [-Wunused-parameter]
  137 |     void setRotateLastCursor(double x, double y) {}
      |                                     ^
/Users/zacharyzhang/Documents/GitHub/Earthcall/src/Singularity/Core/Engine.hpp:137:47: warning: unused parameter 'y' [-Wunused-parameter]
  137 |     void setRotateLastCursor(double x, double y) {}
      |                                               ^
In file included from /Users/zacharyzhang/Documents/GitHub/Earthcall/src/Singularity/Core/EngineInit.cpp:7:
/Users/zacharyzhang/Documents/GitHub/Earthcall/src/Singularity/Core/Engine.hpp:69:49: warning: unused parameter 'type' [-Wunused-parameter]
   69 |     template<typename T> void begin2DToolDrag(T type, glm::vec2 pos) { _is2DToolDragging = true; _dragStart = pos; _dragCurrent = pos; }
      |                                                 ^
/Users/zacharyzhang/Documents/GitHub/Earthcall/src/Singularity/Core/Engine.hpp:71:50: warning: unused parameter 'type' [-Wunused-parameter]
   71 |     template<typename T> bool is2DToolDragging(T type) const { return _is2DToolDragging; }
      |                                                  ^
/Users/zacharyzhang/Documents/GitHub/Earthcall/src/Singularity/Core/Engine.hpp:82:30: warning: unused parameter 'index' [-Wunused-parameter]
   82 |     void setCurrentColor(int index, float val) {} // dummy for now
      |                              ^
/Users/zacharyzhang/Documents/GitHub/Earthcall/src/Singularity/Core/Engine.hpp:82:43: warning: unused parameter 'val' [-Wunused-parameter]
   82 |     void setCurrentColor(int index, float val) {} // dummy for now
      |                                           ^
/Users/zacharyzhang/Documents/GitHub/Earthcall/src/Singularity/Core/Engine.hpp:137:37: warning: unused parameter 'x' [-Wunused-parameter]
  137 |     void setRotateLastCursor(double x, double y) {}
      |                                     ^
/Users/zacharyzhang/Documents/GitHub/Earthcall/src/Singularity/Core/Engine.hpp:137:47: warning: unused parameter 'y' [-Wunused-parameter]
  137 |     void setRotateLastCursor(double x, double y) {}
      |                                               ^
In file included from /Users/zacharyzhang/Documents/GitHub/Earthcall/src/OurVerse/Tool.cpp:2:
/Users/zacharyzhang/Documents/GitHub/Earthcall/src/Singularity/Core/Engine.hpp:69:49: warning: unused parameter 'type' [-Wunused-parameter]
   69 |     template<typename T> void begin2DToolDrag(T type, glm::vec2 pos) { _is2DToolDragging = true; _dragStart = pos; _dragCurrent = pos; }
      |                                                 ^
/Users/zacharyzhang/Documents/GitHub/Earthcall/src/Singularity/Core/Engine.hpp:71:50: warning: unused parameter 'type' [-Wunused-parameter]
   71 |     template<typename T> bool is2DToolDragging(T type) const { return _is2DToolDragging; }
      |                                                  ^
/Users/zacharyzhang/Documents/GitHub/Earthcall/src/Singularity/Core/Engine.hpp:82:30: warning: unused parameter 'index' [-Wunused-parameter]
   82 |     void setCurrentColor(int index, float val) {} // dummy for now
      |                              ^
/Users/zacharyzhang/Documents/GitHub/Earthcall/src/Singularity/Core/Engine.hpp:82:43: warning: unused parameter 'val' [-Wunused-parameter]
   82 |     void setCurrentColor(int index, float val) {} // dummy for now
      |                                           ^
/Users/zacharyzhang/Documents/GitHub/Earthcall/src/Singularity/Core/Engine.hpp:137:37: warning: unused parameter 'x' [-Wunused-parameter]
  137 |     void setRotateLastCursor(double x, double y) {}
      |                                     ^
/Users/zacharyzhang/Documents/GitHub/Earthcall/src/Singularity/Core/Engine.hpp:137:47: warning: unused parameter 'y' [-Wunused-parameter]
  137 |     void setRotateLastCursor(double x, double y) {}
      |                                               ^
In file included from /Users/zacharyzhang/Documents/GitHub/Earthcall/src/Singularity/Core/EngineRender.cpp:5:
/Users/zacharyzhang/Documents/GitHub/Earthcall/src/Singularity/Core/Engine.hpp:69:49: warning: unused parameter 'type' [-Wunused-parameter]
   69 |     template<typename T> void begin2DToolDrag(T type, glm::vec2 pos) { _is2DToolDragging = true; _dragStart = pos; _dragCurrent = pos; }
      |                                                 ^
/Users/zacharyzhang/Documents/GitHub/Earthcall/src/Singularity/Core/Engine.hpp:71:50: warning: unused parameter 'type' [-Wunused-parameter]
   71 |     template<typename T> bool is2DToolDragging(T type) const { return _is2DToolDragging; }
      |                                                  ^
/Users/zacharyzhang/Documents/GitHub/Earthcall/src/Singularity/Core/Engine.hpp:82:30: warning: unused parameter 'index' [-Wunused-parameter]
   82 |     void setCurrentColor(int index, float val) {} // dummy for now
      |                              ^
/Users/zacharyzhang/Documents/GitHub/Earthcall/src/Singularity/Core/Engine.hpp:82:43: warning: unused parameter 'val' [-Wunused-parameter]
   82 |     void setCurrentColor(int index, float val) {} // dummy for now
      |                                           ^
/Users/zacharyzhang/Documents/GitHub/Earthcall/src/Singularity/Core/Engine.hpp:137:37: warning: unused parameter 'x' [-Wunused-parameter]
  137 |     void setRotateLastCursor(double x, double y) {}
      |                                     ^
/Users/zacharyzhang/Documents/GitHub/Earthcall/src/Singularity/Core/Engine.hpp:137:47: warning: unused parameter 'y' [-Wunused-parameter]
  137 |     void setRotateLastCursor(double x, double y) {}
      |                                               ^
/Users/zacharyzhang/Documents/GitHub/Earthcall/src/Singularity/Core/EngineRender.cpp:327:9: error: use of undeclared identifier 'temp'
  327 |         temp.drawObject();
      |         ^~~~
/Users/zacharyzhang/Documents/GitHub/Earthcall/src/Singularity/Core/EngineRender.cpp:328:9: error: use of undeclared identifier 'temp'
  328 |         temp.drawHighlightOutline();
      |         ^~~~
/Users/zacharyzhang/Documents/GitHub/Earthcall/src/Singularity/Core/EngineRender.cpp:335:5: error: expected unqualified-id
  335 |     if (_currentPerspective != Ourverse::PerspectiveMode::FirstPerson) {
      |     ^
/Users/zacharyzhang/Documents/GitHub/Earthcall/src/Singularity/Core/EngineRender.cpp:342:22: error: expected function body after function declarator
  342 |     currentRenderer().begin2D(static_cast<uint32_t>(fbW), static_cast<uint32_t>(fbH));
      |                      ^
/Users/zacharyzhang/Documents/GitHub/Earthcall/src/Singularity/Core/EngineRender.cpp:344:5: error: unknown type name 'mgr'
  344 |     mgr.active().renderArt(_useLegacy2DTools);
      |     ^
/Users/zacharyzhang/Documents/GitHub/Earthcall/src/Singularity/Core/EngineRender.cpp:344:8: error: cannot use dot operator on a type
  344 |     mgr.active().renderArt(_useLegacy2DTools);
      |        ^
/Users/zacharyzhang/Documents/GitHub/Earthcall/src/Singularity/Core/EngineRender.cpp:346:5: error: expected unqualified-id
  346 |     if (_drawingStraightLine && getWorld().current3DMode == Ourverse::Mode3D::None && _currentTool.getType() == Tool::Type::Brush) {
      |     ^
/Users/zacharyzhang/Documents/GitHub/Earthcall/src/Singularity/Core/EngineRender.cpp:369:22: error: expected function body after function declarator
  369 |     currentRenderer().end2D();
      |                      ^
/Users/zacharyzhang/Documents/GitHub/Earthcall/src/Singularity/Core/EngineRender.cpp:372:5: error: expected unqualified-id
  372 |     if (getWorld().current3DMode == Ourverse::Mode3D::FaceBrush && _brush.showCursor && _brush.cursorVisible) {
      |     ^
/Users/zacharyzhang/Documents/GitHub/Earthcall/src/Singularity/Core/EngineRender.cpp:406:5: error: unknown type name '_mainMenu'
  406 |     _mainMenu.draw();
      |     ^
/Users/zacharyzhang/Documents/GitHub/Earthcall/src/Singularity/Core/EngineRender.cpp:406:14: error: cannot use dot operator on a type
  406 |     _mainMenu.draw();
      |              ^
/Users/zacharyzhang/Documents/GitHub/Earthcall/src/Singularity/Core/EngineRender.cpp:409:5: error: expected unqualified-id
  409 |     if (_world.showKeymapWindow) {
      |     ^
/Users/zacharyzhang/Documents/GitHub/Earthcall/src/Singularity/Core/EngineRender.cpp:447:5: error: expected unqualified-id
  447 |     if (_world.showDebugCoordinates) {
      |     ^
/Users/zacharyzhang/Documents/GitHub/Earthcall/src/Singularity/Core/EngineRender.cpp:464:5: error: expected unqualified-id
  464 |     if (_world.showChatWindow) {
      |     ^
/Users/zacharyzhang/Documents/GitHub/Earthcall/src/Singularity/Core/EngineRender.cpp:489:22: error: expected function body after function declarator
  489 |     currentRenderer().endFrame();
      |                      ^
/Users/zacharyzhang/Documents/GitHub/Earthcall/src/Singularity/Core/EngineRender.cpp:492:1: error: extraneous closing brace ('}')
  492 | } // namespace Core
      | ^
/Users/zacharyzhang/Documents/GitHub/Earthcall/src/OurVerse/Tool.cpp:661:27: error: member reference type 'Core::Engine' is not a pointer; did you mean to use '.'?
  661 |                 if (engine->getUseLegacy2DTools()) {
      |                     ~~~~~~^~
      |                           .
/Users/zacharyzhang/Documents/GitHub/Earthcall/src/OurVerse/Tool.cpp:684:31: error: member reference type 'Core::Engine' is not a pointer; did you mean to use '.'?
  684 |             }           engine->end2DToolDrag();
      |                         ~~~~~~^~
      |                               .
/Users/zacharyzhang/Documents/GitHub/Earthcall/src/OurVerse/Tool.cpp:691:36: error: member reference type 'Core::Engine' is not a pointer; did you mean to use '.'?
  691 |         if (mouseLeftNow && !engine->isMouseLeftPressedLast())
      |                              ~~~~~~^~
      |                                    .
/Users/zacharyzhang/Documents/GitHub/Earthcall/src/OurVerse/Tool.cpp:695:68: error: member reference type 'Core::Engine' is not a pointer; did you mean to use '.'?
  695 |                 zone.getBrushSystem()->sampleColor(glm::vec2(engine->getMouseHandler()->getCursorX(), engine->getMouseHandler()->getCursorY()), sampledColor)) {
      |                                                              ~~~~~~^~
      |                                                                    .
/Users/zacharyzhang/Documents/GitHub/Earthcall/src/OurVerse/Tool.cpp:695:109: error: member reference type 'Core::Engine' is not a pointer; did you mean to use '.'?
  695 |                 zone.getBrushSystem()->sampleColor(glm::vec2(engine->getMouseHandler()->getCursorX(), engine->getMouseHandler()->getCursorY()), sampledColor)) {
      |                                                                                                       ~~~~~~^~
      |                                                                                                             .
/Users/zacharyzhang/Documents/GitHub/Earthcall/src/OurVerse/Tool.cpp:696:23: error: member reference type 'Core::Engine' is not a pointer; did you mean to use '.'?
  696 |                 engine->setCurrentColor(0, sampledColor.r);
      |                 ~~~~~~^~
      |                       .
/Users/zacharyzhang/Documents/GitHub/Earthcall/src/OurVerse/Tool.cpp:697:23: error: member reference type 'Core::Engine' is not a pointer; did you mean to use '.'?
  697 |                 engine->setCurrentColor(1, sampledColor.g);
      |                 ~~~~~~^~
      |                       .
/Users/zacharyzhang/Documents/GitHub/Earthcall/src/OurVerse/Tool.cpp:698:23: error: member reference type 'Core::Engine' is not a pointer; did you mean to use '.'?
  698 |                 engine->setCurrentColor(2, sampledColor.b);
      |                 ~~~~~~^~
      |                       .
/Users/zacharyzhang/Documents/GitHub/Earthcall/src/OurVerse/Tool.cpp:708:57: error: member reference type 'Core::Engine' is not a pointer; did you mean to use '.'?
  708 |                     float dx = stroke.points[i] - engine->getMouseHandler()->getCursorX();
      |                                                   ~~~~~~^~
      |                                                         .
/Users/zacharyzhang/Documents/GitHub/Earthcall/src/OurVerse/Tool.cpp:709:61: error: member reference type 'Core::Engine' is not a pointer; did you mean to use '.'?
  709 |                     float dy = stroke.points[i + 1] - engine->getMouseHandler()->getCursorY();
      |                                                       ~~~~~~^~
      |                                                             .
/Users/zacharyzhang/Documents/GitHub/Earthcall/src/OurVerse/Tool.cpp:713:31: error: member reference type 'Core::Engine' is not a pointer; did you mean to use '.'?
  713 |                         engine->setCurrentColor(0, stroke.r);
      |                         ~~~~~~^~
      |                               .
/Users/zacharyzhang/Documents/GitHub/Earthcall/src/OurVerse/Tool.cpp:714:31: error: member reference type 'Core::Engine' is not a pointer; did you mean to use '.'?
  714 |                         engine->setCurrentColor(1, stroke.g);
      |                         ~~~~~~^~
      |                               .
/Users/zacharyzhang/Documents/GitHub/Earthcall/src/OurVerse/Tool.cpp:715:31: error: member reference type 'Core::Engine' is not a pointer; did you mean to use '.'?
  715 |                         engine->setCurrentColor(2, stroke.b);
      |                         ~~~~~~^~
      |                               .
/Users/zacharyzhang/Documents/GitHub/Earthcall/src/OurVerse/Tool.cpp:730:36: error: member reference type 'Core::Engine' is not a pointer; did you mean to use '.'?
  730 |         if (mouseLeftNow && !engine->isMouseLeftPressedLast())
      |                              ~~~~~~^~
      |                                    .
/Users/zacharyzhang/Documents/GitHub/Earthcall/src/OurVerse/Tool.cpp:732:19: error: member reference type 'Core::Engine' is not a pointer; did you mean to use '.'?
  732 |             engine->begin2DToolDrag(type, glm::vec2(engine->getMouseHandler()->getCursorX(), engine->getMouseHandler()->getCursorY()));
      |             ~~~~~~^~
      |                   .
/Users/zacharyzhang/Documents/GitHub/Earthcall/src/OurVerse/Tool.cpp:732:59: error: member reference type 'Core::Engine' is not a pointer; did you mean to use '.'?
  732 |             engine->begin2DToolDrag(type, glm::vec2(engine->getMouseHandler()->getCursorX(), engine->getMouseHandler()->getCursorY()));
      |                                                     ~~~~~~^~
      |                                                           .
/Users/zacharyzhang/Documents/GitHub/Earthcall/src/OurVerse/Tool.cpp:732:100: error: member reference type 'Core::Engine' is not a pointer; did you mean to use '.'?
  732 |             engine->begin2DToolDrag(type, glm::vec2(engine->getMouseHandler()->getCursorX(), engine->getMouseHandler()->getCursorY()));
      |                                                                                              ~~~~~~^~
      |                                                                                                    .
/Users/zacharyzhang/Documents/GitHub/Earthcall/src/OurVerse/Tool.cpp:734:40: error: member reference type 'Core::Engine' is not a pointer; did you mean to use '.'?
  734 |         else if (mouseLeftNow && engine->isMouseLeftPressedLast() && engine->is2DToolDragging(type))
      |                                  ~~~~~~^~
      |                                        .
/Users/zacharyzhang/Documents/GitHub/Earthcall/src/OurVerse/Tool.cpp:734:76: error: member reference type 'Core::Engine' is not a pointer; did you mean to use '.'?
  734 |         else if (mouseLeftNow && engine->isMouseLeftPressedLast() && engine->is2DToolDragging(type))
      |                                                                      ~~~~~~^~
      |                                                                            .
fatal error: too many errors emitted, stopping now [-ferror-limit=]
13 warnings and 20 errors generated.
make[3]: *** [CMakeFiles/earthcall_core.dir/src/OurVerse/Tool.cpp.o] Error 1
/Users/zacharyzhang/Documents/GitHub/Earthcall/src/Singularity/Core/EngineUpdate.cpp:194:15: error: redefinition of 'step'
  194 |         float step = 60.0f * dt;
      |               ^
/Users/zacharyzhang/Documents/GitHub/Earthcall/src/Singularity/Core/EngineUpdate.cpp:179:19: note: previous definition is here
  179 |             float step = 0.1f;
      |                   ^
/Users/zacharyzhang/Documents/GitHub/Earthcall/src/Singularity/Core/EngineUpdate.cpp:198:37: error: no member named 'rotation' in 'Core::Engine::DummyBrush'
  198 |         glm::vec3 rotation = _brush.rotation;
      |                              ~~~~~~ ^
/Users/zacharyzhang/Documents/GitHub/Earthcall/src/Singularity/Core/EngineUpdate.cpp:210:16: error: no member named 'rotation' in 'Core::Engine::DummyBrush'
  210 |         _brush.rotation = rotation;
      |         ~~~~~~ ^
/Users/zacharyzhang/Documents/GitHub/Earthcall/src/Singularity/Core/EngineUpdate.cpp:242:9: error: expected expression
  242 |         }
      |         ^
/Users/zacharyzhang/Documents/GitHub/Earthcall/src/Singularity/Core/EngineUpdate.cpp:273:17: error: use of undeclared identifier 'currentToolType'
  273 |             if (currentToolType == Tool::Type::Brush) {
      |                 ^~~~~~~~~~~~~~~
/Users/zacharyzhang/Documents/GitHub/Earthcall/src/Singularity/Core/EngineUpdate.cpp:275:22: warning: unused variable 'shiftPressed' [-Wunused-variable]
  275 |                 bool shiftPressed = glfwGetKey(_window, GLFW_KEY_LEFT_SHIFT) == GLFW_PRESS ||
      |                      ^~~~~~~~~~~~
/Users/zacharyzhang/Documents/GitHub/Earthcall/src/Singularity/Core/EngineUpdate.cpp:308:25: error: use of undeclared identifier 'currentToolType'
  308 |                     if (currentToolType != lastToolType) {
      |                         ^~~~~~~~~~~~~~~
In file included from /Users/zacharyzhang/Documents/GitHub/Earthcall/src/Singularity/Network/WebSocketServer.cpp:8:
In file included from /Users/zacharyzhang/Documents/GitHub/Earthcall/build_ag/_deps/websocketpp-src/websocketpp/server.hpp:31:
In file included from /Users/zacharyzhang/Documents/GitHub/Earthcall/build_ag/_deps/websocketpp-src/websocketpp/roles/server_endpoint.hpp:31:
In file included from /Users/zacharyzhang/Documents/GitHub/Earthcall/build_ag/_deps/websocketpp-src/websocketpp/endpoint.hpp:31:
In file included from /Users/zacharyzhang/Documents/GitHub/Earthcall/build_ag/_deps/websocketpp-src/websocketpp/connection.hpp:1640:
In file included from /Users/zacharyzhang/Documents/GitHub/Earthcall/build_ag/_deps/websocketpp-src/websocketpp/impl/connection_impl.hpp:31:
In file included from /Users/zacharyzhang/Documents/GitHub/Earthcall/build_ag/_deps/websocketpp-src/websocketpp/processors/hybi00.hpp:36:
/Users/zacharyzhang/Documents/GitHub/Earthcall/build_ag/_deps/websocketpp-src/websocketpp/common/md5.hpp:201:21: warning: performing pointer subtraction with a null pointer may have undefined behavior [-Wnull-pointer-subtraction]
  201 |         if (!((data - (md5_byte_t const *)0) & 3)) {
      |                     ^ ~~~~~~~~~~~~~~~~~~~~~
/Users/zacharyzhang/Documents/GitHub/Earthcall/src/Singularity/Core/EngineUpdate.cpp:310:40: error: use of undeclared identifier 'currentToolType'; did you mean '_currentTool'?
  310 |                         lastToolType = currentToolType;
      |                                        ^~~~~~~~~~~~~~~
      |                                        _currentTool
/Users/zacharyzhang/Documents/GitHub/Earthcall/src/Singularity/Core/Engine.hpp:143:9: note: '_currentTool' declared here
  143 |     int _currentTool = 0;
      |         ^
/Users/zacharyzhang/Documents/GitHub/Earthcall/src/Singularity/Core/EngineUpdate.cpp:310:40: error: assigning to 'Tool::Type' from incompatible type 'int'
  310 |                         lastToolType = currentToolType;
      |                                        ^~~~~~~~~~~~~~~
/Users/zacharyzhang/Documents/GitHub/Earthcall/src/Singularity/Core/EngineInit.cpp:152:52: warning: lambda capture 'this' is not used [-Wunused-lambda-capture]
  152 |     _mainMenu.addOption("Quick Save", GLFW_KEY_S, [this]() {  });
      |                                                    ^~~~
/Users/zacharyzhang/Documents/GitHub/Earthcall/src/Singularity/Core/EngineInit.cpp:153:52: warning: lambda capture 'this' is not used [-Wunused-lambda-capture]
  153 |     _mainMenu.addOption("Save As...", GLFW_KEY_A, [this]() { mgr.getSaveLoadState().showSaveWindow = true; });
      |                                                    ^~~~
/Users/zacharyzhang/Documents/GitHub/Earthcall/src/Singularity/Core/EngineInit.cpp:154:46: warning: lambda capture 'this' is not used [-Wunused-lambda-capture]
  154 |     _mainMenu.addOption("Load", GLFW_KEY_L, [this]() { mgr.updateSaveFiles(); mgr.getSaveLoadState().showLoadWindow = true; });
      |                                              ^~~~
/Users/zacharyzhang/Documents/GitHub/Earthcall/src/Singularity/Core/EngineInit.cpp:155:54: warning: lambda capture 'this' is not used [-Wunused-lambda-capture]
  155 |     _mainMenu.addOption("Save Manager", GLFW_KEY_G, [this]() { mgr.getSaveLoadState().showManager = true; });
      |                                                      ^~~~
/Users/zacharyzhang/Documents/GitHub/Earthcall/src/Singularity/Core/EngineUpdate.cpp:313:51: error: use of undeclared identifier 'currentToolType'; did you mean '_currentTool'?
  313 |                     Tool::use(_window, mgr, zone, cur/Users/zacharyzhang/Documents/GitHub/Earthcall/src/Singularity/Core/EngineInit.cpp:169:67: warning: lambda capture 'this' is not used [-Wunused-lambda-capture]
  169 |     _mainMenu.addOption("Charracter Architect FentToolorge", GLFType, *thiW_Ks);
      |                                                   ^~~~~~~~~~~~~~~
      |                                                   _currentTool
E/Users/zacharyzhang/Documents/GitHub/Earthcall/src/Singularity/Core/Engine.hpp:143:9: note: '_currentTool' declared here
  Y_C,143 |   [th   int _currentTool = 0;
      |         ^
is]() {
      |                                                                   ^~~~
/Users/zacharyzhang/Documents/GitHub/Earthcall/src/Singularity/Core/EngineUpdate.cpp:313:51: error: cannot initialize a parameter of type 'Type' with an lvalue of type 'int'
  313 |                     Tool::use(_window, mgr, zone, currentToolType, *this);
      |                                                   ^~~~~~~~~~~~~~~
/Users/zacharyzhang/Documents/GitHub/Earthcall/src/OurVerse/Tool.hpp:117:76: note: passing argument to parameter 'type' here
  117 |     static void use(GLFWwindow* window, ZoneManager& mgr, Zone& zone, Type type, Core::Engine& engine);
      |                                                                            ^
/Users/zacharyzhang/Documents/GitHub/Earthcall/src/Singularity/Core/EngineInit.cpp:241:61: warning: lambda capture 'this' is not used [-Wunused-lambda-capture]
  241 |     _keyboardHandler->bindKey(GLFW_KEY_F, "toggle_flight", [this]() {
      |                                                             ^~~~
/Users/zacharyzhang/Documents/GitHub/Earthcall/src/Singularity/Core/EngineInit.cpp:244:72: warning: lambda capture 'this' is not used [-Wunused-lambda-capture]
  244 |     _keyboardHandler->bindKey(GLFW_KEY_C, "switch_to_character_zone", [this]() {
      |                                                                        ^~~~
/Users/zacharyzhang/Documents/GitHub/Earthcall/src/Singularity/Core/EngineInit.cpp:255:67: warning: lambda capture 'this' is not used [-Wunused-lambda-capture]
  255 |     _keyboardHandler->bindKey(GLFW_KEY_F6, "toggle_gravity_viz", [this]() {
      |                                                                   ^~~~
/Users/zacharyzhang/Documents/GitHub/Earthcall/src/Singularity/Core/EngineUpdate.cpp:316:41: error: use of undeclared identifier 'zone'
  316 |                 Tool::use(_window, mgr, zone, currentToolType, *this);
      |                                         ^~~~
/Users/zacharyzhang/Documents/GitHub/Earthcall/src/Singularity/Core/EngineInit.cpp:259:69: warning: lambda capture 'this' is not used [-Wunused-lambda-capture]
  259 |     _keyboardHandler->bindKey(GLFW_KEY_F7, "toggle_gravity_field", [this]() {
      |                                                                     ^~~~
/Users/zacharyzhang/Documents/GitHub/Earthcall/src/Singularity/Core/EngineUpdate.cpp:316:47: error: use of undeclared identifier 'currentToolType'; did you mean '_currentTool'?
  316 |                 Tool::use(_window, mgr, zone, currentToolType, *this);
      |                                               ^~~~~~~~~~~~~~~
      |                                               _currentTool
/Users/zacharyzhang/Documents/GitHub/Earthcall/src/Singularity/Core/Engine.hpp:143:9: note: '_currentTool' declared here
  143 |     int _currentTool = 0;
      |         ^
/Users/zacharyzhang/Documents/GitHub/Earthcall/src/Singularity/Core/EngineUpdate.cpp:328:30: error: use of undeclared identifier 'toolTargets'
  328 |             collect3DTargets(toolTargets);
      |                              ^~~~~~~~~~~
/Users/zacharyzhang/Documents/GitHub/Earthcall/src/Singularity/Core/EngineUpdate.cpp:329:53: error: use of undeclared identifier 'toolTargets'
  329 |             Tool::Pottery3D(_window, this, mgr, dt, toolTargets, nullptr);
      |                                                     ^~~~~~~~~~~
/Users/zacharyzhang/Documents/GitHub/Earthcall/src/Singularity/Core/EngineUpdate.cpp:331:30: error: use of undeclared identifier 'toolTargets'
  331 |             collect3DTargets(toolTargets);
      |                              ^~~~~~~~~~~
/Users/zacharyzhang/Documents/GitHub/Earthcall/src/Singularity/Core/EngineUpdate.cpp:332:52: error: use of undeclared identifier 'toolTargets'
  332 |             Tool::Rotate3D(_window, this, mgr, dt, toolTargets, nullptr);
      |                                                    ^~~~~~~~~~~
/Users/zacharyzhang/Documents/GitHub/Earthcall/src/Singularity/Core/EngineUpdate.cpp:334:30: error: use of undeclared identifier 'toolTargets'
  334 |             collect3DTargets(toolTargets);
      |                              ^~~~~~~~~~~
/Users/zacharyzhang/Documents/GitHub/Earthcall/src/Singularity/Core/EngineUpdate.cpp:336:22: warning: unused variable 'extendSelection' [-Wunused-variable]
  336 |                 bool extendSelection =
      |                      ^~~~~~~~~~~~~~~
/Users/zacharyzhang/Documents/GitHub/Earthcall/src/Singularity/Core/EngineUpdate.cpp:350:46: error: use of undeclared identifier '_selectedFormation3D'; did you mean 'Ourverse::selectedFormation3D'?
  350 |                             static_cast<int>(_selectedFormation3D.getMembers().size()),
      |                                              ^~~~~~~~~~~~~~~~~~~~
      |                                              Ourverse::selectedFormation3D
/Users/zacharyzhang/Documents/GitHub/Earthcall/src/ZonesOfEarth/Ourverse/Ourverse.hpp:82:15: note: 'Ourverse::selectedFormation3D' declared here
   82 |     Formation selectedFormation3D;
      |               ^
/Users/zacharyzhang/Documents/GitHub/Earthcall/src/Singularity/Core/EngineUpdate.cpp:350:46: error: invalid use of non-static data member 'selectedFormation3D'
  350 |                             static_cast<int>(_selectedFormation3D.getMembers().size()),
      |                                              ^~~~~~~~~~~~~~~~~~~~
fatal error: too many errors emitted, stopping now [-ferror-limit=]
15 warnings and 20 errors generated.
make[3]: *** [CMakeFiles/earthcall_core.dir/src/Singularity/Core/EngineUpdate.cpp.o] Error 1
13 warnings and 16 errors generated.
make[3]: *** [CMakeFiles/earthcall_core.dir/src/Singularity/Core/EngineRender.cpp.o] Error 1
22 warnings generated.
3 warnings generated.
make[2]: *** [CMakeFiles/earthcall_core.dir/all] Error 2
make[1]: *** [CMakeFiles/earthcall.dir/rule] Error 2
make: *** [earthcall] Error 2
