[  8%] Built target glfw
[  8%] Building CXX object CMakeFiles/earthcall_core.dir/src/Integration/EarthcallAPI.cpp.o
[  8%] Building OBJCXX object CMakeFiles/earthcall_core.dir/src/Integration/RealWebView.cpp.o
[ 10%] Building CXX object CMakeFiles/earthcall_core.dir/src/OurVerse/Controls.cpp.o
[ 10%] Building CXX object CMakeFiles/earthcall_core.dir/src/Legacy/DesignSystem.cpp.o
[ 10%] Building CXX object CMakeFiles/earthcall_core.dir/src/OurVerse/ElementalToolHandler.cpp.o
[ 10%] Building CXX object CMakeFiles/earthcall_core.dir/src/OurVerse/CursorTools.cpp.o
[ 10%] Building CXX object CMakeFiles/earthcall_core.dir/src/Person/Body/BodyPart/Limb/Arm.cpp.o
[ 10%] Building CXX object CMakeFiles/earthcall_core.dir/src/OurVerse/Tool.cpp.o
In file included from /Users/zacharyzhang/Documents/GitHub/Earthcall/src/OurVerse/Controls.cpp:1:
/Users/zacharyzhang/Documents/GitHub/Earthcall/src/OurVerse/Controls.hpp:17:48: error: expected ')'
   17 |     void update(float dt, Core::Engine* engine game, GLFWwindow* window);
      |                                                ^
/Users/zacharyzhang/Documents/GitHub/Earthcall/src/OurVerse/Controls.hpp:17:16: note: to match this '('
   17 |     void update(float dt, Core::Engine* engine game, GLFWwindow* window);
      |                ^
/Users/zacharyzhang/Documents/GitHub/Earthcall/src/OurVerse/Controls.cpp:15:45: warning: unused parameter 'key' [-Wunused-parameter]
   15 | void ControlPanel::Controls::onKeyPress(int key, int action)
      |                                             ^
/Users/zacharyzhang/Documents/GitHub/Earthcall/src/OurVerse/Controls.cpp:27:68: error: expected ')'
   27 | void ControlPanel::Controls::update(float dt, Core::Engine* engine game, GLFWwindow* window) {
      |                                                                    ^
/Users/zacharyzhang/Documents/GitHub/Earthcall/src/OurVerse/Controls.cpp:27:36: note: to match this '('
   27 | void ControlPanel::Controls::update(float dt, Core::Engine* engine game, GLFWwindow* window) {
      |                                    ^
/Users/zacharyzhang/Documents/GitHub/Earthcall/src/OurVerse/Controls.cpp:27:43: warning: unused parameter 'dt' [-Wunused-parameter]
   27 | void ControlPanel::Controls::update(float dt, Core::Engine* engine game, GLFWwindow* window) {
      |                                           ^
/Users/zacharyzhang/Documents/GitHub/Earthcall/src/OurVerse/Controls.cpp:27:61: warning: unused parameter 'engine' [-Wunused-parameter]
   27 | void ControlPanel::Controls::update(float dt, Core::Engine* engine game, GLFWwindow* window) {
      |                                                             ^
3 warnings and 2 errors generated.
make[3]: *** [CMakeFiles/earthcall_core.dir/src/OurVerse/Controls.cpp.o] Error 1
make[3]: *** Waiting for unfinished jobs....
In file included from /Users/zacharyzhang/Documents/GitHub/Earthcall/src/OurVerse/Tool.cpp:1:
In file included from /Users/zacharyzhang/Documents/GitHub/Earthcall/src/OurVerse/Tool.hpp:5:
In file included from /Users/zacharyzhang/Documents/GitHub/Earthcall/src/ConstructedBeing/Object/Object.hpp:35:
/Users/zacharyzhang/Documents/GitHub/Earthcall/src/ConstructedBeing/Object/Object/PolyhedronData.hpp:12:1: warning: 'PolyhedronData' defined as a struct here but previously declared as a class; this is valid, but may result in linker errors under the Microsoft C++ ABI [-Wmismatched-tags]
   12 | struct PolyhedronData {
      | ^
/Users/zacharyzhang/Documents/GitHub/Earthcall/src/ConstructedBeing/Object/Object/ObjectTypes.hpp:24:1: note: did you mean struct here?
   24 | class PolyhedronData;
      | ^~~~~
      | struct
In file included from /Users/zacharyzhang/Documents/GitHub/Earthcall/src/Person/Body/BodyPart/Limb/Arm.cpp:1:
In file included from /Users/zacharyzhang/Documents/GitHub/Earthcall/src/Person/Body/BodyPart/Limb/Arm.hpp:2:
In file included from /Users/zacharyzhang/Documents/GitHub/Earthcall/src/Person/Body/BodyPart/Limb/../Limb.hpp:2:
In file included from /Users/zacharyzhang/Documents/GitHub/Earthcall/src/Person/Body/BodyPart/Limb/../BodyPart.hpp:6:
In file included from /Users/zacharyzhang/Documents/GitHub/Earthcall/src/ConstructedBeing/Object/Object.hpp:35:
/Users/zacharyzhang/Documents/GitHub/Earthcall/src/ConstructedBeing/Object/Object/PolyhedronData.hpp:12:1: warning: 'PolyhedronData' defined as a struct here but previously declared as a class; this is valid, but may result in linker errors under the Microsoft C++ ABI [-Wmismatched-tags]
   12 | struct PolyhedronData {
      | ^
/Users/zacharyzhang/Documents/GitHub/Earthcall/src/ConstructedBeing/Object/Object/ObjectTypes.hpp:24:1: note: did you mean struct here?
   24 | class PolyhedronData;
      | ^~~~~
      | struct
In file included from /Users/zacharyzhang/Documents/GitHub/Earthcall/src/OurVerse/Tool.cpp:1:
In file included from /Users/zacharyzhang/Documents/GitHub/Earthcall/src/OurVerse/Tool.hpp:5:
In file included from /Users/zacharyzhang/Documents/GitHub/Earthcall/src/ConstructedBeing/Object/Object.hpp:36:
In file included from /Users/zacharyzhang/Documents/GitHub/Earthcall/src/ConstructedBeing/Object/Object/FaceTexture.hpp:3:
In file included from /Users/zacharyzhang/Documents/GitHub/Earthcall/src/Rendering/Renderer.hpp:4:
/Users/zacharyzhang/Documents/GitHub/Earthcall/src/ConstructedBeing/Object/Geometry/SmoothSurface.hpp:23:1: warning: 'TessMesh' defined as a struct here but previously declared as a class; this is valid, but may result in linker errors under the Microsoft C++ ABI [-Wmismatched-tags]
   23 | struct TessMesh {
      | ^
/Users/zacharyzhang/Documents/GitHub/Earthcall/src/ConstructedBeing/Object/Object/ObjectTypes.hpp:20:5: note: did you mean struct here?
   20 |     class TessMesh;
      |     ^~~~~
      |     struct
In file included from /Users/zacharyzhang/Documents/GitHub/Earthcall/src/OurVerse/Tool.cpp:1:
In file included from /Users/zacharyzhang/Documents/GitHub/Earthcall/src/OurVerse/Tool.hpp:5:
In file included from /Users/zacharyzhang/Documents/GitHub/Earthcall/src/ConstructedBeing/Object/Object.hpp:In file included from 36:
In file included from /Users/zacharyzhang/Documents/GitHub/Earthcall/src/ConstructedBeing/Object/Object/FaceTexture.hpp:3:
In file included from /Users/zacharyzhang/Documents/GitHub/Earthcall/src/Rendering/Renderer.hpp:4:
/Users/zacharyzhang/Documents/GitHub/Earthcall/src/ConstructedBeing/Object/Geometry/SmoothSurface.hpp:27:1: warning: 'SmoothSurfaceData' defined as a struct here but previously declared as a class; this is valid, but may result in linker errors under the Microsoft C++ ABI [-Wmismatched-tags]
   27 | st/Users/zacharyzhang/Documents/GitHub/Earthcall/src/OurVerse/CursorTools.cpp:3:
In file included from /Users/zacharyzhang/Documents/GitHub/Earthcall/src/ZonesOfEarth/ZoneManager.hpp:5:
In file included from /Users/zacharyzhang/Documents/GitHub/Earthcall/src/ZonesOfEarth/Zone/Zone.hpp:5:
In file included from /Users/zacharyzhang/Documents/GitHub/Earthcall/src/ZonesOfEarth/Zone/../World/World.hpp:5:
In file included from /Users/zacharyzhang/Documents/GitHub/Earthcall/src/ConstructedBeing/Object/Object.hpp:35:
/Users/zacharyzhang/Documents/GitHub/Earthcall/src/ConstructedBeing/Object/Object/PolyhedronData.hpp:12:1: warning: 'PolyhedronData' defined as a struct here but previously declared as a class; this is valid, but may result in linker errors under the Microsoft C++ ABI [-Wmismatched-tags]
   12 | struct PolyhedronData {
      | ^
ruct SmoIn file included from /Users/zacharyzhang/Documents/GitHub/Earthcall/src/Person/Body/BodyPart/Limb/Arm.cpp:1:
In file included from /Users/zacharyzhang/Documents/GitHub/Earthcall/src/Person/Body/BodyPart/Limb/Arm.hpp:2:
In file included from /Users/zacharyzhang/Documents/GitHub/Earthcall/src/Person/Body/BodyPart/Limb/../Limb.hpp:2:
In file included from /Users/zacharyzhang/Documents/GitHub/Earthcall/src/Person/Body/BodyPart/Limb/../BodyPart.hpp:6:
In file included from /Users/zacharyzhang/Documents/GitHub/Earthcall/src/ConstructedBeing/Object/Object.hpp:36:
In file included from /Users/zacharyzhang/Documents/GitHub/Earthcall/src/ConstructedBeing/Object/Object/FaceTexture.hpp:3:
In file included from /Users/zacharyzhang/Documents/GitHub/Earthcall/src/Rendering/Renderer.hpp:4:
/Users/zacharyzhang/Documents/GitHub/Earthcall/src/ConstructedBeing/Object/Geometry/SmoothSurface.hpp:23:1: warning: 'TessMesh' defined as a struct here but previously declared as a class; this is valid, but may result in linker errors under the Microsoft C++ ABI [-Wmismatched-tags]
   23 | strucothSturfaceData { TessMesh 
      | ^
{
/Users/zacharyzhang/Documents/GitHub/Earthcall/src/ConstructedBeing/Object/Object/ObjectTypes.hpp:24      | ^
:1: note: did you mean struct here?
/Users/zacharyzhang/Documents/GitHub/Earthcall/src/ConstructedBeing/Object/Object/ObjectTypes.hpp/Users/zacharyzhang/Documents/GitHub/Earthcall/src/ConstructedBeing/Object/Object/ObjectTypes.hpp:20:5: note: did you mean struct here?
   20 |     class TessMesh;
      |     ^~~~~
      |     struct
:17:5: note: did you mean struct here?
      24 | cla17 |   ss Po  class lyhedronDataSmoothSurfaceData;
      | ^~~~~
;      | struct

      |     ^~~~~
      |     struct
In file included from /Users/zacharyzhang/Documents/GitHub/Earthcall/src/OurVerse/Tool.cpp:1:
In file included from /Users/zacharyzhang/Documents/GitHub/Earthcall/src/OurVerse/Tool.hpp:5:
In file included from /Users/zacharyzhang/Documents/GitHub/Earthcall/src/ConstructedBeing/Object/Object.hpp:36:
In file included from /Users/zacharyzhang/Documents/GitHub/Earthcall/src/ConstructedBeing/Object/Object/FaceTexture.hpp:3:
/Users/zacharyzhang/Documents/GitHub/Earthcall/src/Rendering/Renderer.hpp:10:18: warning: struct 'SdfNode' was previously declared as a class; this is valid, but may result in linker errors under the Microsoft C++ ABI [-Wmismatched-tags]
   10 | namespace geom { struct SdfNode; class FieldNode; }
      |                  ^
/Users/zacharyzhang/Documents/GitHub/Earthcall/src/ConstructedBeing/Object/Object/ObjectTypes.hpp:19:11: note: previous use is here
   19 |     class SdfNode;
      |           ^
In file included from /Users/zacharyzhang/Documents/GitHub/Earthcall/src/Person/Body/BodyPart/Limb/Arm.cpp:1:
In file included from /Users/zacharyzhang/Documents/GitHub/Earthcall/src/Person/Body/BodyPart/Limb/Arm.hpp:2:
In file included from /Users/zacharyzhang/Documents/GitHub/Earthcall/src/Person/Body/BodyPart/Limb/../Limb.hpp:2:
In file included from /Users/zacharyzhang/Documents/GitHub/Earthcall/src/Person/Body/BodyPart/Limb/../BodyPart.hpp:6:
In file included from /Users/zacharyzhang/Documents/GitHub/Earthcall/src/ConstructedBeing/Object/Object.hpp:36:
In file included from /Users/zacharyzhang/Documents/GitHub/Earthcall/src/ConstructedBeing/Object/Object/FaceTexture.hpp:3:
In file included from /Users/zacharyzhang/Documents/GitHub/Earthcall/src/Rendering/Renderer.hpp:4:
/Users/zacharyzhang/Documents/GitHub/Earthcall/src/ConstructedBeing/Object/Geometry/SmoothSurface.hpp:27:1: warning: 'SmoothSurfaceData' defined as a struct here but previously declared as a class; this is valid, but may result in linker errors under the Microsoft C++ ABI [-Wmismatched-tags]
   27 | struct SmoothSurfaceData {
      | ^
/Users/zacharyzhang/Documents/GitHub/Earthcall/src/ConstructedBeing/Object/Object/ObjectTypes.hpp:17:5: note: did you mean struct here?
   17 |     class SmoothSurfaceData;
      |     ^~~~~
      |     struct
In file included from /Users/zacharyzhang/Documents/GitHub/Earthcall/src/Person/Body/BodyPart/Limb/Arm.cpp:1:
In file included from /Users/zacharyzhang/Documents/GitHub/Earthcall/src/Person/Body/BodyPart/Limb/Arm.hpp:2:
In file included from /Users/zacharyzhang/Documents/GitHub/Earthcall/src/Person/Body/BodyPart/Limb/../Limb.hpp:2:
In file included from /Users/zacharyzhang/Documents/GitHub/Earthcall/src/Person/Body/BodyPart/Limb/../BodyPart.hpp:6:
In file included from /Users/zacharyzhang/Documents/GitHub/Earthcall/src/ConstructedBeing/Object/Object.hpp:36:
In file included from /Users/zacharyzhang/Documents/GitHub/Earthcall/src/ConstructedBeing/Object/Object/FaceTexture.hpp:3:
/Users/zacharyzhang/Documents/GitHub/Earthcall/src/Rendering/Renderer.hpp:10:18: warning: struct 'SdfNode' was previously declared as a class; this is valid, but may result in linker errors under the Microsoft C++ ABI [-Wmismatched-tags]
   10 | namespace geom { struct SdfNode; class FieldNode; }
      |                  ^
/Users/zacharyzhang/Documents/GitHub/Earthcall/src/ConstructedBeing/Object/Object/ObjectTypes.hpp:19:11: note: previous use is here
   19 |     class SdfNode;
      |           ^
In file included from /Users/zacharyzhang/Documents/GitHub/Earthcall/src/OurVerse/Tool.cpp:1:
In file included from /Users/zacharyzhang/Documents/GitHub/Earthcall/src/OurVerse/Tool.hpp:5:
In file included from /Users/zacharyzhang/Documents/GitHub/Earthcall/src/ConstructedBeing/Object/Object.hpp:39:
/Users/zacharyzhang/Documents/GitHub/Earthcall/src/ConstructedBeing/Object/Geometry/ComplexShape.hpp:70:1: warning: 'ComplexShapeData' defined as a struct here but previously declared as a class; this is valid, but may result in linker errors under the Microsoft C++ ABI [-Wmismatched-tags]
   70 | struct ComplexShapeData {
      | ^
/Users/zacharyzhang/Documents/GitHub/Earthcall/src/ConstructedBeing/Object/Object/ObjectTypes.hpp:18:5: note: did you mean struct here?
   18 |     class ComplexShapeData;
      |     ^~~~~
      |     struct
In file included from /Users/zacharyzhang/Documents/GitHub/Earthcall/src/OurVerse/CursorTools.cpp:3:
In file included from /Users/zacharyzhang/Documents/GitHub/Earthcall/src/ZonesOfEarth/ZoneManager.hpp:5:
In file included from /Users/zacharyzhang/Documents/GitHub/Earthcall/src/ZonesOfEarth/Zone/Zone.hpp:5:
In file included from /Users/zacharyzhang/Documents/GitHub/Earthcall/src/ZonesOfEarth/Zone/../World/World.hpp:5:
In file included from /Users/zacharyzhang/Documents/GitHub/Earthcall/src/ConstructedBeing/Object/Object.hpp:36:
In file included from /Users/zacharyzhang/Documents/GitHub/Earthcall/src/ConstructedBeing/Object/Object/FaceTexture.hpp:3:
In file included from /Users/zacharyzhang/Documents/GitHub/Earthcall/src/Rendering/Renderer.hpp:4:
/Users/zacharyzhang/Documents/GitHub/Earthcall/src/ConstructedBeing/Object/Geometry/SmoothSurface.hpp:23:1: warning: 'TessMesh' defined as a struct here but previously declared as a class; this is valid, but may result in linker errors under the Microsoft C++ ABI [-Wmismatched-tags]
   23 | struct TessMesh {
      | ^
/Users/zacharyzhang/Documents/GitHub/Earthcall/src/ConstructedBeing/Object/Object/ObjectTypes.hpp:20:5: note: did you mean struct here?
   20 |     class TessMesh;
      |     ^~~~~
      |     struct
In file included from /Users/zacharyzhang/Documents/GitHub/Earthcall/src/OurVerse/Tool.cpp:1:
In file included from /Users/zacharyzhang/Documents/GitHub/Earthcall/src/OurVerse/Tool.hpp:5:
In file included from /Users/zacharyzhang/Documents/GitHub/Earthcall/src/ConstructedBeing/Object/Object.hpp:40:
/Users/zacharyzhang/Documents/GitHub/Earthcall/src/ConstructedBeing/Object/Geometry/Sdf.hpp:46:1: warning: 'SdfNode' defined as a struct here but previously declared as a class; this is valid, but may result in linker errors under the Microsoft C++ ABI [-Wmismatched-tags]
   46 | struct SdfNode {
      | ^
/Users/zacharyzhang/Documents/GitHub/Earthcall/src/ConstructedBeing/Object/Object/ObjectTypes.hpp:19:5: note: did you mean struct here?
   19 |     class SdfNode;
      |     ^~~~~
      |     struct
In file included from /Users/zacharyzhang/Documents/GitHub/Earthcall/src/Person/Body/BodyPart/Limb/Arm.cpp:1:
In file included from /Users/zacharyzhang/Documents/GitHub/Earthcall/src/Person/Body/BodyPart/Limb/Arm.hpp:2:
In file included from /Users/zacharyzhang/Documents/GitHub/Earthcall/src/Person/Body/BodyPart/Limb/../Limb.hpp:2:
In file included from /Users/zacharyzhang/Documents/GitHub/Earthcall/src/Person/Body/BodyPart/Limb/../BodyPart.hpp:6:
In file included from /Users/zacharyzhang/Documents/GitHub/Earthcall/src/ConstructedBeing/Object/Object.hpp:39:
/Users/zacharyzhang/Documents/GitHub/Earthcall/src/ConstructedBeing/Object/Geometry/ComplexShape.hpp:70:1: warning: 'ComplexShapeData' defined as a struct here but previously declared as a class; this is valid, but may result in linker errors under the Microsoft C++ ABI [-Wmismatched-tags]
   70 | struct ComplexShapeData {
      | ^
/Users/zacharyzhang/Documents/GitHub/Earthcall/src/ConstructedBeing/Object/Object/ObjectTypes.hpp:18:5: note: did you mean struct here?
   18 |     class ComplexShapeData;
      |     ^~~~~
      |     struct
In file included from /Users/zacharyzhang/Documents/GitHub/Earthcall/src/OurVerse/CursorTools.cpp:3:
In file included from /Users/zacharyzhang/Documents/GitHub/Earthcall/src/ZonesOfEarth/ZoneManager.hpp:5:
In file included from /Users/zacharyzhang/Documents/GitHub/Earthcall/src/ZonesOfEarth/Zone/Zone.hpp:5:
In file included from /Users/zacharyzhang/Documents/GitHub/Earthcall/src/ZonesOfEarth/Zone/../World/World.hpp:5:
In file included from /Users/zacharyzhang/Documents/GitHub/Earthcall/src/ConstructedBeing/Object/Object.hpp:36:
In file included from /Users/zacharyzhang/Documents/GitHub/Earthcall/src/ConstructedBeing/Object/Object/FaceTexture.hpp:3:
In file included from /Users/zacharyzhang/Documents/GitHub/Earthcall/src/Rendering/Renderer.hpp:4:
/Users/zacharyzhang/Documents/GitHub/Earthcall/src/ConstructedBeing/Object/Geometry/SmoothSurface.hpp:27:1: warning: 'SmoothSurfaceData' defined as a struct here but previously declared as a class; this is valid, but may result in linker errors under the Microsoft C++ ABI [-Wmismatched-tags]
   27 | struct SmoothSurfaceData {
      | ^
/Users/zacharyzhang/Documents/GitHub/Earthcall/src/ConstructedBeing/Object/Object/ObjectTypes.hpp:17:5: note: did you mean struct here?
   17 |     class SmoothSurfaceData;
      |     ^~~~~
      |     struct
In file included from /Users/zacharyzhang/Documents/GitHub/Earthcall/src/OurVerse/CursorTools.cpp:3:
In file included from /Users/zacharyzhang/Documents/GitHub/Earthcall/src/ZonesOfEarth/ZoneManager.hpp:5:
In file included from /Users/zacharyzhang/Documents/GitHub/Earthcall/src/ZonesOfEarth/Zone/Zone.hpp:5:
In file included from /Users/zacharyzhang/Documents/GitHub/Earthcall/src/ZonesOfEarth/Zone/../World/World.hpp:5:
In file included from /Users/zacharyzhang/Documents/GitHub/Earthcall/src/ConstructedBeing/Object/Object.hpp:36:
In file included from /Users/zacharyzhang/Documents/GitHub/Earthcall/src/ConstructedBeing/Object/Object/FaceTexture.hpp:3:
/Users/zacharyzhang/Documents/GitHub/Earthcall/src/Rendering/Renderer.hpp:10:18: warning: struct 'SdfNode' was previously declared as a class; this is valid, but may result in linker errors under the Microsoft C++ ABI [-Wmismatched-tags]
   10 | namespace geom { struct SdfNode; class FieldNode; }
      |                  ^
/Users/zacharyzhang/Documents/GitHub/Earthcall/src/ConstructedBeing/Object/Object/ObjectTypes.hpp:19:11: note: previous use is here
   19 |     class SdfNode;
      |           ^
In file included from /Users/zacharyzhang/Documents/GitHub/Earthcall/src/Person/Body/BodyPart/Limb/Arm.cpp:1:
In file included from /Users/zacharyzhang/Documents/GitHub/Earthcall/src/Person/Body/BodyPart/Limb/Arm.hpp:2:
In file included from /Users/zacharyzhang/Documents/GitHub/Earthcall/src/Person/Body/BodyPart/Limb/../Limb.hpp:2:
In file included from /Users/zacharyzhang/Documents/GitHub/Earthcall/src/Person/Body/BodyPart/Limb/../BodyPart.hpp:6:
In file included from /Users/zacharyzhang/Documents/GitHub/Earthcall/src/ConstructedBeing/Object/Object.hpp:40:
/Users/zacharyzhang/Documents/GitHub/Earthcall/src/ConstructedBeing/Object/Geometry/Sdf.hpp:46:1: warning: 'SdfNode' defined as a struct here but previously declared as a class; this is valid, but may result in linker errors under the Microsoft C++ ABI [-Wmismatched-tags]
   46 | struct SdfNode {
      | ^
/Users/zacharyzhang/Documents/GitHub/Earthcall/src/ConstructedBeing/Object/Object/ObjectTypes.hpp:19:5: note: did you mean struct here?
   19 |     class SdfNode;
      |     ^~~~~
      |     struct
In file included from /Users/zacharyzhang/Documents/GitHub/Earthcall/src/OurVerse/ElementalToolHandler.cpp:1:
In file included from /Users/zacharyzhang/Documents/GitHub/Earthcall/src/OurVerse/ElementalToolHandler.hpp:3:
In file included from /Users/zacharyzhang/Documents/GitHub/Earthcall/src/ZonesOfEarth/ZoneManager.hpp:5:
In file included from /Users/zacharyzhang/Documents/GitHub/Earthcall/src/ZonesOfEarth/Zone/Zone.hpp:5:
In file included from /Users/zacharyzhang/Documents/GitHub/Earthcall/src/ZonesOfEarth/Zone/../World/World.hpp:5:
In file included from /Users/zacharyzhang/Documents/GitHub/Earthcall/src/ConstructedBeing/Object/Object.hpp:35:
/Users/zacharyzhang/Documents/GitHub/Earthcall/src/ConstructedBeing/Object/Object/PolyhedronData.hpp:12:1: warning: 'PolyhedronData' defined as a struct here but previously declared as a class; this is valid, but may result in linker errors under the Microsoft C++ ABI [-Wmismatched-tags]
   12 | struct PolyhedronData {
      | ^
/Users/zacharyzhang/Documents/GitHub/Earthcall/src/ConstructedBeing/Object/Object/ObjectTypes.hpp:24:1: note: did you mean struct here?
   24 | class PolyhedronData;
      | ^~~~~
      | struct
In file included from /Users/zacharyzhang/Documents/GitHub/Earthcall/src/OurVerse/Tool.cpp:1:
In file included from /Users/zacharyzhang/Documents/GitHub/Earthcall/src/OurVerse/Tool.hpp:5:
In file included from In file included from /Users/zacharyzhang/Documents/GitHub/Earthcall/src/ConstructedBeing/Object/Object.hpp:41:
/Users/zacharyzhang/Documents/GitHub/Earthcall/src/Person/Body/BodyPart/Limb/Arm.cpp:1:
In file included from /Users/zacharyzhang/Documents/GitHub/Earthcall/src/Person/Body/BodyPart/Limb/Arm.hpp:2:
In file included from /Users/zacharyzhang/Documents/GitHub/Earthcall/src/Person/Body/BodyPart/Limb/../Limb.hpp/Users/zacharyzhang/Documents/GitHub/Earthcall/src/ConstructedBeing/Object/Geometry/Patch.hpp:16:1: warning: 'BezierPatch' defined as a struct here but previously declared as a class; this is valid, but may result in linker errors under the Microsoft C++ ABI [-Wmismatched-tags]
:2   16 | struct Bezi:
In file included from erPatch {
      | ^
/Users/zacharyzhang/Documents/GitHub/Earthcall/src/Person/Body/BodyPart/Limb/../BodyPart.hpp:6:
In file included from /Users/zacharyzhang/Documents/GitHub/Earthcall/src/ConstructedBeing/Object/Object.hpp:41:
/Users/zacharyzhang/Documents/GitHub/Earthcall/src/ConstructedBeing/Object/Geometry/Patch.hpp:16:/Users/zacharyzhang/Documents/GitHub/Earthcall/src/ConstructedBeing/Object/Object/ObjectTypes.hpp:21:5: note: did you mean struct here?1: 
   21warning: 'BezierPatch' defined as a struct here but previously declared as a class; this is valid, but may result in linker errors under the Microsoft C++ ABI [-Wmismatched-tags]
   16 |   In file included from   c | lass BezierPatch;
      | s    ^~~~~
      tru/Users/zacharyzhang/Documents/GitHub/Earthcall/src/OurVerse/CursorTools.cpp| :3:
In file included from /Users/zacharyzhang/Documents/GitHub/Earthcall/src/ZonesOfEarth/ZoneManager.hpp:5:
In file included from ct     struct/Users/zacharyzhang/Documents/GitHub/Earthcall/src/ZonesOfEarth/Zone/Zone.hppBe:5z:

In file included from ierPa/Users/zacharyzhang/Documents/GitHub/Earthcall/src/ZonesOfEarth/Zone/../World/World.hpp:5:
In file included from /Users/zacharyzhang/Documents/GitHub/Earthcall/src/ConstructedBeing/Object/Object.hpp:39:
/Users/zacharyzhang/Documents/GitHub/Earthcall/src/ConstructedBeing/Object/Geometry/ComplexShape.hpp:70:1: warning: 'ComplexShapeData' defined as a struct here but previously declared as a class; this is valid, but may result in linker errors under the Microsoft C++ ABI [-Wmismatched-tags]
tch {
      | ^
   70 | stru/Users/zacharyzhang/Documents/GitHub/Earthcall/src/ConstructedBeing/Object/Object/ObjectTypes.hpp:21c:5: note: did you mean struct here?
t Com   21 |     class plexShapeData {
      | ^
BezierPatch;
      |     ^~~~~
      | /Users/zacharyzhang/Documents/GitHub/Earthcall/src/ConstructedBeing/Object/Object/ObjectTypes.hpp:    struct
18:5: note: did you mean struct here?
   18 |     class ComplexShapeData;
      |     ^~~~~
      |     struct
In file included from /Users/zacharyzhang/Documents/GitHub/Earthcall/src/OurVerse/CursorTools.cpp:3:
In file included from /Users/zacharyzhang/Documents/GitHub/Earthcall/src/ZonesOfEarth/ZoneManager.hpp:5:
In file included from /Users/zacharyzhang/Documents/GitHub/Earthcall/src/ZonesOfEarth/Zone/Zone.hpp:5:
In file included from /Users/zacharyzhang/Documents/GitHub/Earthcall/src/ZonesOfEarth/Zone/../World/World.hpp:5:
In file included from /Users/zacharyzhang/Documents/GitHub/Earthcall/src/ConstructedBeing/Object/Object.hpp:40:
/Users/zacharyzhang/Documents/GitHub/Earthcall/src/ConstructedBeing/Object/Geometry/Sdf.hpp:46:1: warning: 'SdfNode' defined as a struct here but previously declared as a class; this is valid, but may result in linker errors under the Microsoft C++ ABI [-Wmismatched-tags]
   46 | struct SdfNode {
      | ^
/Users/zacharyzhang/Documents/GitHub/Earthcall/src/ConstructedBeing/Object/Object/ObjectTypes.hpp:19:5: note: did you mean struct here?
   19 |     class SdfNode;
      |     ^~~~~
      |     struct
In file included from /Users/zacharyzhang/Documents/GitHub/Earthcall/src/Legacy/DesignSystem.cpp:1:
In file included from /Users/zacharyzhang/Documents/GitHub/Earthcall/src/Legacy/DesignSystem.hpp:9:
In file included from /Users/zacharyzhang/Documents/GitHub/Earthcall/src/OurVerse/Tool.hpp:5:
In file included from /Users/zacharyzhang/Documents/GitHub/Earthcall/src/ConstructedBeing/Object/Object.hpp:35:
/Users/zacharyzhang/Documents/GitHub/Earthcall/src/ConstructedBeing/Object/Object/PolyhedronData.hpp:12:1: warning: 'PolyhedronData' defined as a struct here but previously declared as a class; this is valid, but may result in linker errors under the Microsoft C++ ABI [-Wmismatched-tags]
   12 | struct PolyhedronData {
      | ^
/Users/zacharyzhang/Documents/GitHub/Earthcall/src/ConstructedBeing/Object/Object/ObjectTypes.hpp:24:1: note: did you mean struct here?
   24 | class PolyhedronData;
      | ^~~~~
      | struct
In file included from /Users/zacharyzhang/Documents/GitHub/Earthcall/src/OurVerse/CursorTools.cpp:3:
In file included from /Users/zacharyzhang/Documents/GitHub/Earthcall/src/ZonesOfEarth/ZoneManager.hpp:5:
In file included from /Users/zacharyzhang/Documents/GitHub/Earthcall/src/ZonesOfEarth/Zone/Zone.hpp:5:
In file included from /Users/zacharyzhang/Documents/GitHub/Earthcall/src/ZonesOfEarth/Zone/../World/World.hpp:5:
In file included from /Users/zacharyzhang/Documents/GitHub/Earthcall/src/ConstructedBeing/Object/Object.hpp:41:
/Users/zacharyzhang/Documents/GitHub/Earthcall/src/ConstructedBeing/Object/Geometry/Patch.hpp:16:1: warning: 'BezierPatch' defined as a struct here but previously declared as a class; this is valid, but may result in linker errors under the Microsoft C++ ABI [-Wmismatched-tags]
   16 | struct BezierPatch {
      | ^
/Users/zacharyzhang/Documents/GitHub/Earthcall/src/ConstructedBeing/Object/Object/ObjectTypes.hpp:21:5: note: did you mean struct here?
   21 |     class BezierPatch;
      |     ^~~~~
      |     struct
In file included from /Users/zacharyzhang/Documents/GitHub/Earthcall/src/Integration/EarthcallAPI.cpp:4:
In file included from /Users/zacharyzhang/Documents/GitHub/Earthcall/src/Legacy/DesignSystem.hpp:9:
In file included from /Users/zacharyzhang/Documents/GitHub/Earthcall/src/OurVerse/Tool.hpp:5:
In file included from /Users/zacharyzhang/Documents/GitHub/Earthcall/src/ConstructedBeing/Object/Object.hpp:35:
/Users/zacharyzhang/Documents/GitHub/Earthcall/src/ConstructedBeing/Object/Object/PolyhedronData.hpp:12:1: warning: 'PolyhedronData' defined as a struct here but previously declared as a class; this is valid, but may result in linker errors under the Microsoft C++ ABI [-Wmismatched-tags]
   12 | struct PolyhedronData {
      | ^
/Users/zacharyzhang/Documents/GitHub/Earthcall/src/ConstructedBeing/Object/Object/ObjectTypes.hpp:24:1: note: did you mean struct here?
   24 | class PolyhedronData;
      | ^~~~~
      | struct
In file included from /Users/zacharyzhang/Documents/GitHub/Earthcall/src/OurVerse/Tool.cpp:1:
/Users/zacharyzhang/Documents/GitHub/Earthcall/src/OurVerse/Tool.hpp:28:61: error: expected ')'
   28 | bool buildMouseRay(GLFWwindow* window, Core::Engine* engine game, glm::vec3& rayOrigin, glm::vec3& rayDir);
      |                                                             ^
/Users/zacharyzhang/Documents/GitHub/Earthcall/src/OurVerse/Tool.hpp:28:19: note: to match this '('
   28 | bool buildMouseRay(GLFWwindow* window, Core::Engine* engine game, glm::vec3& rayOrigin, glm::vec3& rayDir);
      |                   ^
/Users/zacharyzhang/Documents/GitHub/Earthcall/src/OurVerse/Tool.hpp:120:68: error: expected ')'
  120 |     static void Pottery3D(GLFWwindow* window, Core::Engine* engine game, ZoneManager& mgr, float dt,
      |                                                                    ^
/Users/zacharyzhang/Documents/GitHub/Earthcall/src/OurVerse/Tool.hpp:120:26: note: to match this '('
  120 |     static void Pottery3D(GLFWwindow* window, Core::Engine* engine game, ZoneManager& mgr, float dt,
      |                          ^
/Users/zacharyzhang/Documents/GitHub/Earthcall/src/OurVerse/Tool.hpp:122:67: error: expected ')'
  122 |     static void Rotate3D(GLFWwindow* window, Core::Engine* engine game, ZoneManager& mgr, float dt,
      |                                                                   ^
/Users/zacharyzhang/Documents/GitHub/Earthcall/src/OurVerse/Tool.hpp:122:25: note: to match this '('
  122 |     static void Rotate3D(GLFWwindow* window, Core::Engine* engine game, ZoneManager& mgr, float dt,
      |                         ^
/Users/zacharyzhang/Documents/GitHub/Earthcall/src/OurVerse/Tool.hpp:124:68: error: expected ')'
  124 |     static void FacePaint(GLFWwindow* window, Core::Engine* engine game, ZoneManager& mgr, float dt,
      |                                                                    ^
/Users/zacharyzhang/Documents/GitHub/Earthcall/src/OurVerse/Tool.hpp:124:26: note: to match this '('
  124 |     static void FacePaint(GLFWwindow* window, Core::Engine* engine game, ZoneManager& mgr, float dt,
      |                          ^
/Users/zacharyzhang/Documents/GitHub/Earthcall/src/OurVerse/Tool.hpp:126:68: error: expected ')'
  126 |     static void FaceBrush(GLFWwindow* window, Core::Engine* engine game, ZoneManager& mgr, float dt,
      |                                                                    ^
/Users/zacharyzhang/Documents/GitHub/Earthcall/src/OurVerse/Tool.hpp:126:26: note: to match this '('
  126 |     static void FaceBrush(GLFWwindow* window, Core::Engine* engine game, ZoneManager& mgr, float dt,
      |                          ^
/Users/zacharyzhang/Documents/GitHub/Earthcall/src/OurVerse/Tool.hpp:128:70: error: expected ')'
  128 |     static void Selection3D(GLFWwindow* window, Core::Engine* engine game,
      |                                                                      ^
/Users/zacharyzhang/Documents/GitHub/Earthcall/src/OurVerse/Tool.hpp:128:28: note: to match this '('
  128 |     static void Selection3D(GLFWwindow* window, Core::Engine* engine game,
      |                            ^
/Users/zacharyzhang/Documents/GitHub/Earthcall/src/OurVerse/Tool.hpp:133:74: error: expected ')'
  133 |     static Object* PickObject3D(GLFWwindow* window, Core::Engine* engine game,
      |                                                                          ^
/Users/zacharyzhang/Documents/GitHub/Earthcall/src/OurVerse/Tool.hpp:133:32: note: to match this '('
  133 |     static Object* PickObject3D(GLFWwindow* window, Core::Engine* engine game,
      |                                ^
In file included from /Users/zacharyzhang/Documents/GitHub/Earthcall/src/OurVerse/ElementalToolHandler.cpp:1:
In file included from /Users/zacharyzhang/Documents/GitHub/Earthcall/src/OurVerse/ElementalToolHandler.hpp:3:
In file included from /Users/zacharyzhang/Documents/GitHub/Earthcall/src/ZonesOfEarth/ZoneManager.hpp:5:
In file included from /Users/zacharyzhang/Documents/GitHub/Earthcall/src/ZonesOfEarth/Zone/Zone.hpp:5:
In file included from /Users/zacharyzhang/Documents/GitHub/Earthcall/src/ZonesOfEarth/Zone/../World/World.hpp:5:
In file included from /Users/zacharyzhang/Documents/GitHub/Earthcall/src/ConstructedBeing/Object/Object.hpp:36:
In file included from /Users/zacharyzhang/Documents/GitHub/Earthcall/src/ConstructedBeing/Object/Object/FaceTexture.hpp:3:
In file included from /Users/zacharyzhang/Documents/GitHub/Earthcall/src/Rendering/Renderer.hpp:4:
/Users/zacharyzhang/Documents/GitHub/Earthcall/src/ConstructedBeing/Object/Geometry/SmoothSurface.hpp:23:1: warning: 'TessMesh' defined as a struct here but previously declared as a class; this is valid, but may result in linker errors under the Microsoft C++ ABI [-Wmismatched-tags]
   23 | struct TessMesh {
      | ^
/Users/zacharyzhang/Documents/GitHub/Earthcall/src/ConstructedBeing/Object/Object/ObjectTypes.hpp:20:5: note: did you mean struct here?
   20 |     class TessMesh;
      |     ^~~~~
      |     struct
In file included from /Users/zacharyzhang/Documents/GitHub/Earthcall/src/OurVerse/ElementalToolHandler.cpp:1:
In file included from /Users/zacharyzhang/Documents/GitHub/Earthcall/src/OurVerse/ElementalToolHandler.hpp:3:
In file included from /Users/zacharyzhang/Documents/GitHub/Earthcall/src/ZonesOfEarth/ZoneManager.hpp:5:
In file included from /Users/zacharyzhang/Documents/GitHub/Earthcall/src/ZonesOfEarth/Zone/Zone.hpp:5:
In file included from /Users/zacharyzhang/Documents/GitHub/Earthcall/src/ZonesOfEarth/Zone/../World/World.hpp:5:
In file included from /Users/zacharyzhang/Documents/GitHub/Earthcall/src/ConstructedBeing/Object/Object.hpp:36:
In file included from /Users/zacharyzhang/Documents/GitHub/Earthcall/src/ConstructedBeing/Object/Object/FaceTexture.hpp:3:
In file included from /Users/zacharyzhang/Documents/GitHub/Earthcall/src/Rendering/Renderer.hpp:4:
/Users/zacharyzhang/Documents/GitHub/Earthcall/src/ConstructedBeing/Object/Geometry/SmoothSurface.hpp:27:1: warning: 'SmoothSurfaceData' defined as a struct here but previously declared as a class; this is valid, but may result in linker errors under the Microsoft C++ ABI [-Wmismatched-tags]
   27 | struct SmoothSurfaceData {
      | ^
/Users/zacharyzhang/Documents/GitHub/Earthcall/src/ConstructedBeing/Object/Object/ObjectTypes.hpp:17:5: note: did you mean struct here?
   17 |     class SmoothSurfaceData;
      |     ^~~~~
      |     struct
In file included from /Users/zacharyzhang/Documents/GitHub/Earthcall/src/OurVerse/ElementalToolHandler.cpp:1:
In file included from /Users/zacharyzhang/Documents/GitHub/Earthcall/src/OurVerse/ElementalToolHandler.hpp:3:
In file included from /Users/zacharyzhang/Documents/GitHub/Earthcall/src/ZonesOfEarth/ZoneManager.hpp:5:
In file included from /Users/zacharyzhang/Documents/GitHub/Earthcall/src/ZonesOfEarth/Zone/Zone.hpp:5:
In file included from /Users/zacharyzhang/Documents/GitHub/Earthcall/src/ZonesOfEarth/Zone/../World/World.hpp:5:
In file included from /Users/zacharyzhang/Documents/GitHub/Earthcall/src/ConstructedBeing/Object/Object.hpp:36:
In file included from /Users/zacharyzhang/Documents/GitHub/Earthcall/src/ConstructedBeing/Object/Object/FaceTexture.hpp:3:
/Users/zacharyzhang/Documents/GitHub/Earthcall/src/Rendering/Renderer.hpp:10:18: warning: struct 'SdfNode' was previously declared as a class; this is valid, but may result in linker errors under the Microsoft C++ ABI [-Wmismatched-tags]
   10 | namespace geom { struct SdfNode; class FieldNode; }
      |                  ^
/Users/zacharyzhang/Documents/GitHub/Earthcall/src/ConstructedBeing/Object/Object/ObjectTypes.hpp:19:11: note: previous use is here
   19 |     class SdfNode;
      |           ^
In file included from /Users/zacharyzhang/Documents/GitHub/Earthcall/src/Legacy/DesignSystem.cpp:1:
In file included from /Users/zacharyzhang/Documents/GitHub/Earthcall/src/Legacy/DesignSystem.hpp:9:
In file included from /Users/zacharyzhang/Documents/GitHub/Earthcall/src/OurVerse/Tool.hpp:5:
In file included from /Users/zacharyzhang/Documents/GitHub/Earthcall/src/ConstructedBeing/Object/Object.hpp:36:
In file included from /Users/zacharyzhang/Documents/GitHub/Earthcall/src/ConstructedBeing/Object/Object/FaceTexture.hpp:3:
In file included from /Users/zacharyzhang/Documents/GitHub/Earthcall/src/Rendering/Renderer.hpp:4:
/Users/zacharyzhang/Documents/GitHub/Earthcall/src/ConstructedBeing/Object/Geometry/SmoothSurface.hpp:23:1: warning: 'TessMesh' defined as a struct here but previously declared as a class; this is valid, but may result in linker errors under the Microsoft C++ ABI [-Wmismatched-tags]
   23 | struct TessMesh {
      | ^
/Users/zacharyzhang/Documents/GitHub/Earthcall/src/ConstructedBeing/Object/Object/ObjectTypes.hpp:20:5: note: did you mean struct here?
   20 |     class TessMesh;
      |     ^~~~~
      |     struct
In file included from /Users/zacharyzhang/Documents/GitHub/Earthcall/src/Legacy/DesignSystem.cpp:1:
In file included from /Users/zacharyzhang/Documents/GitHub/Earthcall/src/Legacy/DesignSystem.hpp:9:
In file included from /Users/zacharyzhang/Documents/GitHub/Earthcall/src/OurVerse/Tool.hpp:5:
In file included from /Users/zacharyzhang/Documents/GitHub/Earthcall/src/ConstructedBeing/Object/Object.hpp:36:
In file included from /Users/zacharyzhang/Documents/GitHub/Earthcall/src/ConstructedBeing/Object/Object/FaceTexture.hpp:3:
In file included from /Users/zacharyzhang/Documents/GitHub/Earthcall/src/Rendering/Renderer.hpp:4:
/Users/zacharyzhang/Documents/GitHub/Earthcall/src/ConstructedBeing/Object/Geometry/SmoothSurface.hpp:27:1: warning: 'SmoothSurfaceData' defined as a struct here but previously declared as a class; this is valid, but may result in linker errors under the Microsoft C++ ABI [-Wmismatched-tags]
   27 | struct SmoothSurfaceData {
      | ^
/Users/zacharyzhang/Documents/GitHub/Earthcall/src/ConstructedBeing/Object/Object/ObjectTypes.hpp:17:5: note: did you mean struct here?
   17 |     class SmoothSurfaceData;
      |     ^~~~~
      |     struct
In file included from /Users/zacharyzhang/Documents/GitHub/Earthcall/src/Legacy/DesignSystem.cpp:1:
In file included from /Users/zacharyzhang/Documents/GitHub/Earthcall/src/Legacy/DesignSystem.hpp:9:
In file included from /Users/zacharyzhang/Documents/GitHub/Earthcall/src/OurVerse/Tool.hpp:5:
In file included from /Users/zacharyzhang/Documents/GitHub/Earthcall/src/ConstructedBeing/Object/Object.hpp:36:
In file included from /Users/zacharyzhang/Documents/GitHub/Earthcall/src/ConstructedBeing/Object/Object/FaceTexture.hpp:3:
/Users/zacharyzhang/Documents/GitHub/Earthcall/src/Rendering/Renderer.hpp:10:18: warning: struct 'SdfNode' was previously declared as a class; this is valid, but may result in linker errors under the Microsoft C++ ABI [-Wmismatched-tags]
   10 | namespace geom { struct SdfNode; class FieldNode; }
      |                  ^
/Users/zacharyzhang/Documents/GitHub/Earthcall/src/ConstructedBeing/Object/Object/ObjectTypes.hpp:19:11: note: previous use is here
   19 |     class SdfNode;
      |           ^
In file included from /Users/zacharyzhang/Documents/GitHub/Earthcall/src/Integration/EarthcallAPI.cpp:4:
In file included from /Users/zacharyzhang/Documents/GitHub/Earthcall/src/Legacy/DesignSystem.hpp:9:
In file included from /Users/zacharyzhang/Documents/GitHub/Earthcall/src/OurVerse/Tool.hpp:5:
In file included from /Users/zacharyzhang/Documents/GitHub/Earthcall/src/ConstructedBeing/Object/Object.hpp:36:
In file included from /Users/zacharyzhang/Documents/GitHub/Earthcall/src/ConstructedBeing/Object/Object/FaceTexture.hpp:3:
In file included from /Users/zacharyzhang/Documents/GitHub/Earthcall/src/Rendering/Renderer.hpp:4:
/Users/zacharyzhang/Documents/GitHub/Earthcall/src/ConstructedBeing/Object/Geometry/SmoothSurface.hpp:23:1: warning: 'TessMesh' defined as a struct here but previously declared as a class; this is valid, but may result in linker errors under the Microsoft C++ ABI [-Wmismatched-tags]
   23 | struct TessMesh {
      | ^
/Users/zacharyzhang/Documents/GitHub/Earthcall/src/ConstructedBeing/Object/Object/ObjectTypes.hpp:20:5: note: did you mean struct here?
   20 |     class TessMesh;
      |     ^~~~~
      |     struct
In file included from /Users/zacharyzhang/Documents/GitHub/Earthcall/src/Integration/EarthcallAPI.cpp:4:
In file included from /Users/zacharyzhang/Documents/GitHub/Earthcall/src/Legacy/DesignSystem.hpp:9:
In file included from /Users/zacharyzhang/Documents/GitHub/Earthcall/src/OurVerse/Tool.hpp:5:
In file included from /Users/zacharyzhang/Documents/GitHub/Earthcall/src/ConstructedBeing/Object/Object.hpp:36:
In file included from /Users/zacharyzhang/Documents/GitHub/Earthcall/src/ConstructedBeing/Object/Object/FaceTexture.hpp:3:
In file included from /Users/zacharyzhang/Documents/GitHub/Earthcall/src/Rendering/Renderer.hpp:4:
/Users/zacharyzhang/Documents/GitHub/Earthcall/src/ConstructedBeing/Object/Geometry/SmoothSurface.hpp:27:1: warning: 'SmoothSurfaceData' defined as a struct here but previously declared as a class; this is valid, but may result in linker errors under the Microsoft C++ ABI [-Wmismatched-tags]
   27 | struct SmoothSurfaceData {
      | ^
/Users/zacharyzhang/Documents/GitHub/Earthcall/src/ConstructedBeing/Object/Object/ObjectTypes.hpp:17:5: note: did you mean struct here?
   17 |     class SmoothSurfaceData;
      |     ^~~~~
      |     struct
In file included from /Users/zacharyzhang/Documents/GitHub/Earthcall/src/Integration/EarthcallAPI.cpp:4:
In file included from /Users/zacharyzhang/Documents/GitHub/Earthcall/src/Legacy/DesignSystem.hpp:9:
In file included from /Users/zacharyzhang/Documents/GitHub/Earthcall/src/OurVerse/Tool.hppIn file included from :5:
In file included from /Users/zacharyzhang/Documents/GitHub/Earthcall/src/ConstructedBeing/Object/Object.hpp:/Users/zacharyzhang/Documents/GitHub/Earthcall/src/OurVerse/ElementalToolHandler.cpp36:
In file included from /Users/zacharyzhang/Documents/GitHub/Earthcall/src/ConstructedBeing/Object/Object/FaceTexture.hpp:3:
/Users/zacharyzhang/Documents/GitHub/Earthcall/src/Rendering/Renderer.hpp:10:18: warning: struct 'SdfNode' was previously declared as a class; this is valid, but may result in linker errors under the Microsoft C++ ABI [-Wmismatched-tags]
:1:
   10 | namespace geom { struct SdfNode; class FieldNode; }
      |                  ^
In file included from /Users/zacharyzhang/Documents/GitHub/Earthcall/src/OurVerse/ElementalToolHandler.hpp:3:
In file included from /Users/zacharyzhang/Documents/GitHub/Earthcall/src/ZonesOfEarth/ZoneManager.hpp:5:
In file included from /Users/zacharyzhang/Documents/GitHub/Earthcall/src/ZonesOfEarth/Zone/Zone.hpp:5:
/Users/zacharyzhang/Documents/GitHub/Earthcall/src/ConstructedBeing/Object/Object/ObjectTypes.hpp:19:11: note: previous use is here
In file included from /Users/zacharyzhang/Documents/GitHub/Earthcall/src/ZonesOfEarth/Zone/../World/World.hpp:5:
In file included from /Users/zacharyzhang/Documents/GitHub/Earthcall/src/ConstructedBeing/Object/Object.hpp:39:
/Users/zacharyzhang/Documents/GitHub/Earthcall/src/ConstructedBeing/Object/Geometry/ComplexShape.hpp:70:   19 |     class Sdf1: warning: 'ComplexShapeData' defined as a struct here but previously declared as a class; this is valid, but may result in linker errors under the Microsoft C++ ABI [-Wmismatched-tags]
Node;
      |           ^
   70 | struct ComplexShapeData {
      | ^
/Users/zacharyzhang/Documents/GitHub/Earthcall/src/ConstructedBeing/Object/Object/ObjectTypes.hpp:18:5: note: did you mean struct here?
   18 |     class ComplexShapeData;
      |     ^~~~~
      |     struct
In file included from /Users/zacharyzhang/Documents/GitHub/Earthcall/src/Legacy/DesignSystem.cpp:1:
In file included from /Users/zacharyzhang/Documents/GitHub/Earthcall/src/Legacy/DesignSystem.hpp:9:
In file included from /Users/zacharyzhang/Documents/GitHub/Earthcall/src/OurVerse/Tool.hpp:5:
In file included from /Users/zacharyzhang/Documents/GitHub/Earthcall/src/ConstructedBeing/Object/Object.hpp:39:
/Users/zacharyzhang/Documents/GitHub/Earthcall/src/ConstructedBeing/Object/Geometry/ComplexShape.hpp:70:1: warning: 'ComplexShapeData' defined as a struct here but previously declared as a class; this is valid, but may result in linker errors under the Microsoft C++ ABI [-Wmismatched-tags]
   70 | struct ComplexShapeData {
      | ^
/Users/zacharyzhang/Documents/GitHub/Earthcall/src/ConstructedBeing/Object/Object/ObjectTypes.hpp:18:5: note: did you mean struct here?
   18 |     class ComplexShapeData;
      |     ^~~~~
      |     struct
In file included from /Users/zacharyzhang/Documents/GitHub/Earthcall/src/Integration/EarthcallAPI.cpp:4:
In file included from /Users/zacharyzhang/Documents/GitHub/Earthcall/src/Legacy/DesignSystem.hpp:9:
In file included from /Users/zacharyzhang/Documents/GitHub/Earthcall/src/OurVerse/Tool.hpp:5:
In file included from /Users/zacharyzhang/Documents/GitHub/Earthcall/src/ConstructedBeing/Object/Object.hpp:39:
/Users/zacharyzhang/Documents/GitHub/Earthcall/src/ConstructedBeing/Object/Geometry/ComplexShape.hpp:70:1: warning: 'ComplexShapeData' defined as a struct here but previously declared as a class; this is valid, but may result in linker errors under the Microsoft C++ ABI [-Wmismatched-tags]
   70 | struct ComplexShapeData {
      | ^
/Users/zacharyzhang/Documents/GitHub/Earthcall/src/ConstructedBeing/Object/Object/ObjectTypes.hpp:18:5: note: did you mean struct here?
   18 |     class ComplexShapeData;
      |     ^~~~~
      |     struct
In file included from /Users/zacharyzhang/Documents/GitHub/Earthcall/src/Legacy/DesignSystem.cpp:1:
In file included from /Users/zacharyzhang/Documents/GitHub/Earthcall/src/Legacy/DesignSystem.hpp:9:
In file included from /Users/zacharyzhang/Documents/GitHub/Earthcall/src/OurVerse/Tool.hpp:5:
In file included from /Users/zacharyzhang/Documents/GitHub/Earthcall/src/ConstructedBeing/Object/Object.hpp:40:
/Users/zacharyzhang/Documents/GitHub/Earthcall/src/ConstructedBeing/Object/Geometry/Sdf.hpp:46:1: warning: 'SdfNode' defined as a struct here but previously declared as a class; this is valid, but may result in linker errors under the Microsoft C++ ABI [-Wmismatched-tags]
   46 | struct SdfNode {
      | ^
/Users/zacharyzhang/Documents/GitHub/Earthcall/src/ConstructedBeing/Object/Object/ObjectTypes.hpp:19:5: note: did you mean struct here?
   19 |     clIn file included from /Users/zacharyzhang/Documents/GitHub/Earthcall/src/OurVerse/ElementalToolHandler.cpp:1ass SdfNode;
      | :
In file included from /Users/zacharyzhang/Documents/GitHub/Earthcall/src/OurVerse/ElementalToolHandler.hpp:3:
In file included from /Users/zacharyzhang/Documents/GitHub/Earthcall/src/ZonesOfEarth/ZoneManager.hpp:5:
In file included from /Users/zacharyzhang/Documents/GitHub/Earthcall/src/ZonesOfEarth/Zone/Zone.hpp    ^~~~~
      |     struct
:5:
In file included from /Users/zacharyzhang/Documents/GitHub/Earthcall/src/ZonesOfEarth/Zone/../World/World.hpp:5:
In file included from /Users/zacharyzhang/Documents/GitHub/Earthcall/src/ConstructedBeing/Object/Object.hpp:40:
/Users/zacharyzhang/Documents/GitHub/Earthcall/src/ConstructedBeing/Object/Geometry/Sdf.hpp:46:1: warning: 'SdfNode' defined as a struct here but previously declared as a class; this is valid, but may result in linker errors under the Microsoft C++ ABI [-Wmismatched-tags]
   46 | struct SdfNode {
      | ^
/Users/zacharyzhang/Documents/GitHub/Earthcall/src/ConstructedBeing/Object/Object/ObjectTypes.hpp:19:5: note: did you mean struct here?
   19 |     class SdfNode;
      |     ^~~~~
      |     struct
In file included from /Users/zacharyzhang/Documents/GitHub/Earthcall/src/OurVerse/CursorTools.cpp:3:
In file included from /Users/zacharyzhang/Documents/GitHub/Earthcall/src/ZonesOfEarth/ZoneManager.hpp:5:
In file included from /Users/zacharyzhang/Documents/GitHub/Earthcall/src/ZonesOfEarth/Zone/Zone.hpp:10:
In file included from /Users/zacharyzhang/Documents/GitHub/Earthcall/src/Legacy/DesignSystem.hpp:9:
/Users/zacharyzhang/Documents/GitHub/Earthcall/src/OurVerse/Tool.hpp:28:61: error: expected ')'
   28 | bool buildMouseRay(GLFWwindow* window, Core::Engine* engine game, glm::vec3& rayOrigin, glm::vec3& rayDir);
      |                                                             ^
/Users/zacharyzhang/Documents/GitHub/Earthcall/src/OurVerse/Tool.hpp:28:19: note: to match this '('
   28 | bool buildMouseRay(GLFWwindow* window, Core::Engine* engine game, glm::vec3& rayOrigin, glm::vec3& rayDir);
      |                   ^
/Users/zacharyzhang/Documents/GitHub/Earthcall/src/OurVerse/Tool.hpp:120:68: error: expected ')'
  120 |     static void Pottery3D(GLFWwindow* window, Core::Engine* engine game, ZoneManager& mgr, float dt,
      |                                                                    ^
/Users/zacharyzhang/Documents/GitHub/Earthcall/src/OurVerse/Tool.hpp:120:26: note: to match this '('
  120 |     static void Pottery3D(GLFWwindow* window, Core::Engine* engine game, ZoneManager& mgr, float dt,
      |                          ^
/Users/zacharyzhang/Documents/GitHub/Earthcall/src/OurVerse/Tool.hpp:122:67: error: expected ')'
  122 |     static void Rotate3D(GLFWwindow* window, Core::Engine* engine game, ZoneManager& mgr, float dt,
      |                                                                   ^
/Users/zacharyzhang/Documents/GitHub/Earthcall/src/OurVerse/Tool.hpp:122:25: note: to match this '('
  122 |     static void Rotate3D(GLFWwindow* window, Core::Engine* engine game, ZoneManager& mgr, float dt,
      |                         ^
/Users/zacharyzhang/Documents/GitHub/Earthcall/src/OurVerse/Tool.hpp:124:68: error: expected ')'
  124In file included from /Users/zacharyzhang/Documents/GitHub/Earthcall/src/Integration/EarthcallAPI.cpp:4:
In file included from /Users/zacharyzhang/Documents/GitHub/Earthcall/src/Legacy/DesignSystem.hpp:9:
In file included from /Users/zacharyzhang/Documents/GitHub/Earthcall/src/OurVerse/Tool.hpp:5:
In file included from /Users/zacharyzhang/Documents/GitHub/Earthcall/src/ConstructedBeing/Object/Object.hpp:40:
/Users/zacharyzhang/Documents/GitHub/Earthcall/src/ConstructedBeing/Object/Geometry/Sdf.hpp:46:1: warning: 'SdfNode' defined as a struct here but previously declared as a class; this is valid, but may result in linker errors under the Microsoft C++ ABI [-Wmismatched-tags]
   46 | struct SdfNode {
      | ^
/Users/zacharyzhang/Documents/GitHub/Earthcall/src/ConstructedBeing/Object/Object/ObjectTypes.hpp:19:5: note: did you mean struct here?
   19 |     class SdfNode;
      |     ^~~~~
      |     struct
 |     static void FacePaint(GLFWwindow* window, Core::Engine* engine game, ZoneManager& mgr, float dt,
      |                                                                    ^
/Users/zacharyzhang/Documents/GitHub/Earthcall/src/OurVerse/Tool.hpp:124:26: note: to match this '('
  124 |     static void FacePaint(GLFWwindow* window, Core::Engine* engine game, ZoneManager& mgr, float dt,
      |                          ^
/Users/zacharyzhang/Documents/GitHub/Earthcall/src/OurVerse/Tool.hpp:126:68: error: expected ')'
  126 |     static void FaceBrush(GLFWwindow* window, Core::Engine* engine game, ZoneManager& mgr, float dt,
      |                                                                    ^
/Users/zacharyzhang/Documents/GitHub/Earthcall/src/OurVerse/Tool.hpp:126:26: note: to match this '('
  126 |     static void FaceBrush(GLFWwindow* window, Core::Engine* engine game, ZoneManager& mgr, float dt,
      |                          ^
/Users/zacharyzhang/Documents/GitHub/Earthcall/src/OurVerse/Tool.hpp:128:70: error: expected ')'
  128 |     static void Selection3D(GLFWwindow* window, Core::Engine* engine game,
      |                                                                      ^
/Users/zacharyzhang/Documents/GitHub/Earthcall/src/OurVerse/Tool.hpp:128:28: note: to match this '('
  128 |     static void Selection3D(GLFWwindow* window, Core::Engine* engine game,
      |                            ^
/Users/zacharyzhang/Documents/GitHub/Earthcall/src/OurVerse/Tool.hpp:133:74: error: expected ')'
  133 |     static Object* PickObject3D(GLFWwindow* window, Core::Engine* engine game,
      |                                                                          ^
/Users/zacharyzhang/Documents/GitHub/Earthcall/src/OurVerse/Tool.hpp:133:32: note: to match this '('
  133 |     static Object* PickObject3D(GLFWwindow* window, Core::Engine* engine game,
      |                                ^
In file included from /Users/zacharyzhang/Documents/GitHub/Earthcall/src/OurVerse/ElementalToolHandler.cpp:1:
In file included from /Users/zacharyzhang/Documents/GitHub/Earthcall/src/OurVerse/ElementalToolHandler.hpp:3:
In file included from /Users/zacharyzhang/Documents/GitHub/Earthcall/src/ZonesOfEarth/ZoneManager.hpp:5:
In file included from /Users/zacharyzhang/Documents/GitHub/Earthcall/src/ZonesOfEarth/Zone/Zone.hpp:5:
In file included from /Users/zacharyzhang/Documents/GitHub/Earthcall/src/ZonesOfEarth/Zone/../World/World.hpp:5:
In file included from /Users/zacharyzhang/Documents/GitHub/Earthcall/src/ConstructedBeing/Object/Object.hpp:41:
/Users/zacharyzhang/Documents/GitHub/Earthcall/src/ConstructedBeing/Object/Geometry/Patch.hpp:16:1: warning: 'BezierPatch' defined as a struct here but previously declared as a class; this is valid, but may result in linker errors under the Microsoft C++ ABI [-Wmismatched-tags]
   16 | struct BezierPatch {
      | ^
/Users/zacharyzhang/Documents/GitHub/Earthcall/src/ConstructedBeing/Object/Object/ObjectTypes.hpp:21:5: note: did you mean struct here?
   21 |     class BezierPatch;
      |     ^~~~~
      |     struct
In file included from /Users/zacharyzhang/Documents/GitHub/Earthcall/src/Integration/EarthcallAPI.cpp:4:
In file included from /Users/zacharyzhang/Documents/GitHub/Earthcall/src/Legacy/DesignSystem.hpp:9:
In file included from /Users/zacharyzhang/Documents/GitHub/Earthcall/src/OurVerse/Tool.hpp:5:
In file included from /Users/zacharyzhang/Documents/GitHub/Earthcall/src/ConstructedBeing/Object/Object.hpp:41:
/Users/zacharyzhang/Documents/GitHub/Earthcall/src/ConstructedBeing/Object/Geometry/Patch.hpp:16:1: warning: 'BezierPatch' defined as a struct here but previously declared as a class; this is valid, but may result in linker errors under the Microsoft C++ ABI [-Wmismatched-tags]
   16 | struct BezierPatch {
      | ^
/Users/zacharyzhang/Documents/GitHub/Earthcall/src/ConstructedBeing/Object/Object/ObjectTypes.hpp:21:5: note: did you mean struct here?
   21 |     class BezierPatch;
      |     ^~~~~
      |     struct
In file included from /Users/zacharyzhang/Documents/GitHub/Earthcall/src/Legacy/DesignSystem.cpp:1:
In file included from /Users/zacharyzhang/Documents/GitHub/Earthcall/src/Legacy/DesignSystem.hpp:9:
In file included from /Users/zacharyzhang/Documents/GitHub/Earthcall/src/OurVerse/Tool.hpp:5:
In file included from /Users/zacharyzhang/Documents/GitHub/Earthcall/src/ConstructedBeing/Object/Object.hpp:41:
/Users/zacharyzhang/Documents/GitHub/Earthcall/src/ConstructedBeing/Object/Geometry/Patch.hpp:16:1: warning: 'BezierPatch' defined as a struct here but previously declared as a class; this is valid, but may result in linker errors under the Microsoft C++ ABI [-Wmismatched-tags]
   16 | struct BezierPatch {
      | ^
/Users/zacharyzhang/Documents/GitHub/Earthcall/src/ConstructedBeing/Object/Object/ObjectTypes.hpp:21:5: note: did you mean struct here?
   21 |     class BezierPatch;
      |     ^~~~~
      |     struct
In file included from /Users/zacharyzhang/Documents/GitHub/Earthcall/src/Integration/EarthcallAPI.cpp:4:
In file included from /Users/zacharyzhang/Documents/GitHub/Earthcall/src/Legacy/DesignSystem.hpp:9:
/Users/zacharyzhang/Documents/GitHub/Earthcall/src/OurVerse/Tool.hpp:28:61: error: expected ')'
   28 | bool buildMouseRay(GLFWwindow* window, Core::Engine* engine game, glm::vec3& rayOrigin, glm::vec3& rayDir);
      |                                                             ^
/Users/zacharyzhang/Documents/GitHub/Earthcall/src/OurVerse/Tool.hpp:28:19: note: to match this '('
   28 | bool buildMouseRay(GLFWwindow* window, Core::Engine* engine game, glm::vec3& rayOrigin, glm::vec3& rayDir);
      |                   ^
/Users/zacharyzhang/Documents/GitHub/Earthcall/src/OurVerse/Tool.hpp:120:68: error: expected ')'
  120 |     static void Pottery3D(GLFWwindow* window, Core::Engine* engine game, ZoneManager& mgr, float dt,
      |                                                                    ^
/Users/zacharyzhang/Documents/GitHub/Earthcall/src/OurVerse/Tool.hpp:120:26: note: to match this '('
  120 |     static void Pottery3D(GLFWwindow* window, Core::Engine* engine game, ZoneManager& mgr, float dt,
      |                          ^
/Users/zacharyzhang/Documents/GitHub/Earthcall/src/OurVerse/Tool.hpp:122:67: error: expected ')'
  122 |     static void Rotate3D(GLFWwindow* window, Core::Engine* engine game, ZoneManager& mgr, float dt,
      |                                                                   ^
/Users/zacharyzhang/Documents/GitHub/Earthcall/src/OurVerse/Tool.hpp:122:25: note: to match this '('
  122 |     static void Rotate3D(GLFWwindow* window, Core::Engine* engine game, ZoneManager& mgr, float dt,
      |                         ^
/Users/zacharyzhang/Documents/GitHub/Earthcall/src/OurVerse/Tool.hpp:124:68: error: expected ')'
  124 |     static void FacePaint(GLFWwindow* window, Core::Engine* engine game, ZoneManager& mgr, float dt,
      |                                                                    ^
/Users/zacharyzhang/Documents/GitHub/Earthcall/src/OurVerse/Tool.hpp:124:26: note: to match this '('
  124 |     static void FacePaint(GLFWwindow* window, Core::Engine* engine game, ZoneManager& mgr, float dt,
      |                          ^
/Users/zacharyzhang/Documents/GitHub/Earthcall/src/OurVerse/Tool.hpp:126:68: error: expected ')'
  126 |     static void FaceBrush(GLFWwindow* window, Core::Engine* engine game, ZoneManager& mgr, float dt,
      |                                                                    ^
/Users/zacharyzhang/Documents/GitHub/Earthcall/src/OurVerse/Tool.hpp:126:26: note: to match this '('
  126 |     static void FaceBrush(GLFWwindow* window, Core::Engine* engine gaIn file included from /Users/zacharyzhang/Documents/GitHub/Earthcall/src/Legacy/DesignSystem.cpp:1:
In file included from /Users/zacharyzhang/Documents/GitHub/Earthcall/src/Legacy/DesignSystem.hpp:9:
/Users/zacharyzhang/Documents/GitHub/Earthcall/src/OurVerse/Tool.hpp:28:61: error: expected ')'me, Zone
Manag   28 | bool buildMouser& eRay(GLFWwindow* window, Core::Engine* enginmgr,e game, glm:: float dt,
vec      |                          ^
3& rayOrigin, glm:/Users/zacharyzhang/Documents/GitHub/Earthcall/src/OurVerse/Tool.hpp:128:70: error: expected ')'
:vec3& r  128 |     statayDir)ic voi;
      |                                                             ^d Sel
/Users/zacharyzhang/Documents/GitHub/Earthcall/src/OurVerse/Tool.hpp:28:19: note: to match this '('
ec   28 | bool bution3ildMoD(GLFWwindow* window, CoreuseRay::Engine*(GLFWwindow* window, Core::Engine* engin engine game,
      e game, glm:|                                                                      ^
:vec3& rayO/Users/zacharyzhang/Documents/GitHub/Earthcall/src/OurVerse/Tool.hpp:128:28: rigin, glnote: to match this '('
  128 |    m::vec3& ray staDir);
      |                   ^
tic void Selection3D(GLFWwindow* window, Core::Engine* engine game,
      |                            ^
/Users/zacharyzhang/Documents/GitHub/Earthcall/src/OurVerse/Tool.hpp:133:74: error: expected ')'
  133 |     static Object* PickObject3D(GLFWwindow* win/Users/zacharyzhang/Documents/GitHub/Earthcall/src/OurVerse/Tool.hpp:120:68:dow, Core::Eng error: expected ')'
  120 |     static void Pottery3D(Gine* engine gaLFme,
      |                                                                          ^
/Users/zacharyzhang/Documents/GitHub/Earthcall/src/OurVerse/Tool.hpp:133:32Wwindow* window, Core::Engine* : note: to match this '('engine game, ZoneManager& mgr, float
  133 |     st dt,
      |                                                                    ^
/Users/zacharyzhang/Documents/GitHub/Earthcall/src/OurVerse/Tool.hpp:120:26: note: to match this '('
  120 |    atic Object* PickObje static void Pcottert3D(GLFWwindy3D(Gow* windoLFWwindw, Core::Engine* engine game,
      |                                ^
ow* window, Core::Engine* engine game, ZoneManager& mgr, float dt,
      |                          ^
/Users/zacharyzhang/Documents/GitHub/Earthcall/src/OurVerse/Tool.hpp:122:67: error: expected ')'
  122 |     static void Rotate3D(GLFWwindow* window, Core::Engine* engine game, ZoneManager& mgr, float dt,
      |                                                                   ^
/Users/zacharyzhang/Documents/GitHub/Earthcall/src/OurVerse/Tool.hpp:122:25: note: to match this '('
  122 |     static void Rotate3D(GLFWwindow* window, Core::Engine* engine game, ZoneManager& mgr, float dt,
      |                         ^
/Users/zacharyzhang/Documents/GitHub/Earthcall/src/OurVerse/Tool.hpp:124:68: error: expected ')'
  124 |     static void FacePaint(GLFWwindow* window, Core::Engine* engine game, ZoneManager& mgr, float dt,
      |                                                                    ^
/Users/zacharyzhang/Documents/GitHub/Earthcall/src/OurVerse/Tool.hpp:124:26: note: to match this '('
  124 |     static void FacePaint(GLFWwindow* window, Core::Engine* engine game, ZoneManaIn file included from ger& mgr, float dt,
      |                          ^
/Users/zacharyzhang/Documents/GitHub/Earthcall/src/OurVerse/ElementalToolHandler.cpp:1:
In file included from /Users/zacharyzhang/Documents/GitHub/Earthcall/src/OurVerse/Tool.hpp:126:68: error: expected ')'
  126 |     static void FaceBrus/Users/zacharyzhang/Documents/GitHub/Earthcall/src/OurVerse/ElementalToolHandler.hpp:3:
In file included from /Users/zacharyzhang/Documents/GitHub/Earthcall/src/ZonesOfEarth/ZoneManager.hpp:5:
In file included from /Users/zacharyzhang/Documents/GitHub/Earthcall/src/ZonesOfEarth/Zone/Zone.hpp:10:
In file included from /Users/zacharyzhang/Documents/GitHub/Earthcall/src/Legacy/DesignSystem.hpp:9:
/Users/zacharyzhang/Documents/GitHub/Earthcall/src/OurVerse/Tool.hpp:28:61: error: expected ')'
h(GLFWw   28 | bindow* window, Core::Engine* engool buildMouine game, ZoneManagseRay(GLFWwier& mgr, float dt,
ndow* windo      |                                                                    ^
w, Core::Engine* /Users/zacharyzhang/Documents/GitHub/Earthcall/src/OurVerse/Tool.hpp:126:26:engine game, glm::vec3&  note: to match this '('
rayOrigin, glm::vec3&   ra126 |     static voiyDid FaceBrr);
      |                                                             ^
ush(GLFWwindow* /Users/zacharyzhang/Documents/GitHub/Earthcall/src/OurVerse/Tool.hpp:28:19:window, Core note: ::Engine* eto match this '('
ngine game, ZoneManager& mg   28 | bool buildMouseRay(GLFWwindow* window, Core::Engine* engine game, glm::vec3& rayOrigin, glm::vec3& rayDir);
      |                   ^
r, float dt,
      |                          ^
/Users/zacharyzhang/Documents/GitHub/Earthcall/src/OurVerse/Tool.hpp:120:68: error: expected ')'
  120 |     static void Pottery3D(GLFWwindow* window, Core::Engine* engine game, ZoneManage/Users/zacharyzhang/Documents/GitHub/Earthcall/src/OurVerse/Tool.hpp:128:70:r& mgr, float dt,
      |                                                                    ^
/Users/zacharyzhang/Documents/GitHub/Earthcall/src/OurVerse/Tool.hpp:120:26: error: expected ')'
   128 |     static note: to match this '('
v  120oid  |     sSelection3Dtatic(GLFWwindow* win void Pottery3D(dow, GLFWwindCore::Enow* window, Core::Engine* gine* engine game,
      |                                                                      ^
engine game, ZoneManag/Users/zacharyzhang/Documents/GitHub/Earthcall/src/OurVerse/Tool.hpp:128:28: note: to match this '('
  128 |     static void Selection3D(GLFWwindow* window, Core::Engine* engine game,
      |                            ^
er& mgr, f/Users/zacharyzhang/Documents/GitHub/Earthcall/src/OurVerse/Tool.hpp:133loat dt,
      | :74: error: expected ')'                         ^

  133 |     static Object*/Users/zacharyzhang/Documents/GitHub/Earthcall/src/OurVerse/Tool.hpp:122:67: error:  PickOexpected ')'
bj  122 |     staect3D(GLFWwindow* window, Core::Engine* engine game,
      |                                                                          ^
/Users/zacharyzhang/Documents/GitHub/Earthcall/src/OurVerse/Tool.hpp:133:32: note: to match this '('
  133 |     static Object* PickObjectti3D(GLFWwindow* wic ndow, Core::Engine* enginevoid Rotate3D(GLFWwindow* window, Core::Engine* engine game,  gamZonee,
      |                                ^
Manager& mgr, float dt,
      |                                                                   ^
/Users/zacharyzhang/Documents/GitHub/Earthcall/src/OurVerse/Tool.hpp:122:25: note: to match this '('
  122 |     static void Rotate3D(GLFWwindow* window, Core::Engine* engine game, ZoneManager& mgr, float dt,
      |                         ^
/Users/zacharyzhang/Documents/GitHub/Earthcall/src/OurVerse/Tool.hpp:124:68: error: expected ')'
  124 |     static void FacePaint(GLFWwindow* window, Core::Engine* engine game, ZoneManager& mgr, float dt,
      |                                                                    ^
/Users/zacharyzhang/Documents/GitHub/Earthcall/src/OurVerse/Tool.hpp:124:26: note: to match this '('
  124 |     static void FacePaint(GLFWwindow* window, Core::Engine* engine game, ZoneManager& mgr, float dt,
      |                          ^
/Users/zacharyzhang/Documents/GitHub/Earthcall/src/OurVerse/Tool.hpp:126:68: error: expected ')'
  126 |     static void FaceBr/Users/zacharyzhang/Documents/GitHub/Earthcall/src/OurVerse/Tool.cpp:233:61ush(GLFWwindow* window, Core::Engi: error: expected ')'
ne* e  233 | bool buildMngiousne game, eRayZoneManager& mgr, float dt,
      |                                                                    ^
(GLFWwindo/Users/zacharyzhang/Documents/GitHub/Earthcall/src/OurVerse/Tool.hpp:126:26:w note: to match this '('
*   126 |     stawitic vndooid Fw, Core::EnaceBrush(GLFWwindogine* ew* windongiw, Cne gamore::Ene, glm::vec3& rayOriggine* engine game, ZoneManager& mgr, floatin, glm::vec3& rayDir) {
      |                                                             ^
/Users/zacharyzhang/Documents/GitHub/Earthcall/src/OurVerse/Tool.cpp:233:19: note: to match this '('
 dt,
      |                          ^
  233 | bool buildMouseRay(GLFW/Users/zacharyzhang/Documents/GitHub/Earthcall/src/OurVerse/Tool.hppw:128:70: error: expected ')'
indow  128 |    *  static void Selection3D(window, Core::EGLFWnginwindow* e* engine windowgame, glm::vec3& rayOrigin, glm::v, ec3&Core: rayD:Eir)ng {
      | ine* eng                  ^
ine game,
      |                                                                      ^
/Users/zacharyzhang/Documents/GitHub/Earthcall/src/OurVerse/Tool.hpp:128:28: note: to match this '('
  128 |     static void Selection3D(GLFWwindow* window, Core::Engine* engine game,
      |                            ^
/Users/zacharyzhang/Documents/GitHub/Earthcall/src/OurVerse/Tool.hpp:133:74: error: expected ')'
  133 |     static Object* PickObject3D(GLFWwindow* window, Core::Engine* engine game,
      |                                                                          ^
/Users/zacharyzhang/Documents/GitHub/Earthcall/src/OurVerse/Tool.hpp:133:32: note: to match this '('
  133 |     static Object* PickObject3D(GLFWwindow* window, Core::Engine* engine game,
      |                                ^
/Users/zacharyzhang/Documents/GitHub/Earthcall/src/OurVerse/Tool.cpp:234:21: error: use of undeclared identifier 'game'
  234 |     if (!window || !game) return false;
      |                     ^~~~
/Users/zacharyzhang/Documents/GitHub/Earthcall/src/OurVerse/Tool.cpp:236:40: error: member access into incomplete type 'class Camera'
  236 |     const int* vp = engine->getCamera()->getViewport();
      |                                        ^
/Users/zacharyzhang/Documents/GitHub/Earthcall/src/Singularity/Core/Engine.hpp:41:11: note: forward declaration of 'Core::Camera'
   41 |     class Camera* getCamera();
      |           ^
/Users/zacharyzhang/Documents/GitHub/Earthcall/src/OurVerse/Tool.cpp:240:17: error: no member named 'isCursorLocked' in 'Core::Engine'
  240 |     if (engine->isCursorLocked()) {
      |         ~~~~~~  ^
/Users/zacharyzhang/Documents/GitHub/Earthcall/src/OurVerse/Tool.cpp:260:57: error: member access into incomplete type 'class Camera'
  260 |     ecgl::unProject(winX, winY, 0.0, engine->getCamera()->getModelview(), engine->getCamera()->getProjection(),
      |                                                         ^
/Users/zacharyzhang/Documents/GitHub/Earthcall/src/Singularity/Core/Engine.hpp:41:11: note: forward declaration of 'Core::Camera'
   41 |     class Camera* getCamera();
      |           ^
/Users/zacharyzhang/Documents/GitHub/Earthcall/src/OurVerse/Tool.cpp:260:94: error: member access into incomplete type 'class Camera'
  260 |     ecgl::unProject(winX, winY, 0.0, engine->getCamera()->getModelview(), engine->getCamera()->getProjection(),
      |                                                                                              ^
/Users/zacharyzhang/Documents/GitHub/Earthcall/src/Singularity/Core/Engine.hpp:41:11: note: forward declaration of 'Core::Camera'
   41 |     class Camera* getCamera();
      |           ^
/Users/zacharyzhang/Documents/GitHub/Earthcall/src/OurVerse/Tool.cpp:261:37: error: member access into incomplete type 'class Camera'
  261 |                  engine->getCamera()->getViewport(), &nearX, &nearY, &nearZ);
      |                                     ^
/Users/zacharyzhang/Documents/GitHub/Earthcall/src/Singularity/Core/Engine.hpp:41:11: note: forward declaration of 'Core::Camera'
   41 |     class Camera* getCamera();
      |           ^
/Users/zacharyzhang/Documents/GitHub/Earthcall/src/OurVerse/Tool.cpp:262:57: error: member access into incomplete type 'class Camera'
  262 |     ecgl::unProject(winX, winY, 1.0, engine->getCamera()->getModelview(), engine->getCamera()->getProjection(),
      |                                                         ^
/Users/zacharyzhang/Documents/GitHub/Earthcall/src/Singularity/Core/Engine.hpp:41:11: note: forward declaration of 'Core::Camera'
   41 |     class Camera* getCamera();
      |           ^
/Users/zacharyzhang/Documents/GitHub/Earthcall/src/OurVerse/Tool.cpp:262:94: error: member access into incomplete type 'class Camera'
  262 |     ecgl::unProject(winX, winY, 1.0, engine->getCamera()->getModelview(), engine->getCamera()->getProjection(),
      |                                                                                              ^
/Users/zacharyzhang/Documents/GitHub/Earthcall/src/Singularity/Core/Engine.hpp:41:11: note: forward declaration of 'Core::Camera'
   41 |     class Camera* getCamera();
      |           ^
/Users/zacharyzhang/Documents/GitHub/Earthcall/src/OurVerse/Tool.cpp:263:37: error: member access into incomplete type 'class Camera'
  263 |                  engine->getCamera()->getViewport(), &farX, &farY, &farZ);
      |                                     ^
/Users/zacharyzhang/Documents/GitHub/Earthcall/src/Singularity/Core/Engine.hpp:41:11: note: forward declaration of 'Core::Camera'
   41 |     class Camera* getCamera();
      |           ^
/Users/zacharyzhang/Documents/GitHub/Earthcall/src/OurVerse/Tool.cpp:265:5: error: use of undeclared identifier 'rayOrigin'
  265 |     rayOrigin = glm::vec3(nearX, nearY, nearZ);
      |     ^~~~~~~~~
/Users/zacharyzhang/Documents/GitHub/Earthcall/src/OurVerse/CursorTools.cpp:33:50: error: member reference type 'class MouseHandler *' is a pointer; did you mean to use '->'?
   33 |     const float mouseX = engine.getMouseHandler().getCursorX();
      |                          ~~~~~~~~~~~~~~~~~~~~~~~~^
      |                                                  ->
/Users/zacharyzhang/Documents/GitHub/Earthcall/src/OurVerse/CursorTools.cpp:33:50: error: incomplete definition of type 'class MouseHandler'
   33 |     const float mouseX = engine.getMouseHandler().getCursorX();
      |                          ~~~~~~~~~~~~~~~~~~~~~~~~^
/Users/zacharyzhang/Documents/GitHub/Earthcall/src/Singularity/Core/Engine.hpp:45:11: note: forward declaration of 'Core::MouseHandler'
   45 |     class MouseHandler* getMouseHandler();
      |           ^
/Users/zacharyzhang/Documents/GitHub/Earthcall/src/OurVerse/CursorTools.cpp:34:50: error: member reference type 'class MouseHandler *' is a pointer; did you mean to use '->'?
   34 |     const float mouseY = engine.getMouseHandler().getCursorY();
      |                          ~~~~~~~~~~~~~~~~~~~~~~~~^
      |                                                  ->
/Users/zacharyzhang/Documents/GitHub/Earthcall/src/OurVerse/CursorTools.cpp:34:50: error: incomplete definition of type 'class MouseHandler'
   34 |     const float mouseY = engine.getMouseHandler().getCursorY();
      |                          ~~~~~~~~~~~~~~~~~~~~~~~~^
/Users/zacharyzhang/Documents/GitHub/Earthcall/src/Singularity/Core/Engine.hpp:45:11: note: forward declaration of 'Core::MouseHandler'
   45 |     class MouseHandler* getMouseHandler();
      |           ^
/Users/zacharyzhang/Documents/GitHub/Earthcall/src/OurVerse/CursorTools.cpp:35:28: error: no member named 'getCameraViewport' in 'Core::Engine'
   35 |     const int* vp = engine.getCameraViewport();
      |                     ~~~~~~ ^
/Users/zacharyzhang/Documents/GitHub/Earthcall/src/OurVerse/CursorTools.cpp:36:33: error: no member named 'getCameraModelview' in 'Core::Engine'
   36 |     const GLdouble* mv = engine.getCameraModelview();
      |                          ~~~~~~ ^
/Users/zacharyzhang/Documents/GitHub/Earthcall/src/OurVerse/CursorTools.cpp:37:33: error: no member named 'getCameraProjection' in 'Core::Engine'
   37 |     const GLdouble* pr = engine.getCameraProjection();
      |                          ~~~~~~ ^
/Users/zacharyzhang/Documents/GitHub/Earthcall/src/OurVerse/Tool.cpp:266:5: error: use of undeclared identifier 'rayDir'
  266 |     rayDir = glm::normalize(glm::vec3(farX, farY, farZ) - rayOrigin);
      |     ^~~~~~
fatal error: too many errors emitted, stopping now [-ferror-limit=]
/Users/zacharyzhang/Documents/GitHub/Earthcall/src/OurVerse/CursorTools.cpp:76:44: error: use of undeclared identifier 'game'
   76 |         Object* hit = pickObjectAtCursor3D(game);
      |                                            ^~~~
/Users/zacharyzhang/Documents/GitHub/Earthcall/src/OurVerse/CursorTools.cpp:70:40: warning: unused parameter 'engine' [-Wunused-parameter]
   70 | void CursorTools::update(Core::Engine& engine) {
      |                                        ^
7 warnings and 20 errors generated.
make[3]: *** [CMakeFiles/earthcall_core.dir/src/OurVerse/Tool.cpp.o] Error 1
In file included from /Users/zacharyzhang/Documents/GitHub/Earthcall/src/OurVerse/ElementalToolHandler.cpp:1:
/Users/zacharyzhang/Documents/GitHub/Earthcall/src/OurVerse/ElementalToolHandler.hpp:15:50: error: expected ')'
   15 |     void tool_status_update(Core::Engine* engine game, GLFWwindow* window);
      |                                                  ^
/Users/zacharyzhang/Documents/GitHub/Earthcall/src/OurVerse/ElementalToolHandler.hpp:15:28: note: to match this '('
   15 |     void tool_status_update(Core::Engine* engine game, GLFWwindow* window);
      |                            ^
/Users/zacharyzhang/Documents/GitHub/Earthcall/src/OurVerse/ElementalToolHandler.cpp:96:68: error: expected ')'
   96 | void ElementalToolHandler::tool_status_update(Core::Engine* engine game, GLFWwindow* window) {
      |                                                                    ^
/Users/zacharyzhang/Documents/GitHub/Earthcall/src/OurVerse/ElementalToolHandler.cpp:96:46: note: to match this '('
   96 | void ElementalToolHandler::tool_status_update(Core::Engine* engine game, GLFWwindow* window) {
      |                                              ^
/Users/zacharyzhang/Documents/GitHub/Earthcall/src/OurVerse/ElementalToolHandler.cpp:97:11: error: use of undeclared identifier 'game'
   97 |     (void)game;
      |           ^~~~
/Users/zacharyzhang/Documents/GitHub/Earthcall/src/OurVerse/ElementalToolHandler.cpp:98:11: error: use of undeclared identifier 'window'
   98 |     (void)window;
      |           ^~~~~~
/Users/zacharyzhang/Documents/GitHub/Earthcall/src/OurVerse/ElementalToolHandler.cpp:96:61: warning: unused parameter 'engine' [-Wunused-parameter]
   96 | void ElementalToolHandler::tool_status_update(Core::Engine* engine game, GLFWwindow* window) {
      |                                                             ^
8 warnings and 15 errors generated.
make[3]: *** [CMakeFiles/earthcall_core.dir/src/OurVerse/CursorTools.cpp.o] Error 1
8 warnings and 11 errors generated.
make[3]: *** [CMakeFiles/earthcall_core.dir/src/OurVerse/ElementalToolHandler.cpp.o] Error 1
7 warnings and 7 errors generated.
make[3]: *** [CMakeFiles/earthcall_core.dir/src/Integration/EarthcallAPI.cpp.o] Error 1
7 warnings generated.
In file included from /Users/zacharyzhang/Documents/GitHub/Earthcall/src/Integration/RealWebView.cpp:8:
In file included from /Users/zacharyzhang/Documents/GitHub/Earthcall/src/Integration/../Legacy/DesignSystem.hpp:9:
In file included from /Users/zacharyzhang/Documents/GitHub/Earthcall/src/OurVerse/Tool.hpp:5:
In file included from /Users/zacharyzhang/Documents/GitHub/Earthcall/src/ConstructedBeing/Object/Object.hpp:35:
/Users/zacharyzhang/Documents/GitHub/Earthcall/src/ConstructedBeing/Object/Object/PolyhedronData.hpp:12:1: warning: 'PolyhedronData' defined as a struct here but previously declared as a class; this is valid, but may result in linker errors under the Microsoft C++ ABI [-Wmismatched-tags]
   12 | struct PolyhedronData {
      | ^
/Users/zacharyzhang/Documents/GitHub/Earthcall/src/ConstructedBeing/Object/Object/ObjectTypes.hpp:24:1: note: did you mean struct here?
   24 | class PolyhedronData;
      | ^~~~~
      | struct
In file included from /Users/zacharyzhang/Documents/GitHub/Earthcall/src/Integration/RealWebView.cpp:8:
In file included from /Users/zacharyzhang/Documents/GitHub/Earthcall/src/Integration/../Legacy/DesignSystem.hpp:9:
In file included from /Users/zacharyzhang/Documents/GitHub/Earthcall/src/OurVerse/Tool.hpp:5:
In file included from /Users/zacharyzhang/Documents/GitHub/Earthcall/src/ConstructedBeing/Object/Object.hpp:36:
In file included from /Users/zacharyzhang/Documents/GitHub/Earthcall/src/ConstructedBeing/Object/Object/FaceTexture.hpp:3:
In file included from /Users/zacharyzhang/Documents/GitHub/Earthcall/src/Rendering/Renderer.hpp:4:
/Users/zacharyzhang/Documents/GitHub/Earthcall/src/ConstructedBeing/Object/Geometry/SmoothSurface.hpp:23:1: warning: 'TessMesh' defined as a struct here but previously declared as a class; this is valid, but may result in linker errors under the Microsoft C++ ABI [-Wmismatched-tags]
   23 | struct TessMesh {
      | ^
/Users/zacharyzhang/Documents/GitHub/Earthcall/src/ConstructedBeing/Object/Object/ObjectTypes.hpp:20:5: note: did you mean struct here?
   20 |     class TessMesh;
      |     ^~~~~
      |     struct
In file included from /Users/zacharyzhang/Documents/GitHub/Earthcall/src/Integration/RealWebView.cpp:8:
In file included from /Users/zacharyzhang/Documents/GitHub/Earthcall/src/Integration/../Legacy/DesignSystem.hpp:9:
In file included from /Users/zacharyzhang/Documents/GitHub/Earthcall/src/OurVerse/Tool.hpp:5:
In file included from /Users/zacharyzhang/Documents/GitHub/Earthcall/src/ConstructedBeing/Object/Object.hpp:36:
In file included from /Users/zacharyzhang/Documents/GitHub/Earthcall/src/ConstructedBeing/Object/Object/FaceTexture.hpp:3:
In file included from /Users/zacharyzhang/Documents/GitHub/Earthcall/src/Rendering/Renderer.hpp:4:
/Users/zacharyzhang/Documents/GitHub/Earthcall/src/ConstructedBeing/Object/Geometry/SmoothSurface.hpp:27:1: warning: 'SmoothSurfaceData' defined as a struct here but previously declared as a class; this is valid, but may result in linker errors under the Microsoft C++ ABI [-Wmismatched-tags]
   27 | struct SmoothSurfaceData {
      | ^
/Users/zacharyzhang/Documents/GitHub/Earthcall/src/ConstructedBeing/Object/Object/ObjectTypes.hpp:17:5: note: did you mean struct here?
   17 |     class SmoothSurfaceData;
      |     ^~~~~
      |     struct
In file included from /Users/zacharyzhang/Documents/GitHub/Earthcall/src/Integration/RealWebView.cpp:8:
In file included from /Users/zacharyzhang/Documents/GitHub/Earthcall/src/Integration/../Legacy/DesignSystem.hpp:9:
In file included from /Users/zacharyzhang/Documents/GitHub/Earthcall/src/OurVerse/Tool.hpp:5:
In file included from /Users/zacharyzhang/Documents/GitHub/Earthcall/src/ConstructedBeing/Object/Object.hpp:36:
In file included from /Users/zacharyzhang/Documents/GitHub/Earthcall/src/ConstructedBeing/Object/Object/FaceTexture.hpp:3:
/Users/zacharyzhang/Documents/GitHub/Earthcall/src/Rendering/Renderer.hpp:10:18: warning: struct 'SdfNode' was previously declared as a class; this is valid, but may result in linker errors under the Microsoft C++ ABI [-Wmismatched-tags]
   10 | namespace geom { struct SdfNode; class FieldNode; }
      |                  ^
/Users/zacharyzhang/Documents/GitHub/Earthcall/src/ConstructedBeing/Object/Object/ObjectTypes.hpp:19:11: note: previous use is here
   19 |     class SdfNode;
      |           ^
In file included from /Users/zacharyzhang/Documents/GitHub/Earthcall/src/Integration/RealWebView.cpp:8:
In file included from /Users/zacharyzhang/Documents/GitHub/Earthcall/src/Integration/../Legacy/DesignSystem.hpp:9:
In file included from /Users/zacharyzhang/Documents/GitHub/Earthcall/src/OurVerse/Tool.hpp:5:
In file included from /Users/zacharyzhang/Documents/GitHub/Earthcall/src/ConstructedBeing/Object/Object.hpp:39:
/Users/zacharyzhang/Documents/GitHub/Earthcall/src/ConstructedBeing/Object/Geometry/ComplexShape.hpp:70:1: warning: 'ComplexShapeData' defined as a struct here but previously declared as a class; this is valid, but may result in linker errors under the Microsoft C++ ABI [-Wmismatched-tags]
   70 | struct ComplexShapeData {
      | ^
/Users/zacharyzhang/Documents/GitHub/Earthcall/src/ConstructedBeing/Object/Object/ObjectTypes.hpp:18:5: note: did you mean struct here?
   18 |     class ComplexShapeData;
      |     ^~~~~
      |     struct
In file included from /Users/zacharyzhang/Documents/GitHub/Earthcall/src/Integration/RealWebView.cpp:8:
In file included from /Users/zacharyzhang/Documents/GitHub/Earthcall/src/Integration/../Legacy/DesignSystem.hpp:9:
In file included from /Users/zacharyzhang/Documents/GitHub/Earthcall/src/OurVerse/Tool.hpp:5:
In file included from /Users/zacharyzhang/Documents/GitHub/Earthcall/src/ConstructedBeing/Object/Object.hpp:40:
/Users/zacharyzhang/Documents/GitHub/Earthcall/src/ConstructedBeing/Object/Geometry/Sdf.hpp:46:1: warning: 'SdfNode' defined as a struct here but previously declared as a class; this is valid, but may result in linker errors under the Microsoft C++ ABI [-Wmismatched-tags]
   46 | struct SdfNode {
      | ^
/Users/zacharyzhang/Documents/GitHub/Earthcall/src/ConstructedBeing/Object/Object/ObjectTypes.hpp:19:5: note: did you mean struct here?
   19 |     class SdfNode;
      |     ^~~~~
      |     struct
In file included from /Users/zacharyzhang/Documents/GitHub/Earthcall/src/Integration/RealWebView.cpp:8:
In file included from /Users/zacharyzhang/Documents/GitHub/Earthcall/src/Integration/../Legacy/DesignSystem.hpp:9:
In file included from /Users/zacharyzhang/Documents/GitHub/Earthcall/src/OurVerse/Tool.hpp:5:
In file included from /Users/zacharyzhang/Documents/GitHub/Earthcall/src/ConstructedBeing/Object/Object.hpp:41:
/Users/zacharyzhang/Documents/GitHub/Earthcall/src/ConstructedBeing/Object/Geometry/Patch.hpp:16:1: warning: 'BezierPatch' defined as a struct here but previously declared as a class; this is valid, but may result in linker errors under the Microsoft C++ ABI [-Wmismatched-tags]
   16 | struct BezierPatch {
      | ^
/Users/zacharyzhang/Documents/GitHub/Earthcall/src/ConstructedBeing/Object/Object/ObjectTypes.hpp:21:5: note: did you mean struct here?
   21 |     class BezierPatch;
      |     ^~~~~
      |     struct
In file included from /Users/zacharyzhang/Documents/GitHub/Earthcall/src/Integration/RealWebView.cpp:8:
In file included from /Users/zacharyzhang/Documents/GitHub/Earthcall/src/Integration/../Legacy/DesignSystem.hpp:9:
/Users/zacharyzhang/Documents/GitHub/Earthcall/src/OurVerse/Tool.hpp:28:61: error: expected ')'
   28 | bool buildMouseRay(GLFWwindow* window, Core::Engine* engine game, glm::vec3& rayOrigin, glm::vec3& rayDir);
      |                                                             ^
/Users/zacharyzhang/Documents/GitHub/Earthcall/src/OurVerse/Tool.hpp:28:19: note: to match this '('
   28 | bool buildMouseRay(GLFWwindow* window, Core::Engine* engine game, glm::vec3& rayOrigin, glm::vec3& rayDir);
      |                   ^
/Users/zacharyzhang/Documents/GitHub/Earthcall/src/OurVerse/Tool.hpp:120:68: error: expected ')'
  120 |     static void Pottery3D(GLFWwindow* window, Core::Engine* engine game, ZoneManager& mgr, float dt,
      |                                                                    ^
/Users/zacharyzhang/Documents/GitHub/Earthcall/src/OurVerse/Tool.hpp:120:26: note: to match this '('
  120 |     static void Pottery3D(GLFWwindow* window, Core::Engine* engine game, ZoneManager& mgr, float dt,
      |                          ^
/Users/zacharyzhang/Documents/GitHub/Earthcall/src/OurVerse/Tool.hpp:122:67: error: expected ')'
  122 |     static void Rotate3D(GLFWwindow* window, Core::Engine* engine game, ZoneManager& mgr, float dt,
      |                                                                   ^
/Users/zacharyzhang/Documents/GitHub/Earthcall/src/OurVerse/Tool.hpp:122:25: note: to match this '('
  122 |     static void Rotate3D(GLFWwindow* window, Core::Engine* engine game, ZoneManager& mgr, float dt,
      |                         ^
/Users/zacharyzhang/Documents/GitHub/Earthcall/src/OurVerse/Tool.hpp:124:68: error: expected ')'
  124 |     static void FacePaint(GLFWwindow* window, Core::Engine* engine game, ZoneManager& mgr, float dt,
      |                                                                    ^
/Users/zacharyzhang/Documents/GitHub/Earthcall/src/OurVerse/Tool.hpp:124:26: note: to match this '('
  124 |     static void FacePaint(GLFWwindow* window, Core::Engine* engine game, ZoneManager& mgr, float dt,
      |                          ^
/Users/zacharyzhang/Documents/GitHub/Earthcall/src/OurVerse/Tool.hpp:126:68: error: expected ')'
  126 |     static void FaceBrush(GLFWwindow* window, Core::Engine* engine game, ZoneManager& mgr, float dt,
      |                                                                    ^
/Users/zacharyzhang/Documents/GitHub/Earthcall/src/OurVerse/Tool.hpp:126:26: note: to match this '('
  126 |     static void FaceBrush(GLFWwindow* window, Core::Engine* engine game, ZoneManager& mgr, float dt,
      |                          ^
/Users/zacharyzhang/Documents/GitHub/Earthcall/src/OurVerse/Tool.hpp:128:70: error: expected ')'
  128 |     static void Selection3D(GLFWwindow* window, Core::Engine* engine game,
      |                                                                      ^
/Users/zacharyzhang/Documents/GitHub/Earthcall/src/OurVerse/Tool.hpp:128:28: note: to match this '('
  128 |     static void Selection3D(GLFWwindow* window, Core::Engine* engine game,
      |                            ^
/Users/zacharyzhang/Documents/GitHub/Earthcall/src/OurVerse/Tool.hpp:133:74: error: expected ')'
  133 |     static Object* PickObject3D(GLFWwindow* window, Core::Engine* engine game,
      |                                                                          ^
/Users/zacharyzhang/Documents/GitHub/Earthcall/src/OurVerse/Tool.hpp:133:32: note: to match this '('
  133 |     static Object* PickObject3D(GLFWwindow* window, Core::Engine* engine game,
      |                                ^
/Users/zacharyzhang/Documents/GitHub/Earthcall/src/Integration/RealWebView.cpp:76:36: warning: 'javaScriptEnabled' is deprecated: first deprecated in macOS 11.0 - Use WKWebpagePreferences.allowsContentJavaScript to disable content JavaScript on a per-navigation basis [-Wdeprecated-declarations]
   76 |             _webConfig.preferences.javaScriptEnabled = YES;
      |                                    ^
/Library/Developer/CommandLineTools/SDKs/MacOSX.sdk/System/Library/Frameworks/WebKit.framework/Headers/WKPreferences.h:115:28: note: 'javaScriptEnabled' has been explicitly marked deprecated here
  115 | @property (nonatomic) BOOL javaScriptEnabled API_DEPRECATED("Use WKWebpagePreferences.allowsContentJavaScript to disable content JavaScript on a per-navigation basis", macos(10.10, 11.0), ios(8.0, 14.0));
      |                            ^
/Users/zacharyzhang/Documents/GitHub/Earthcall/src/Integration/RealWebView.cpp:100:9: warning: '__weak' only applies to Objective-C object or block pointer types; type here is 'RealWebView *' [-Wignored-attributes]
  100 |         __weak RealWebView* weakSelf = this;
      |         ^
/Users/zacharyzhang/Documents/GitHub/Earthcall/src/Integration/RealWebView.cpp:420:70: warning: unused parameter 'result' [-Wunused-parameter]
  420 |         [_webView evaluateJavaScript:nsScript completionHandler:^(id result, NSError* error) {
      |                                                                      ^
7 warnings and 7 errors generated.
make[3]: *** [CMakeFiles/earthcall_core.dir/src/Legacy/DesignSystem.cpp.o] Error 1
10 warnings and 7 errors generated.
make[3]: *** [CMakeFiles/earthcall_core.dir/src/Integration/RealWebView.cpp.o] Error 1
make[2]: *** [CMakeFiles/earthcall_core.dir/all] Error 2
make[1]: *** [CMakeFiles/earthcall.dir/rule] Error 2
make: *** [earthcall] Error 2
